Archive member included to satisfy reference by file (symbol)

/Applications/VEXcode V5 Text.app/Contents/Resources/sdk/vexv5/libv5rt.a(v5_startup.c.obj)
                              (vexStartup)
/Applications/VEXcode V5 Text.app/Contents/Resources/sdk/vexv5/libv5rt.a(v5_util.c.obj)
                              /Applications/VEXcode V5 Text.app/Contents/Resources/sdk/vexv5/libv5rt.a(v5_startup.c.obj) (vexStdlibVersionLinked)
/Applications/VEXcode V5 Text.app/Contents/Resources/sdk/vexv5/libv5rt.a(v5_apijump.c.obj)
                              /Applications/VEXcode V5 Text.app/Contents/Resources/sdk/vexv5/libv5rt.a(v5_startup.c.obj) (vexPrivateApiEnable)
/Applications/VEXcode V5 Text.app/Contents/Resources/sdk/vexv5/libv5rt.a(v5_apiversions.c.obj)
                              /Applications/VEXcode V5 Text.app/Contents/Resources/sdk/vexv5/libv5rt.a(v5_apijump.c.obj) (vexSystemVersion)
/Applications/VEXcode V5 Text.app/Contents/Resources/sdk/vexv5/libv5rt.a(vex_global.cpp.obj)
                              build/src/main.o (vex::hold)
/Applications/VEXcode V5 Text.app/Contents/Resources/sdk/vexv5/libv5rt.a(vex_motor.cpp.obj)
                              build/src/main.o (vex::motor::~motor())
/Applications/VEXcode V5 Text.app/Contents/Resources/sdk/vexv5/libv5rt.a(vex_controller.cpp.obj)
                              build/src/main.o (vex::controller::~controller())
/Applications/VEXcode V5 Text.app/Contents/Resources/sdk/vexv5/libv5rt.a(vex_task.cpp.obj)
                              build/src/main.o (vex::task::task(int (*)()))
/Applications/VEXcode V5 Text.app/Contents/Resources/sdk/vexv5/libv5rt.a(vex_thread.cpp.obj)
                              build/src/main.o (vex::thread::thread(int (*)()))
/Applications/VEXcode V5 Text.app/Contents/Resources/sdk/vexv5/libv5rt.a(vex_event.cpp.obj)
                              /Applications/VEXcode V5 Text.app/Contents/Resources/sdk/vexv5/libv5rt.a(vex_controller.cpp.obj) (vex::event::init(unsigned long, unsigned long, void (*)()))
/Applications/VEXcode V5 Text.app/Contents/Resources/sdk/vexv5/libv5rt.a(vex_mevent.cpp.obj)
                              /Applications/VEXcode V5 Text.app/Contents/Resources/sdk/vexv5/libv5rt.a(vex_controller.cpp.obj) (vex::mevent::mevent(unsigned long, unsigned long))
/Applications/VEXcode V5 Text.app/Contents/Resources/sdk/vexv5/libv5rt.a(vex_brain.cpp.obj)
                              build/src/main.o (vex::brain::~brain())
/Applications/VEXcode V5 Text.app/Contents/Resources/sdk/vexv5/libv5rt.a(vex_competition.cpp.obj)
                              build/src/main.o (vex::competition::competition())
/Applications/VEXcode V5 Text.app/Contents/Resources/sdk/vexv5/libv5rt.a(vex_triport.cpp.obj)
                              /Applications/VEXcode V5 Text.app/Contents/Resources/sdk/vexv5/libv5rt.a(vex_brain.cpp.obj) (vex::triport::~triport())
/Applications/VEXcode V5 Text.app/Contents/Resources/sdk/vexv5/libv5rt.a(vex_color.cpp.obj)
                              build/src/main.o (vex::color::~color())
/Applications/VEXcode V5 Text.app/Contents/Resources/sdk/vexv5/libv5rt.a(vex_timer.cpp.obj)
                              /Applications/VEXcode V5 Text.app/Contents/Resources/sdk/vexv5/libv5rt.a(vex_brain.cpp.obj) (vex::timer::~timer())
/Applications/VEXcode V5 Text.app/Contents/Resources/sdk/vexv5/libv5rt.a(v5_apiuser.c.obj)
                              /Applications/VEXcode V5 Text.app/Contents/Resources/sdk/vexv5/libv5rt.a(vex_triport.cpp.obj) (vexAdiPortConfigSet)
/Applications/VEXcode V5 Text.app/Contents/Resources/sdk/vexv5/libv5rt.a(vex_device.cpp.obj)
                              /Applications/VEXcode V5 Text.app/Contents/Resources/sdk/vexv5/libv5rt.a(vex_triport.cpp.obj) (vex::device::value())
/Applications/VEXcode V5 Text.app/Contents/Resources/sdk/vexv5/gcc/libs/libc.a(lib_a-aeabi_memmove-soft.o)
                              build/src/main.o (__aeabi_memmove4)
/Applications/VEXcode V5 Text.app/Contents/Resources/sdk/vexv5/gcc/libs/libc.a(lib_a-fini.o)
                              /Applications/VEXcode V5 Text.app/Contents/Resources/sdk/vexv5/libv5rt.a(v5_startup.c.obj) (__libc_fini_array)
/Applications/VEXcode V5 Text.app/Contents/Resources/sdk/vexv5/gcc/libs/libc.a(lib_a-impure.o)
                              /Applications/VEXcode V5 Text.app/Contents/Resources/sdk/vexv5/libv5rt.a(v5_startup.c.obj) (_impure_ptr)
/Applications/VEXcode V5 Text.app/Contents/Resources/sdk/vexv5/gcc/libs/libc.a(lib_a-init.o)
                              /Applications/VEXcode V5 Text.app/Contents/Resources/sdk/vexv5/libv5rt.a(v5_startup.c.obj) (__libc_init_array)
/Applications/VEXcode V5 Text.app/Contents/Resources/sdk/vexv5/gcc/libs/libc.a(lib_a-tolower.o)
                              /Applications/VEXcode V5 Text.app/Contents/Resources/sdk/vexv5/libv5rt.a(vex_brain.cpp.obj) (tolower)
/Applications/VEXcode V5 Text.app/Contents/Resources/sdk/vexv5/gcc/libs/libc.a(lib_a-ctype_.o)
[...]
Memory Configuration

Name             Origin             Length             Attributes
ps7_ddr_0_S_AXI_BASEADDR 0x0000000003800000 0x0000000004800000
*default*        0x0000000000000000 0xffffffffffffffff

Linker script and memory map

                0x0000000000002000                _STACK_SIZE = DEFINED (_STACK_SIZE)?_STACK_SIZE:0x2000
                0x0000000000100000                _HEAP_SIZE = DEFINED (_HEAP_SIZE)?_HEAP_SIZE:0x100000
                0x0000000000000400                _ABORT_STACK_SIZE = DEFINED (_ABORT_STACK_SIZE)?_ABORT_STACK_SIZE:0x400
                0x0000000000000800                _SUPERVISOR_STACK_SIZE = DEFINED (_SUPERVISOR_STACK_SIZE)?_SUPERVISOR_STACK_SIZE:0x800
                0x0000000000000400                _IRQ_STACK_SIZE = DEFINED (_IRQ_STACK_SIZE)?_IRQ_STACK_SIZE:0x400
                0x0000000000000400                _FIQ_STACK_SIZE = DEFINED (_FIQ_STACK_SIZE)?_FIQ_STACK_SIZE:0x400
                0x0000000000000400                _UNDEF_STACK_SIZE = DEFINED (_UNDEF_STACK_SIZE)?_UNDEF_STACK_SIZE:0x400

.text           0x0000000003800000     0x3f08
 *(.vectors)
 *(.boot_data)
 .boot_data     0x0000000003800000       0x20 /Applications/VEXcode V5 Text.app/Contents/Resources/sdk/vexv5/libv5rt.a(v5_startup.c.obj)
                0x0000000003800000                vexCodeSig
                0x0000000000000020                . = 0x20
 *(.boot)
 .boot          0x0000000003800020       0xbc /Applications/VEXcode V5 Text.app/Contents/Resources/sdk/vexv5/libv5rt.a(v5_startup.c.obj)
                0x0000000003800020                vexStartup
                0x0000000003800100                . = ALIGN (0x40)
 *fill*         0x00000000038000dc       0x24 
 *(.freertos_vectors)
 *(.text)
 .text          0x0000000003800100       0x3a /Applications/VEXcode V5 Text.app/Contents/Resources/sdk/vexv5/gcc/libs/libc.a(lib_a-aeabi_memmove-soft.o)
                0x0000000003800100                __aeabi_memmove8
                0x0000000003800100                __aeabi_memmove4
                0x0000000003800100                __aeabi_memmove
 *(.text.*)
 *fill*         0x000000000380013a        0x6 
 .text._Z6vdrivedd
                0x0000000003800140      0x118 build/src/main.o
                0x0000000003800140                vdrive(double, double)
 .text._Z8moveTrayi
                0x0000000003800258       0x78 build/src/main.o
                0x0000000003800258                moveTray(int)
 .text._Z13intakeControlv
                0x00000000038002d0      0x130 build/src/main.o
                0x00000000038002d0                intakeControl()
 .text._Z10armControlv
                0x0000000003800400      0x148 build/src/main.o
                0x0000000003800400                armControl()
 .text._Z21moveBackAutomaticallyv
                0x0000000003800548       0xb0 build/src/main.o
                0x0000000003800548                moveBackAutomatically()
 .text._Z11trayControlv
                0x00000000038005f8      0x118 build/src/main.o
                0x00000000038005f8                trayControl()
 .text._Z17basicEncoderDriveddb
                0x0000000003800710       0xdc build/src/main.o
                0x0000000003800710                basicEncoderDrive(double, double, bool)
 .text._Z16basicEncoderTurnddb
                0x00000000038007ec       0xe0 build/src/main.o
                0x00000000038007ec                basicEncoderTurn(double, double, bool)
 *fill*         0x00000000038008cc        0x4 
 .text._Z10deployTrayv
                0x00000000038008d0       0xa8 build/src/main.o
                0x00000000038008d0                deployTray()
 .text._Z11outtakeSomev
                0x0000000003800978       0x88 build/src/main.o
                0x0000000003800978                outtakeSome()
 .text._Z7noAutonv
                0x0000000003800a00        0x4 build/src/main.o
                0x0000000003800a00                noAuton()
 *fill*         0x0000000003800a04        0x4 
 .text._Z4red1v
                0x0000000003800a08      0x1d8 build/src/main.o
                0x0000000003800a08                red1()
 .text._Z4red2v
                0x0000000003800be0        0x4 build/src/main.o
                0x0000000003800be0                red2()
 *fill*         0x0000000003800be4        0x4 
 .text._Z5blue1v
                0x0000000003800be8      0x1e0 build/src/main.o
                0x0000000003800be8                blue1()
 .text._Z5blue2v
                0x0000000003800dc8        0x4 build/src/main.o
                0x0000000003800dc8                blue2()
 .text._Z4testv
                0x0000000003800dcc        0x4 build/src/main.o
                0x0000000003800dcc                test()
 .text._ZNSt6vectorI5AutonSaIS0_EEC2ESt16initializer_listIS0_ERKS1_
                0x0000000003800dd0       0x58 build/src/main.o
                0x0000000003800dd0                std::vector<Auton, std::allocator<Auton> >::vector(std::initializer_list<Auton>, std::allocator<Auton> const&)
 .text._ZNSt6vectorI5AutonSaIS0_EED2Ev
                0x0000000003800e28       0x24 build/src/main.o
                0x0000000003800e28                std::vector<Auton, std::allocator<Auton> >::~vector()
 .text._Z11drawButtonsv
                0x0000000003800e4c       0xfc build/src/main.o
                0x0000000003800e4c                drawButtons()
 .text._Z11screenPressii
                0x0000000003800f48       0x94 build/src/main.o
                0x0000000003800f48                screenPress(int, int)
 .text._Z13pre_autonTaskv
                0x0000000003800fdc       0x88 build/src/main.o
                0x0000000003800fdc                pre_autonTask()
 .text._Z14armBrakeTogglev
                0x0000000003801064       0xc4 build/src/main.o
                0x0000000003801064                armBrakeToggle()
 .text._Z11usercontrolv
                0x0000000003801128       0xc0 build/src/main.o
                0x0000000003801128                usercontrol()
 .text._Z8theAutonv
                0x00000000038011e8       0x30 build/src/main.o
                0x00000000038011e8                theAuton()
 .text.main     0x0000000003801218       0x64 build/src/main.o
                0x0000000003801218                main
 .text._ZNSt12_Vector_baseI5AutonSaIS0_EE11_M_allocateEj
                0x000000000380127c       0x30 build/src/main.o
                0x000000000380127c                std::_Vector_base<Auton, std::allocator<Auton> >::_M_allocate(unsigned int)
 *fill*         0x00000000038012ac        0x4 
 .text._GLOBAL__sub_I_main.cpp
                0x00000000038012b0      0x2d8 build/src/main.o
 .text.vexMain  0x0000000003801588       0xb0 /Applications/VEXcode V5 Text.app/Contents/Resources/sdk/vexv5/libv5rt.a(v5_startup.c.obj)
                0x0000000003801588                vexMain
 .text.__vex_function_prolog
                0x0000000003801638       0x18 /Applications/VEXcode V5 Text.app/Contents/Resources/sdk/vexv5/libv5rt.a(v5_startup.c.obj)
                0x0000000003801638                __vex_function_prolog
 .text._init    0x0000000003801650        0x4 /Applications/VEXcode V5 Text.app/Contents/Resources/sdk/vexv5/libv5rt.a(v5_startup.c.obj)
                0x0000000003801650                _init
 .text._fini    0x0000000003801654        0x4 /Applications/VEXcode V5 Text.app/Contents/Resources/sdk/vexv5/libv5rt.a(v5_startup.c.obj)
                0x0000000003801654                _fini
 .text.vexStdlibVersionLinked
                0x0000000003801658        0xc /Applications/VEXcode V5 Text.app/Contents/Resources/sdk/vexv5/libv5rt.a(v5_util.c.obj)
                0x0000000003801658                vexStdlibVersionLinked
 .text.vexStdlibVersionVerify
                0x0000000003801664       0x30 /Applications/VEXcode V5 Text.app/Contents/Resources/sdk/vexv5/libv5rt.a(v5_util.c.obj)
                0x0000000003801664                vexStdlibVersionVerify
 .text.vexPrivateApiEnable
                0x0000000003801694       0x10 /Applications/VEXcode V5 Text.app/Contents/Resources/sdk/vexv5/libv5rt.a(v5_apijump.c.obj)
                0x0000000003801694                vexPrivateApiEnable
 .text.vexStdlibMismatchError
                0x00000000038016a4       0x3c /Applications/VEXcode V5 Text.app/Contents/Resources/sdk/vexv5/libv5rt.a(v5_apijump.c.obj)
                0x00000000038016a4                vexStdlibMismatchError
 .text.vexTaskAdd
                0x00000000038016e0       0x10 /Applications/VEXcode V5 Text.app/Contents/Resources/sdk/vexv5/libv5rt.a(v5_apijump.c.obj)
                0x00000000038016e0                vexTaskAdd
 .text.vexTaskStop
                0x00000000038016f0       0x10 /Applications/VEXcode V5 Text.app/Contents/Resources/sdk/vexv5/libv5rt.a(v5_apijump.c.obj)
                0x00000000038016f0                vexTaskStop
 .text.vexTasksRun
                0x0000000003801700       0x10 /Applications/VEXcode V5 Text.app/Contents/Resources/sdk/vexv5/libv5rt.a(v5_apijump.c.obj)
                0x0000000003801700                vexTasksRun
 .text.vexTaskYield
                0x0000000003801710       0x10 /Applications/VEXcode V5 Text.app/Contents/Resources/sdk/vexv5/libv5rt.a(v5_apijump.c.obj)
                0x0000000003801710                vexTaskYield
 .text.vexTaskCheckTimeslice
                0x0000000003801720       0x10 /Applications/VEXcode V5 Text.app/Contents/Resources/sdk/vexv5/libv5rt.a(v5_apijump.c.obj)
                0x0000000003801720                vexTaskCheckTimeslice
 .text.vexTaskSleep
                0x0000000003801730       0x10 /Applications/VEXcode V5 Text.app/Contents/Resources/sdk/vexv5/libv5rt.a(v5_apijump.c.obj)
                0x0000000003801730                vexTaskSleep
 .text.vexTasksDump
                0x0000000003801740       0x1c /Applications/VEXcode V5 Text.app/Contents/Resources/sdk/vexv5/libv5rt.a(v5_apijump.c.obj)
                0x0000000003801740                vexTasksDump
 .text.vexTaskGetTaskIndex
                0x000000000380175c       0x10 /Applications/VEXcode V5 Text.app/Contents/Resources/sdk/vexv5/libv5rt.a(v5_apijump.c.obj)
                0x000000000380175c                vexTaskGetTaskIndex
 .text.vexTaskStopAll
                0x000000000380176c       0x10 /Applications/VEXcode V5 Text.app/Contents/Resources/sdk/vexv5/libv5rt.a(v5_apijump.c.obj)
                0x000000000380176c                vexTaskStopAll
 .text.vexTaskRemoveAllUser
                0x000000000380177c       0x34 /Applications/VEXcode V5 Text.app/Contents/Resources/sdk/vexv5/libv5rt.a(v5_apijump.c.obj)
                0x000000000380177c                vexTaskRemoveAllUser
 .text.vexTaskCompletionIdSet
                0x00000000038017b0       0x10 /Applications/VEXcode V5 Text.app/Contents/Resources/sdk/vexv5/libv5rt.a(v5_apijump.c.obj)
                0x00000000038017b0                vexTaskCompletionIdSet
 .text.vexCriticalSection
                0x00000000038017c0       0x2c /Applications/VEXcode V5 Text.app/Contents/Resources/sdk/vexv5/libv5rt.a(v5_apijump.c.obj)
                0x00000000038017c0                vexCriticalSection
 .text.vexEventAdd
                0x00000000038017ec       0x34 /Applications/VEXcode V5 Text.app/Contents/Resources/sdk/vexv5/libv5rt.a(v5_apijump.c.obj)
                0x00000000038017ec                vexEventAdd
 .text.vexEventUserIndexGet
                0x0000000003801820       0x1c /Applications/VEXcode V5 Text.app/Contents/Resources/sdk/vexv5/libv5rt.a(v5_apijump.c.obj)
                0x0000000003801820                vexEventUserIndexGet
 .text.vexEventAddWithArg
                0x000000000380183c       0x3c /Applications/VEXcode V5 Text.app/Contents/Resources/sdk/vexv5/libv5rt.a(v5_apijump.c.obj)
                0x000000000380183c                vexEventAddWithArg
 .text.vexEventsCleanup
                0x0000000003801878       0x2c /Applications/VEXcode V5 Text.app/Contents/Resources/sdk/vexv5/libv5rt.a(v5_apijump.c.obj)
                0x0000000003801878                vexEventsCleanup
 .text.vexDebug
                0x00000000038018a4       0x38 /Applications/VEXcode V5 Text.app/Contents/Resources/sdk/vexv5/libv5rt.a(v5_apijump.c.obj)
                0x00000000038018a4                vexDebug
 .text.vex_sprintf
                0x00000000038018dc       0x40 /Applications/VEXcode V5 Text.app/Contents/Resources/sdk/vexv5/libv5rt.a(v5_apijump.c.obj)
                0x00000000038018dc                vex_sprintf
 .text.vex_vsnprintf
                0x000000000380191c       0x3c /Applications/VEXcode V5 Text.app/Contents/Resources/sdk/vexv5/libv5rt.a(v5_apijump.c.obj)
                0x000000000380191c                vex_vsnprintf
 .text.vexSystemTimeGet
                0x0000000003801958       0x1c /Applications/VEXcode V5 Text.app/Contents/Resources/sdk/vexv5/libv5rt.a(v5_apijump.c.obj)
                0x0000000003801958                vexSystemTimeGet
 .text.vexSystemExitRequest
                0x0000000003801974       0x1c /Applications/VEXcode V5 Text.app/Contents/Resources/sdk/vexv5/libv5rt.a(v5_apijump.c.obj)
                0x0000000003801974                vexSystemExitRequest
 .text.vexDeviceGetByIndex
                0x0000000003801990       0x24 /Applications/VEXcode V5 Text.app/Contents/Resources/sdk/vexv5/libv5rt.a(v5_apijump.c.obj)
                0x0000000003801990                vexDeviceGetByIndex
 .text.vexControllerGet
                0x00000000038019b4       0x2c /Applications/VEXcode V5 Text.app/Contents/Resources/sdk/vexv5/libv5rt.a(v5_apijump.c.obj)
                0x00000000038019b4                vexControllerGet
 .text.vexControllerTextSet
                0x00000000038019e0       0x74 /Applications/VEXcode V5 Text.app/Contents/Resources/sdk/vexv5/libv5rt.a(v5_apijump.c.obj)
                0x00000000038019e0                vexControllerTextSet
 .text.vexDeviceAdiPortConfigSet
                0x0000000003801a54       0x34 /Applications/VEXcode V5 Text.app/Contents/Resources/sdk/vexv5/libv5rt.a(v5_apijump.c.obj)
                0x0000000003801a54                vexDeviceAdiPortConfigSet
 .text.vexDeviceAdiPortConfigGet
                0x0000000003801a88       0x2c /Applications/VEXcode V5 Text.app/Contents/Resources/sdk/vexv5/libv5rt.a(v5_apijump.c.obj)
                0x0000000003801a88                vexDeviceAdiPortConfigGet
 .text.vexDeviceAdiValueGet
                0x0000000003801ab4       0x2c /Applications/VEXcode V5 Text.app/Contents/Resources/sdk/vexv5/libv5rt.a(v5_apijump.c.obj)
                0x0000000003801ab4                vexDeviceAdiValueGet
 .text.vexDeviceMotorVelocitySet
                0x0000000003801ae0       0x2c /Applications/VEXcode V5 Text.app/Contents/Resources/sdk/vexv5/libv5rt.a(v5_apijump.c.obj)
                0x0000000003801ae0                vexDeviceMotorVelocitySet
 .text.vexDeviceMotorVoltageSet
                0x0000000003801b0c       0x2c /Applications/VEXcode V5 Text.app/Contents/Resources/sdk/vexv5/libv5rt.a(v5_apijump.c.obj)
                0x0000000003801b0c                vexDeviceMotorVoltageSet
 .text.vexDeviceMotorActualVelocityGet
                0x0000000003801b38       0x24 /Applications/VEXcode V5 Text.app/Contents/Resources/sdk/vexv5/libv5rt.a(v5_apijump.c.obj)
                0x0000000003801b38                vexDeviceMotorActualVelocityGet
 .text.vexDeviceMotorZeroPositionFlagGet
                0x0000000003801b5c       0x24 /Applications/VEXcode V5 Text.app/Contents/Resources/sdk/vexv5/libv5rt.a(v5_apijump.c.obj)
                0x0000000003801b5c                vexDeviceMotorZeroPositionFlagGet
 .text.vexDeviceMotorReverseFlagSet
                0x0000000003801b80       0x2c /Applications/VEXcode V5 Text.app/Contents/Resources/sdk/vexv5/libv5rt.a(v5_apijump.c.obj)
                0x0000000003801b80                vexDeviceMotorReverseFlagSet
 .text.vexDeviceMotorEncoderUnitsSet
                0x0000000003801bac       0x2c /Applications/VEXcode V5 Text.app/Contents/Resources/sdk/vexv5/libv5rt.a(v5_apijump.c.obj)
                0x0000000003801bac                vexDeviceMotorEncoderUnitsSet
 .text.vexDeviceMotorBrakeModeSet
                0x0000000003801bd8       0x2c /Applications/VEXcode V5 Text.app/Contents/Resources/sdk/vexv5/libv5rt.a(v5_apijump.c.obj)
                0x0000000003801bd8                vexDeviceMotorBrakeModeSet
 .text.vexDeviceMotorPositionSet
                0x0000000003801c04       0x34 /Applications/VEXcode V5 Text.app/Contents/Resources/sdk/vexv5/libv5rt.a(v5_apijump.c.obj)
                0x0000000003801c04                vexDeviceMotorPositionSet
 .text.vexDeviceMotorPositionGet
                0x0000000003801c38       0x24 /Applications/VEXcode V5 Text.app/Contents/Resources/sdk/vexv5/libv5rt.a(v5_apijump.c.obj)
                0x0000000003801c38                vexDeviceMotorPositionGet
 .text.vexDeviceMotorRelativeTargetSet
                0x0000000003801c5c       0x3c /Applications/VEXcode V5 Text.app/Contents/Resources/sdk/vexv5/libv5rt.a(v5_apijump.c.obj)
                0x0000000003801c5c                vexDeviceMotorRelativeTargetSet
 .text.vexDeviceMotorGearingGet
                0x0000000003801c98       0x24 /Applications/VEXcode V5 Text.app/Contents/Resources/sdk/vexv5/libv5rt.a(v5_apijump.c.obj)
                0x0000000003801c98                vexDeviceMotorGearingGet
 .text.vexDisplayForegroundColor
                0x0000000003801cbc       0x24 /Applications/VEXcode V5 Text.app/Contents/Resources/sdk/vexv5/libv5rt.a(v5_apijump.c.obj)
                0x0000000003801cbc                vexDisplayForegroundColor
 .text.vexDisplayBackgroundColor
                0x0000000003801ce0       0x24 /Applications/VEXcode V5 Text.app/Contents/Resources/sdk/vexv5/libv5rt.a(v5_apijump.c.obj)
                0x0000000003801ce0                vexDisplayBackgroundColor
 .text.vexDisplayBackgroundColorGet
                0x0000000003801d04       0x1c /Applications/VEXcode V5 Text.app/Contents/Resources/sdk/vexv5/libv5rt.a(v5_apijump.c.obj)
                0x0000000003801d04                vexDisplayBackgroundColorGet
 .text.vexDisplayRectDraw
                0x0000000003801d20       0x4c /Applications/VEXcode V5 Text.app/Contents/Resources/sdk/vexv5/libv5rt.a(v5_apijump.c.obj)
                0x0000000003801d20                vexDisplayRectDraw
 .text.vexDisplayRectClear
                0x0000000003801d6c       0x4c /Applications/VEXcode V5 Text.app/Contents/Resources/sdk/vexv5/libv5rt.a(v5_apijump.c.obj)
                0x0000000003801d6c                vexDisplayRectClear
 .text.vexDisplayPrintf
                0x0000000003801db8       0x68 /Applications/VEXcode V5 Text.app/Contents/Resources/sdk/vexv5/libv5rt.a(v5_apijump.c.obj)
                0x0000000003801db8                vexDisplayPrintf
 .text.vexDisplayTextReference
                0x0000000003801e20       0x24 /Applications/VEXcode V5 Text.app/Contents/Resources/sdk/vexv5/libv5rt.a(v5_apijump.c.obj)
                0x0000000003801e20                vexDisplayTextReference
 .text.vexDisplayTextSize
                0x0000000003801e44       0x2c /Applications/VEXcode V5 Text.app/Contents/Resources/sdk/vexv5/libv5rt.a(v5_apijump.c.obj)
                0x0000000003801e44                vexDisplayTextSize
 .text.vexDisplayFontNamedSet
                0x0000000003801e70       0x24 /Applications/VEXcode V5 Text.app/Contents/Resources/sdk/vexv5/libv5rt.a(v5_apijump.c.obj)
                0x0000000003801e70                vexDisplayFontNamedSet
 .text.vexDisplayPenSizeGet
                0x0000000003801e94       0x1c /Applications/VEXcode V5 Text.app/Contents/Resources/sdk/vexv5/libv5rt.a(v5_apijump.c.obj)
                0x0000000003801e94                vexDisplayPenSizeGet
 .text.vexSystemStdlibImpureDataAddr
                0x0000000003801eb0       0x28 /Applications/VEXcode V5 Text.app/Contents/Resources/sdk/vexv5/libv5rt.a(v5_apijump.c.obj)
                0x0000000003801eb0                vexSystemStdlibImpureDataAddr
 .text.vexSystemStdlibImpureDataSize
                0x0000000003801ed8       0x28 /Applications/VEXcode V5 Text.app/Contents/Resources/sdk/vexv5/libv5rt.a(v5_apijump.c.obj)
                0x0000000003801ed8                vexSystemStdlibImpureDataSize
 .text.vexSystemSaveUserData
                0x0000000003801f00       0x3c /Applications/VEXcode V5 Text.app/Contents/Resources/sdk/vexv5/libv5rt.a(v5_apijump.c.obj)
                0x0000000003801f00                vexSystemSaveUserData
 .text.vexTouchDataGet
                0x0000000003801f3c       0x10 /Applications/VEXcode V5 Text.app/Contents/Resources/sdk/vexv5/libv5rt.a(v5_apijump.c.obj)
                0x0000000003801f3c                vexTouchDataGet
 .text.vexDisplayThemeIdGet
                0x0000000003801f4c       0x38 /Applications/VEXcode V5 Text.app/Contents/Resources/sdk/vexv5/libv5rt.a(v5_apijump.c.obj)
                0x0000000003801f4c                vexDisplayThemeIdGet
 .text.vexDisplayRender
                0x0000000003801f84       0x2c /Applications/VEXcode V5 Text.app/Contents/Resources/sdk/vexv5/libv5rt.a(v5_apijump.c.obj)
                0x0000000003801f84                vexDisplayRender
 .text.vexDeviceEventMaskSet
                0x0000000003801fb0       0x48 /Applications/VEXcode V5 Text.app/Contents/Resources/sdk/vexv5/libv5rt.a(v5_apijump.c.obj)
                0x0000000003801fb0                vexDeviceEventMaskSet
 .text.vexDeviceEventMaskGet
                0x0000000003801ff8       0x3c /Applications/VEXcode V5 Text.app/Contents/Resources/sdk/vexv5/libv5rt.a(v5_apijump.c.obj)
                0x0000000003801ff8                vexDeviceEventMaskGet
 .text.vexSystemVersion
                0x0000000003802034       0x10 /Applications/VEXcode V5 Text.app/Contents/Resources/sdk/vexv5/libv5rt.a(v5_apiversions.c.obj)
                0x0000000003802034                vexSystemVersion
 .text.vexStdlibVersion
                0x0000000003802044       0x10 /Applications/VEXcode V5 Text.app/Contents/Resources/sdk/vexv5/libv5rt.a(v5_apiversions.c.obj)
                0x0000000003802044                vexStdlibVersion
 .text._ZN3vex5motor9installedEv
                0x0000000003802054       0x18 /Applications/VEXcode V5 Text.app/Contents/Resources/sdk/vexv5/libv5rt.a(vex_motor.cpp.obj)
                0x0000000003802054                vex::motor::installed()
 .text._ZN3vex5motorD2Ev
                0x000000000380206c       0x20 /Applications/VEXcode V5 Text.app/Contents/Resources/sdk/vexv5/libv5rt.a(vex_motor.cpp.obj)
                0x000000000380206c                vex::motor::~motor()
                0x000000000380206c                vex::motor::~motor()
 .text._ZN3vex5motor15defaultStoppingENS_9brakeTypeE
                0x000000000380208c       0x30 /Applications/VEXcode V5 Text.app/Contents/Resources/sdk/vexv5/libv5rt.a(vex_motor.cpp.obj)
                0x000000000380208c                vex::motor::defaultStopping(vex::brakeType)
 .text._ZN3vex5motor8setBrakeENS_9brakeTypeE
                0x00000000038020bc        0x4 /Applications/VEXcode V5 Text.app/Contents/Resources/sdk/vexv5/libv5rt.a(vex_motor.cpp.obj)
                0x00000000038020bc                vex::motor::setBrake(vex::brakeType)
 .text._ZN3vex5motorC2El
                0x00000000038020c0       0x70 /Applications/VEXcode V5 Text.app/Contents/Resources/sdk/vexv5/libv5rt.a(vex_motor.cpp.obj)
                0x00000000038020c0                vex::motor::motor(long)
                0x00000000038020c0                vex::motor::motor(long)
 .text._ZN3vex5motorC2Elb
                0x0000000003802130       0x24 /Applications/VEXcode V5 Text.app/Contents/Resources/sdk/vexv5/libv5rt.a(vex_motor.cpp.obj)
                0x0000000003802130                vex::motor::motor(long, bool)
                0x0000000003802130                vex::motor::motor(long, bool)
 *fill*         0x0000000003802154        0x4 
 .text._ZN3vex5motor4spinENS_13directionTypeEdNS_12voltageUnitsE
                0x0000000003802158       0x50 /Applications/VEXcode V5 Text.app/Contents/Resources/sdk/vexv5/libv5rt.a(vex_motor.cpp.obj)
                0x0000000003802158                vex::motor::spin(vex::directionType, double, vex::voltageUnits)
 .text._ZN3vex5motor4stopENS_9brakeTypeE
                0x00000000038021a8       0x30 /Applications/VEXcode V5 Text.app/Contents/Resources/sdk/vexv5/libv5rt.a(vex_motor.cpp.obj)
                0x00000000038021a8                vex::motor::stop(vex::brakeType)
 .text._ZN3vex5motor4stopEv
                0x00000000038021d8        0x8 /Applications/VEXcode V5 Text.app/Contents/Resources/sdk/vexv5/libv5rt.a(vex_motor.cpp.obj)
                0x00000000038021d8                vex::motor::stop()
 .text._ZN3vex5motor16velocityToScaledEdNS_13velocityUnitsE
                0x00000000038021e0       0x5c /Applications/VEXcode V5 Text.app/Contents/Resources/sdk/vexv5/libv5rt.a(vex_motor.cpp.obj)
                0x00000000038021e0                vex::motor::velocityToScaled(double, vex::velocityUnits)
 .text._ZN3vex5motor8velocityENS_13velocityUnitsE
                0x000000000380223c       0x30 /Applications/VEXcode V5 Text.app/Contents/Resources/sdk/vexv5/libv5rt.a(vex_motor.cpp.obj)
                0x000000000380223c                vex::motor::velocity(vex::velocityUnits)
 .text._ZN3vex5motor5valueEv
                0x000000000380226c       0x1c /Applications/VEXcode V5 Text.app/Contents/Resources/sdk/vexv5/libv5rt.a(vex_motor.cpp.obj)
                0x000000000380226c                vex::motor::value()
 .text._ZN3vex5motor16scaledToVelocityEdNS_13velocityUnitsE
                0x0000000003802288       0xa4 /Applications/VEXcode V5 Text.app/Contents/Resources/sdk/vexv5/libv5rt.a(vex_motor.cpp.obj)
                0x0000000003802288                vex::motor::scaledToVelocity(double, vex::velocityUnits)
 .text._ZN3vex5motor4spinENS_13directionTypeEdNS_13velocityUnitsE
                0x000000000380232c       0x5c /Applications/VEXcode V5 Text.app/Contents/Resources/sdk/vexv5/libv5rt.a(vex_motor.cpp.obj)
                0x000000000380232c                vex::motor::spin(vex::directionType, double, vex::velocityUnits)
 .text._ZN3vex5motor16setRotationUnitsENS_13rotationUnitsE
                0x0000000003802388       0x1c /Applications/VEXcode V5 Text.app/Contents/Resources/sdk/vexv5/libv5rt.a(vex_motor.cpp.obj)
                0x0000000003802388                vex::motor::setRotationUnits(vex::rotationUnits)
 .text._ZN3vex5motor11setRotationEdNS_13rotationUnitsE
                0x00000000038023a4       0x44 /Applications/VEXcode V5 Text.app/Contents/Resources/sdk/vexv5/libv5rt.a(vex_motor.cpp.obj)
                0x00000000038023a4                vex::motor::setRotation(double, vex::rotationUnits)
 .text._ZN3vex5motor13resetRotationEv
                0x00000000038023e8       0x20 /Applications/VEXcode V5 Text.app/Contents/Resources/sdk/vexv5/libv5rt.a(vex_motor.cpp.obj)
                0x00000000038023e8                vex::motor::resetRotation()
 .text._ZN3vex5motor9rotateForEdNS_13rotationUnitsEdNS_13velocityUnitsEb
                0x0000000003802408       0xe0 /Applications/VEXcode V5 Text.app/Contents/Resources/sdk/vexv5/libv5rt.a(vex_motor.cpp.obj)
                0x0000000003802408                vex::motor::rotateFor(double, vex::rotationUnits, double, vex::velocityUnits, bool)
 .text._ZN3vex5motor14startRotateForEdNS_13rotationUnitsEdNS_13velocityUnitsE
                0x00000000038024e8       0x34 /Applications/VEXcode V5 Text.app/Contents/Resources/sdk/vexv5/libv5rt.a(vex_motor.cpp.obj)
                0x00000000038024e8                vex::motor::startRotateFor(double, vex::rotationUnits, double, vex::velocityUnits)
 .text._ZN3vex5motor8rotationENS_13rotationUnitsE
                0x000000000380251c       0x44 /Applications/VEXcode V5 Text.app/Contents/Resources/sdk/vexv5/libv5rt.a(vex_motor.cpp.obj)
                0x000000000380251c                vex::motor::rotation(vex::rotationUnits)
 .text.startup._GLOBAL__sub_I__ZN3vex5motorC2El
                0x0000000003802560       0x30 /Applications/VEXcode V5 Text.app/Contents/Resources/sdk/vexv5/libv5rt.a(vex_motor.cpp.obj)
 .text._ZN3vex10controllerD2Ev
                0x0000000003802590        0x4 /Applications/VEXcode V5 Text.app/Contents/Resources/sdk/vexv5/libv5rt.a(vex_controller.cpp.obj)
                0x0000000003802590                vex::controller::~controller()
                0x0000000003802590                vex::controller::~controller()
 .text._ZN3vex10controller5valueE19_V5_ControllerIndex
                0x0000000003802594        0x8 /Applications/VEXcode V5 Text.app/Contents/Resources/sdk/vexv5/libv5rt.a(vex_controller.cpp.obj)
                0x0000000003802594                vex::controller::value(_V5_ControllerIndex)
 .text._ZN3vex10controller6button8pressingEv
                0x000000000380259c       0xc8 /Applications/VEXcode V5 Text.app/Contents/Resources/sdk/vexv5/libv5rt.a(vex_controller.cpp.obj)
                0x000000000380259c                vex::controller::button::pressing()
 .text._ZN3vex10controller6button7pressedEPFvvE
                0x0000000003802664      0x108 /Applications/VEXcode V5 Text.app/Contents/Resources/sdk/vexv5/libv5rt.a(vex_controller.cpp.obj)
                0x0000000003802664                vex::controller::button::pressed(void (*)())
 .text._ZN3vex10controller6button21_buttonToPressedEventEv
                0x000000000380276c       0x20 /Applications/VEXcode V5 Text.app/Contents/Resources/sdk/vexv5/libv5rt.a(vex_controller.cpp.obj)
                0x000000000380276c                vex::controller::button::_buttonToPressedEvent()
 .text._ZN3vex10controller6button22_buttonToReleasedEventEv
                0x000000000380278c       0x20 /Applications/VEXcode V5 Text.app/Contents/Resources/sdk/vexv5/libv5rt.a(vex_controller.cpp.obj)
                0x000000000380278c                vex::controller::button::_buttonToReleasedEvent()
 .text._ZN3vex10controller6buttonC2ENS0_11tButtonTypeEPS0_
                0x00000000038027ac       0x48 /Applications/VEXcode V5 Text.app/Contents/Resources/sdk/vexv5/libv5rt.a(vex_controller.cpp.obj)
                0x00000000038027ac                vex::controller::button::button(vex::controller::tButtonType, vex::controller*)
                0x00000000038027ac                vex::controller::button::button(vex::controller::tButtonType, vex::controller*)
 .text._ZN3vex10controller4axis5valueEv
                0x00000000038027f4       0x58 /Applications/VEXcode V5 Text.app/Contents/Resources/sdk/vexv5/libv5rt.a(vex_controller.cpp.obj)
                0x00000000038027f4                vex::controller::axis::value()
 .text._ZN3vex10controller4axis23_joystickToChangedEventEv
                0x000000000380284c       0x20 /Applications/VEXcode V5 Text.app/Contents/Resources/sdk/vexv5/libv5rt.a(vex_controller.cpp.obj)
                0x000000000380284c                vex::controller::axis::_joystickToChangedEvent()
 .text._ZN3vex10controller4axisC2ENS0_9tAxisTypeEPS0_
                0x000000000380286c       0x2c /Applications/VEXcode V5 Text.app/Contents/Resources/sdk/vexv5/libv5rt.a(vex_controller.cpp.obj)
                0x000000000380286c                vex::controller::axis::axis(vex::controller::tAxisType, vex::controller*)
                0x000000000380286c                vex::controller::axis::axis(vex::controller::tAxisType, vex::controller*)
 .text._ZN3vex10controllerC2Ev
                0x0000000003802898      0x204 /Applications/VEXcode V5 Text.app/Contents/Resources/sdk/vexv5/libv5rt.a(vex_controller.cpp.obj)
                0x0000000003802898                vex::controller::controller()
                0x0000000003802898                vex::controller::controller()
 .text._ZN3vex10controller3lcd15getControllerIdEv
                0x0000000003802a9c       0x10 /Applications/VEXcode V5 Text.app/Contents/Resources/sdk/vexv5/libv5rt.a(vex_controller.cpp.obj)
                0x0000000003802a9c                vex::controller::lcd::getControllerId()
 .text._ZN3vex10controller3lcd5printEPKcz
                0x0000000003802aac       0x54 /Applications/VEXcode V5 Text.app/Contents/Resources/sdk/vexv5/libv5rt.a(vex_controller.cpp.obj)
                0x0000000003802aac                vex::controller::lcd::print(char const*, ...)
 .text._ZN3vex4taskC2EPFivE
                0x0000000003802b00       0x54 /Applications/VEXcode V5 Text.app/Contents/Resources/sdk/vexv5/libv5rt.a(vex_task.cpp.obj)
                0x0000000003802b00                vex::task::task(int (*)())
                0x0000000003802b00                vex::task::task(int (*)())
 .text._ZN3vex4taskD2Ev
                0x0000000003802b54        0x4 /Applications/VEXcode V5 Text.app/Contents/Resources/sdk/vexv5/libv5rt.a(vex_task.cpp.obj)
                0x0000000003802b54                vex::task::~task()
                0x0000000003802b54                vex::task::~task()
 .text._ZN3vex4task4stopEPFivE
                0x0000000003802b58        0xc /Applications/VEXcode V5 Text.app/Contents/Resources/sdk/vexv5/libv5rt.a(vex_task.cpp.obj)
                0x0000000003802b58                vex::task::stop(int (*)())
 .text._ZN3vex4task5sleepEm
                0x0000000003802b64        0x4 /Applications/VEXcode V5 Text.app/Contents/Resources/sdk/vexv5/libv5rt.a(vex_task.cpp.obj)
                0x0000000003802b64                vex::task::sleep(unsigned long)
 .text._ZN3vex4task6_indexEPFivE
                0x0000000003802b68       0x14 /Applications/VEXcode V5 Text.app/Contents/Resources/sdk/vexv5/libv5rt.a(vex_task.cpp.obj)
                0x0000000003802b68                vex::task::_index(int (*)())
 .text._ZN3vex4task8_stopAllEv
                0x0000000003802b7c       0x3c /Applications/VEXcode V5 Text.app/Contents/Resources/sdk/vexv5/libv5rt.a(vex_task.cpp.obj)
                0x0000000003802b7c                vex::task::_stopAll()
 .text._ZN3vex6threadC2EPFivE
                0x0000000003802bb8       0x54 /Applications/VEXcode V5 Text.app/Contents/Resources/sdk/vexv5/libv5rt.a(vex_thread.cpp.obj)
                0x0000000003802bb8                vex::thread::thread(int (*)())
                0x0000000003802bb8                vex::thread::thread(int (*)())
 .text._ZN3vex5event4initEmmPFvvE
                0x0000000003802c0c        0x4 /Applications/VEXcode V5 Text.app/Contents/Resources/sdk/vexv5/libv5rt.a(vex_event.cpp.obj)
                0x0000000003802c0c                vex::event::init(unsigned long, unsigned long, void (*)())
 .text._ZN3vex5event4initEmmPFvPvES1_
                0x0000000003802c10        0x4 /Applications/VEXcode V5 Text.app/Contents/Resources/sdk/vexv5/libv5rt.a(vex_event.cpp.obj)
                0x0000000003802c10                vex::event::init(unsigned long, unsigned long, void (*)(void*), void*)
 .text._ZN3vex5event9userindexEv
                0x0000000003802c14        0x4 /Applications/VEXcode V5 Text.app/Contents/Resources/sdk/vexv5/libv5rt.a(vex_event.cpp.obj)
                0x0000000003802c14                vex::event::userindex()
 .text._ZZN3vex6meventC4EmmENUlvE_4_FUNEv
                0x0000000003802c18        0x4 /Applications/VEXcode V5 Text.app/Contents/Resources/sdk/vexv5/libv5rt.a(vex_mevent.cpp.obj)
 .text._ZN3vex6meventC2Emm
                0x0000000003802c1c       0x70 /Applications/VEXcode V5 Text.app/Contents/Resources/sdk/vexv5/libv5rt.a(vex_mevent.cpp.obj)
                0x0000000003802c1c                vex::mevent::mevent(unsigned long, unsigned long)
                0x0000000003802c1c                vex::mevent::mevent(unsigned long, unsigned long)
 .text._ZN3vex5brainD2Ev
                0x0000000003802c8c       0x20 /Applications/VEXcode V5 Text.app/Contents/Resources/sdk/vexv5/libv5rt.a(vex_brain.cpp.obj)
                0x0000000003802c8c                vex::brain::~brain()
                0x0000000003802c8c                vex::brain::~brain()
 .text._ZN3vex5brain9_getIndexEv
                0x0000000003802cac       0x10 /Applications/VEXcode V5 Text.app/Contents/Resources/sdk/vexv5/libv5rt.a(vex_brain.cpp.obj)
                0x0000000003802cac                vex::brain::_getIndex()
 .text._ZN3vex5brain3lcd9setCursorEll
                0x0000000003802cbc       0x44 /Applications/VEXcode V5 Text.app/Contents/Resources/sdk/vexv5/libv5rt.a(vex_brain.cpp.obj)
                0x0000000003802cbc                vex::brain::lcd::setCursor(long, long)
 .text._ZN3vex5brain3lcd7setFontENS_8fontTypeE
                0x0000000003802d00      0x228 /Applications/VEXcode V5 Text.app/Contents/Resources/sdk/vexv5/libv5rt.a(vex_brain.cpp.obj)
                0x0000000003802d00                vex::brain::lcd::setFont(vex::fontType)
 .text._ZN3vex5brain3lcdC2Ev
                0x0000000003802f28       0x94 /Applications/VEXcode V5 Text.app/Contents/Resources/sdk/vexv5/libv5rt.a(vex_brain.cpp.obj)
                0x0000000003802f28                vex::brain::lcd::lcd()
                0x0000000003802f28                vex::brain::lcd::lcd()
 .text._ZN3vex5brainC2Ev
                0x0000000003802fbc       0x40 /Applications/VEXcode V5 Text.app/Contents/Resources/sdk/vexv5/libv5rt.a(vex_brain.cpp.obj)
                0x0000000003802fbc                vex::brain::brain()
                0x0000000003802fbc                vex::brain::brain()
 .text._ZN3vex5brain3lcd11setPenColorERKNS_5colorE
                0x0000000003802ffc       0x14 /Applications/VEXcode V5 Text.app/Contents/Resources/sdk/vexv5/libv5rt.a(vex_brain.cpp.obj)
                0x0000000003802ffc                vex::brain::lcd::setPenColor(vex::color const&)
 .text._ZN3vex5brain3lcd7printAtEllPKcz
                0x0000000003803010       0x6c /Applications/VEXcode V5 Text.app/Contents/Resources/sdk/vexv5/libv5rt.a(vex_brain.cpp.obj)
                0x0000000003803010                vex::brain::lcd::printAt(long, long, char const*, ...)
 .text._ZN3vex5brain3lcd12_clearScreenEm
                0x000000000380307c       0x38 /Applications/VEXcode V5 Text.app/Contents/Resources/sdk/vexv5/libv5rt.a(vex_brain.cpp.obj)
                0x000000000380307c                vex::brain::lcd::_clearScreen(unsigned long)
 .text._ZN3vex5brain3lcd11clearScreenERKNS_5colorE
                0x00000000038030b4       0x20 /Applications/VEXcode V5 Text.app/Contents/Resources/sdk/vexv5/libv5rt.a(vex_brain.cpp.obj)
                0x00000000038030b4                vex::brain::lcd::clearScreen(vex::color const&)
 .text._ZN3vex5brain3lcd11clearScreenEv
                0x00000000038030d4       0x2c /Applications/VEXcode V5 Text.app/Contents/Resources/sdk/vexv5/libv5rt.a(vex_brain.cpp.obj)
                0x00000000038030d4                vex::brain::lcd::clearScreen()
 .text._ZN3vex5brain3lcd13drawRectangleEiiii
                0x0000000003803100       0xdc /Applications/VEXcode V5 Text.app/Contents/Resources/sdk/vexv5/libv5rt.a(vex_brain.cpp.obj)
                0x0000000003803100                vex::brain::lcd::drawRectangle(int, int, int, int)
 .text._ZN3vex5brain3lcd14_drawRectangleEiiiim
                0x00000000038031dc       0x74 /Applications/VEXcode V5 Text.app/Contents/Resources/sdk/vexv5/libv5rt.a(vex_brain.cpp.obj)
                0x00000000038031dc                vex::brain::lcd::_drawRectangle(int, int, int, int, unsigned long)
 .text._ZN3vex5brain3lcd13drawRectangleEiiiiRKNS_5colorE
                0x0000000003803250       0x68 /Applications/VEXcode V5 Text.app/Contents/Resources/sdk/vexv5/libv5rt.a(vex_brain.cpp.obj)
                0x0000000003803250                vex::brain::lcd::drawRectangle(int, int, int, int, vex::color const&)
 .text._ZN3vex5brain3lcd9xPositionEv
                0x00000000038032b8       0x24 /Applications/VEXcode V5 Text.app/Contents/Resources/sdk/vexv5/libv5rt.a(vex_brain.cpp.obj)
                0x00000000038032b8                vex::brain::lcd::xPosition()
 .text._ZN3vex5brain3lcd9yPositionEv
                0x00000000038032dc       0x24 /Applications/VEXcode V5 Text.app/Contents/Resources/sdk/vexv5/libv5rt.a(vex_brain.cpp.obj)
                0x00000000038032dc                vex::brain::lcd::yPosition()
 .text._ZN3vex5brain3lcd8pressingEv
                0x0000000003803300       0x20 /Applications/VEXcode V5 Text.app/Contents/Resources/sdk/vexv5/libv5rt.a(vex_brain.cpp.obj)
                0x0000000003803300                vex::brain::lcd::pressing()
 .text._ZN3vex5brain3lcd6renderEv
                0x0000000003803320        0xc /Applications/VEXcode V5 Text.app/Contents/Resources/sdk/vexv5/libv5rt.a(vex_brain.cpp.obj)
                0x0000000003803320                vex::brain::lcd::render()
 .text._ZN3vex11competition8_disableEPv
                0x000000000380332c       0x9c /Applications/VEXcode V5 Text.app/Contents/Resources/sdk/vexv5/libv5rt.a(vex_competition.cpp.obj)
                0x000000000380332c                vex::competition::_disable(void*)
 .text._ZN3vex11competition11_autonomousEv
                0x00000000038033c8       0x7c /Applications/VEXcode V5 Text.app/Contents/Resources/sdk/vexv5/libv5rt.a(vex_competition.cpp.obj)
                0x00000000038033c8                vex::competition::_autonomous()
 .text._ZN3vex11competition14_drivercontrolEv
                0x0000000003803444       0x7c /Applications/VEXcode V5 Text.app/Contents/Resources/sdk/vexv5/libv5rt.a(vex_competition.cpp.obj)
                0x0000000003803444                vex::competition::_drivercontrol()
 .text._ZN3vex11competitionC2Ev
                0x00000000038034c0      0x13c /Applications/VEXcode V5 Text.app/Contents/Resources/sdk/vexv5/libv5rt.a(vex_competition.cpp.obj)
                0x00000000038034c0                vex::competition::competition()
                0x00000000038034c0                vex::competition::competition()
 .text._ZN3vex11competitionD2Ev
                0x00000000038035fc        0x4 /Applications/VEXcode V5 Text.app/Contents/Resources/sdk/vexv5/libv5rt.a(vex_competition.cpp.obj)
                0x00000000038035fc                vex::competition::~competition()
                0x00000000038035fc                vex::competition::~competition()
 .text._ZN3vex11competition10autonomousEPFvvE
                0x0000000003803600       0x44 /Applications/VEXcode V5 Text.app/Contents/Resources/sdk/vexv5/libv5rt.a(vex_competition.cpp.obj)
                0x0000000003803600                vex::competition::autonomous(void (*)())
 .text._ZN3vex11competition13drivercontrolEPFvvE
                0x0000000003803644       0x44 /Applications/VEXcode V5 Text.app/Contents/Resources/sdk/vexv5/libv5rt.a(vex_competition.cpp.obj)
                0x0000000003803644                vex::competition::drivercontrol(void (*)())
 .text._ZN3vex7triport9installedEv
                0x0000000003803688       0x18 /Applications/VEXcode V5 Text.app/Contents/Resources/sdk/vexv5/libv5rt.a(vex_triport.cpp.obj)
                0x0000000003803688                vex::triport::installed()
 .text._ZN3vex7triportD2Ev
                0x00000000038036a0       0x38 /Applications/VEXcode V5 Text.app/Contents/Resources/sdk/vexv5/libv5rt.a(vex_triport.cpp.obj)
                0x00000000038036a0                vex::triport::~triport()
                0x00000000038036a0                vex::triport::~triport()
 .text._ZN3vex7triport4portC2ElPS0_
                0x00000000038036d8       0x90 /Applications/VEXcode V5 Text.app/Contents/Resources/sdk/vexv5/libv5rt.a(vex_triport.cpp.obj)
                0x00000000038036d8                vex::triport::port::port(long, vex::triport*)
                0x00000000038036d8                vex::triport::port::port(long, vex::triport*)
 .text._ZN3vex7triportC2El
                0x0000000003803768       0xf0 /Applications/VEXcode V5 Text.app/Contents/Resources/sdk/vexv5/libv5rt.a(vex_triport.cpp.obj)
                0x0000000003803768                vex::triport::triport(long)
                0x0000000003803768                vex::triport::triport(long)
 .text._ZN3vex7triport4port4typeENS_11triportTypeE
                0x0000000003803858       0x34 /Applications/VEXcode V5 Text.app/Contents/Resources/sdk/vexv5/libv5rt.a(vex_triport.cpp.obj)
                0x0000000003803858                vex::triport::port::type(vex::triportType)
 .text._ZN3vex7triport4port4typeEv
                0x000000000380388c       0x38 /Applications/VEXcode V5 Text.app/Contents/Resources/sdk/vexv5/libv5rt.a(vex_triport.cpp.obj)
                0x000000000380388c                vex::triport::port::type()
 .text._ZN3vex7triport4port5valueEv
                0x00000000038038c4       0x14 /Applications/VEXcode V5 Text.app/Contents/Resources/sdk/vexv5/libv5rt.a(vex_triport.cpp.obj)
                0x00000000038038c4                vex::triport::port::value()
 .text._ZN3vex7triport4port14_convertAnalogENS_11analogUnitsE
                0x00000000038038d8       0x58 /Applications/VEXcode V5 Text.app/Contents/Resources/sdk/vexv5/libv5rt.a(vex_triport.cpp.obj)
                0x00000000038038d8                vex::triport::port::_convertAnalog(vex::analogUnits)
 .text._ZN3vex11__trideviceC2ERNS_7triport4portENS_11triportTypeE
                0x0000000003803930       0x5c /Applications/VEXcode V5 Text.app/Contents/Resources/sdk/vexv5/libv5rt.a(vex_triport.cpp.obj)
                0x0000000003803930                vex::__tridevice::__tridevice(vex::triport::port&, vex::triportType)
                0x0000000003803930                vex::__tridevice::__tridevice(vex::triport::port&, vex::triportType)
 .text._ZN3vex11__tridevice14_convertAnalogENS_11analogUnitsE
                0x000000000380398c        0x8 /Applications/VEXcode V5 Text.app/Contents/Resources/sdk/vexv5/libv5rt.a(vex_triport.cpp.obj)
                0x000000000380398c                vex::__tridevice::_convertAnalog(vex::analogUnits)
 .text._ZN3vex5limitC2ERNS_7triport4portE
                0x0000000003803994       0x28 /Applications/VEXcode V5 Text.app/Contents/Resources/sdk/vexv5/libv5rt.a(vex_triport.cpp.obj)
                0x0000000003803994                vex::limit::limit(vex::triport::port&)
                0x0000000003803994                vex::limit::limit(vex::triport::port&)
 .text._ZN3vex5limitD2Ev
                0x00000000038039bc        0x4 /Applications/VEXcode V5 Text.app/Contents/Resources/sdk/vexv5/libv5rt.a(vex_triport.cpp.obj)
                0x00000000038039bc                vex::limit::~limit()
                0x00000000038039bc                vex::limit::~limit()
 .text._ZN3vex5limit5valueEv
                0x00000000038039c0        0x8 /Applications/VEXcode V5 Text.app/Contents/Resources/sdk/vexv5/libv5rt.a(vex_triport.cpp.obj)
                0x00000000038039c0                vex::limit::value()
 .text._ZN3vex3potC2ERNS_7triport4portE
                0x00000000038039c8       0x20 /Applications/VEXcode V5 Text.app/Contents/Resources/sdk/vexv5/libv5rt.a(vex_triport.cpp.obj)
                0x00000000038039c8                vex::pot::pot(vex::triport::port&)
                0x00000000038039c8                vex::pot::pot(vex::triport::port&)
 .text._ZN3vex3potD2Ev
                0x00000000038039e8        0x4 /Applications/VEXcode V5 Text.app/Contents/Resources/sdk/vexv5/libv5rt.a(vex_triport.cpp.obj)
                0x00000000038039e8                vex::pot::~pot()
                0x00000000038039e8                vex::pot::~pot()
 .text._ZN3vex3pot5valueENS_11analogUnitsE
                0x00000000038039ec        0x4 /Applications/VEXcode V5 Text.app/Contents/Resources/sdk/vexv5/libv5rt.a(vex_triport.cpp.obj)
                0x00000000038039ec                vex::pot::value(vex::analogUnits)
 .text.startup._GLOBAL__sub_I__ZN3vex7triportC2El
                0x00000000038039f0       0x30 /Applications/VEXcode V5 Text.app/Contents/Resources/sdk/vexv5/libv5rt.a(vex_triport.cpp.obj)
 .text._ZN3vex5colorD2Ev
                0x0000000003803a20        0x4 /Applications/VEXcode V5 Text.app/Contents/Resources/sdk/vexv5/libv5rt.a(vex_color.cpp.obj)
                0x0000000003803a20                vex::color::~color()
                0x0000000003803a20                vex::color::~color()
 .text._ZNK3vex5colorcvmEv
                0x0000000003803a24        0x8 /Applications/VEXcode V5 Text.app/Contents/Resources/sdk/vexv5/libv5rt.a(vex_color.cpp.obj)
                0x0000000003803a24                vex::color::operator unsigned long() const
 .text._ZNK3vex5color13isTransparentEv
                0x0000000003803a2c        0x8 /Applications/VEXcode V5 Text.app/Contents/Resources/sdk/vexv5/libv5rt.a(vex_color.cpp.obj)
                0x0000000003803a2c                vex::color::isTransparent() const
 .text.startup._GLOBAL__sub_I__ZN3vex5color5blackE
                0x0000000003803a34      0x164 /Applications/VEXcode V5 Text.app/Contents/Resources/sdk/vexv5/libv5rt.a(vex_color.cpp.obj)
 .text._ZN3vex5timerD2Ev
                0x0000000003803b98        0x4 /Applications/VEXcode V5 Text.app/Contents/Resources/sdk/vexv5/libv5rt.a(vex_timer.cpp.obj)
                0x0000000003803b98                vex::timer::~timer()
                0x0000000003803b98                vex::timer::~timer()
 .text._ZN3vex5timer5clearEv
                0x0000000003803b9c       0x1c /Applications/VEXcode V5 Text.app/Contents/Resources/sdk/vexv5/libv5rt.a(vex_timer.cpp.obj)
                0x0000000003803b9c                vex::timer::clear()
 .text._ZN3vex5timerC2Ev
                0x0000000003803bb8       0x14 /Applications/VEXcode V5 Text.app/Contents/Resources/sdk/vexv5/libv5rt.a(vex_timer.cpp.obj)
                0x0000000003803bb8                vex::timer::timer()
                0x0000000003803bb8                vex::timer::timer()
 .text.vexAdiPortConfigSet
                0x0000000003803bcc       0x28 /Applications/VEXcode V5 Text.app/Contents/Resources/sdk/vexv5/libv5rt.a(v5_apiuser.c.obj)
                0x0000000003803bcc                vexAdiPortConfigSet
 .text.vexAdiPortConfigGet
                0x0000000003803bf4       0x28 /Applications/VEXcode V5 Text.app/Contents/Resources/sdk/vexv5/libv5rt.a(v5_apiuser.c.obj)
                0x0000000003803bf4                vexAdiPortConfigGet
 .text.vexAdiValueGet
                0x0000000003803c1c       0x20 /Applications/VEXcode V5 Text.app/Contents/Resources/sdk/vexv5/libv5rt.a(v5_apiuser.c.obj)
                0x0000000003803c1c                vexAdiValueGet
 .text.vexMotorVelocitySet
                0x0000000003803c3c       0x20 /Applications/VEXcode V5 Text.app/Contents/Resources/sdk/vexv5/libv5rt.a(v5_apiuser.c.obj)
                0x0000000003803c3c                vexMotorVelocitySet
 .text.vexMotorVoltageSet
                0x0000000003803c5c       0x20 /Applications/VEXcode V5 Text.app/Contents/Resources/sdk/vexv5/libv5rt.a(v5_apiuser.c.obj)
                0x0000000003803c5c                vexMotorVoltageSet
 .text.vexMotorActualVelocityGet
                0x0000000003803c7c       0x24 /Applications/VEXcode V5 Text.app/Contents/Resources/sdk/vexv5/libv5rt.a(v5_apiuser.c.obj)
                0x0000000003803c7c                vexMotorActualVelocityGet
 .text.vexMotorZeroPositionFlagGet
                0x0000000003803ca0       0x18 /Applications/VEXcode V5 Text.app/Contents/Resources/sdk/vexv5/libv5rt.a(v5_apiuser.c.obj)
                0x0000000003803ca0                vexMotorZeroPositionFlagGet
 .text.vexMotorReverseFlagSet
                0x0000000003803cb8       0x20 /Applications/VEXcode V5 Text.app/Contents/Resources/sdk/vexv5/libv5rt.a(v5_apiuser.c.obj)
                0x0000000003803cb8                vexMotorReverseFlagSet
 .text.vexMotorEncoderUnitsSet
                0x0000000003803cd8       0x20 /Applications/VEXcode V5 Text.app/Contents/Resources/sdk/vexv5/libv5rt.a(v5_apiuser.c.obj)
                0x0000000003803cd8                vexMotorEncoderUnitsSet
 .text.vexMotorBrakeModeSet
                0x0000000003803cf8       0x20 /Applications/VEXcode V5 Text.app/Contents/Resources/sdk/vexv5/libv5rt.a(v5_apiuser.c.obj)
                0x0000000003803cf8                vexMotorBrakeModeSet
 .text.vexMotorPositionSet
                0x0000000003803d18       0x28 /Applications/VEXcode V5 Text.app/Contents/Resources/sdk/vexv5/libv5rt.a(v5_apiuser.c.obj)
                0x0000000003803d18                vexMotorPositionSet
 .text.vexMotorPositionGet
                0x0000000003803d40       0x24 /Applications/VEXcode V5 Text.app/Contents/Resources/sdk/vexv5/libv5rt.a(v5_apiuser.c.obj)
                0x0000000003803d40                vexMotorPositionGet
 .text.vexMotorRelativeTargetSet
                0x0000000003803d64       0x30 /Applications/VEXcode V5 Text.app/Contents/Resources/sdk/vexv5/libv5rt.a(v5_apiuser.c.obj)
                0x0000000003803d64                vexMotorRelativeTargetSet
 .text.vexMotorGearingGet
                0x0000000003803d94       0x18 /Applications/VEXcode V5 Text.app/Contents/Resources/sdk/vexv5/libv5rt.a(v5_apiuser.c.obj)
                0x0000000003803d94                vexMotorGearingGet
 .text.vexEventMaskSet
                0x0000000003803dac       0x28 /Applications/VEXcode V5 Text.app/Contents/Resources/sdk/vexv5/libv5rt.a(v5_apiuser.c.obj)
                0x0000000003803dac                vexEventMaskSet
 .text.vexEventMaskGet
                0x0000000003803dd4       0x18 /Applications/VEXcode V5 Text.app/Contents/Resources/sdk/vexv5/libv5rt.a(v5_apiuser.c.obj)
                0x0000000003803dd4                vexEventMaskGet
 .text._ZN3vex6device5valueEv
                0x0000000003803dec        0x8 /Applications/VEXcode V5 Text.app/Contents/Resources/sdk/vexv5/libv5rt.a(vex_device.cpp.obj)
                0x0000000003803dec                vex::device::value()
 .text._ZN3vex6deviceD2Ev
                0x0000000003803df4        0x4 /Applications/VEXcode V5 Text.app/Contents/Resources/sdk/vexv5/libv5rt.a(vex_device.cpp.obj)
                0x0000000003803df4                vex::device::~device()
                0x0000000003803df4                vex::device::~device()
 .text._ZN3vex6device4initEl
                0x0000000003803df8       0x30 /Applications/VEXcode V5 Text.app/Contents/Resources/sdk/vexv5/libv5rt.a(vex_device.cpp.obj)
                0x0000000003803df8                vex::device::init(long)
 .text._ZN3vex6deviceC2El
                0x0000000003803e28       0x20 /Applications/VEXcode V5 Text.app/Contents/Resources/sdk/vexv5/libv5rt.a(vex_device.cpp.obj)
                0x0000000003803e28                vex::device::device(long)
                0x0000000003803e28                vex::device::device(long)
 .text._ZN3vex6device4typeEv
                0x0000000003803e48       0x10 /Applications/VEXcode V5 Text.app/Contents/Resources/sdk/vexv5/libv5rt.a(vex_device.cpp.obj)
                0x0000000003803e48                vex::device::type()
 .text._ZN3vex6device9installedEv
                0x0000000003803e58       0x14 /Applications/VEXcode V5 Text.app/Contents/Resources/sdk/vexv5/libv5rt.a(vex_device.cpp.obj)
                0x0000000003803e58                vex::device::installed()
 .text.__libc_fini_array
                0x0000000003803e6c       0x30 /Applications/VEXcode V5 Text.app/Contents/Resources/sdk/vexv5/gcc/libs/libc.a(lib_a-fini.o)
                0x0000000003803e6c                __libc_fini_array
 .text.__libc_init_array
                0x0000000003803e9c       0x58 /Applications/VEXcode V5 Text.app/Contents/Resources/sdk/vexv5/gcc/libs/libc.a(lib_a-init.o)
                0x0000000003803e9c                __libc_init_array
 *fill*         0x0000000003803ef4        0x4 
 .text.__libc_init_array.__stub
                0x0000000003803ef8       0x10 linker stubs
 *(.gnu.linkonce.t.*)
 *(.plt)
 *(.gnu_warning)
 *(.gcc_except_table)
 *(.glue_7)
 .glue_7        0x0000000003803f08        0x0 linker stubs
 *(.glue_7t)
 .glue_7t       0x0000000003803f08        0x0 linker stubs
 *(.vfp11_veneer)
 .vfp11_veneer  0x0000000003803f08        0x0 linker stubs
 *(.ARM.extab)
 *(.gnu.linkonce.armextab.*)

.v4_bx          0x0000000003803f08        0x0
 .v4_bx         0x0000000003803f08        0x0 linker stubs

.iplt           0x0000000003803f08        0x0
 .iplt          0x0000000003803f08        0x0 build/src/main.o

.init
 *(.init)

.fini
 *(.fini)

.rodata         0x0000000003803f08      0x17c
                0x0000000003803f08                __rodata_start = .
 *(.rodata)
 *(.rodata.*)
 .rodata.str1.1
                0x0000000003803f08       0x57 build/src/main.o
 *fill*         0x0000000003803f5f        0x1 
 .rodata..Lconstinit
                0x0000000003803f60       0x30 build/src/main.o
 .rodata.str1.1
                0x0000000003803f90       0x2e /Applications/VEXcode V5 Text.app/Contents/Resources/sdk/vexv5/libv5rt.a(v5_startup.c.obj)
 *fill*         0x0000000003803fbe        0x2 
 .rodata._ZN3vex6PORT22E
                0x0000000003803fc0        0x4 /Applications/VEXcode V5 Text.app/Contents/Resources/sdk/vexv5/libv5rt.a(vex_global.cpp.obj)
                0x0000000003803fc0                vex::PORT22
 .rodata._ZN3vex5PORT4E
                0x0000000003803fc4        0x4 /Applications/VEXcode V5 Text.app/Contents/Resources/sdk/vexv5/libv5rt.a(vex_global.cpp.obj)
                0x0000000003803fc4                vex::PORT4
 .rodata._ZN3vex5PORT5E
                0x0000000003803fc8        0x4 /Applications/VEXcode V5 Text.app/Contents/Resources/sdk/vexv5/libv5rt.a(vex_global.cpp.obj)
                0x0000000003803fc8                vex::PORT5
 .rodata._ZN3vex5PORT6E
                0x0000000003803fcc        0x4 /Applications/VEXcode V5 Text.app/Contents/Resources/sdk/vexv5/libv5rt.a(vex_global.cpp.obj)
                0x0000000003803fcc                vex::PORT6
 .rodata._ZN3vex5PORT7E
                0x0000000003803fd0        0x4 /Applications/VEXcode V5 Text.app/Contents/Resources/sdk/vexv5/libv5rt.a(vex_global.cpp.obj)
                0x0000000003803fd0                vex::PORT7
 .rodata._ZN3vex5PORT8E
                0x0000000003803fd4        0x4 /Applications/VEXcode V5 Text.app/Contents/Resources/sdk/vexv5/libv5rt.a(vex_global.cpp.obj)
                0x0000000003803fd4                vex::PORT8
 .rodata._ZN3vex5PORT9E
                0x0000000003803fd8        0x4 /Applications/VEXcode V5 Text.app/Contents/Resources/sdk/vexv5/libv5rt.a(vex_global.cpp.obj)
                0x0000000003803fd8                vex::PORT9
 .rodata._ZN3vex6PORT10E
                0x0000000003803fdc        0x4 /Applications/VEXcode V5 Text.app/Contents/Resources/sdk/vexv5/libv5rt.a(vex_global.cpp.obj)
                0x0000000003803fdc                vex::PORT10
 .rodata._ZN3vex6PORT20E
                0x0000000003803fe0        0x4 /Applications/VEXcode V5 Text.app/Contents/Resources/sdk/vexv5/libv5rt.a(vex_global.cpp.obj)
                0x0000000003803fe0                vex::PORT20
 *fill*         0x0000000003803fe4        0x4 
 .rodata._ZTVN3vex5motorE
                0x0000000003803fe8       0x10 /Applications/VEXcode V5 Text.app/Contents/Resources/sdk/vexv5/libv5rt.a(vex_motor.cpp.obj)
                0x0000000003803fe8                vtable for vex::motor
 .rodata.CSWTCH.15
                0x0000000003803ff8        0xb /Applications/VEXcode V5 Text.app/Contents/Resources/sdk/vexv5/libv5rt.a(vex_controller.cpp.obj)
 .rodata.CSWTCH.17
                0x0000000003804003        0xb /Applications/VEXcode V5 Text.app/Contents/Resources/sdk/vexv5/libv5rt.a(vex_controller.cpp.obj)
 .rodata.CSWTCH.23
                0x000000000380400e        0x3 /Applications/VEXcode V5 Text.app/Contents/Resources/sdk/vexv5/libv5rt.a(vex_controller.cpp.obj)
 .rodata.str1.1
                0x0000000003804011        0xa /Applications/VEXcode V5 Text.app/Contents/Resources/sdk/vexv5/libv5rt.a(vex_task.cpp.obj)
 .rodata.str1.1
                0x000000000380401b        0xa /Applications/VEXcode V5 Text.app/Contents/Resources/sdk/vexv5/libv5rt.a(vex_thread.cpp.obj)
 .rodata.str1.1
                0x0000000003804025       0x1a /Applications/VEXcode V5 Text.app/Contents/Resources/sdk/vexv5/libv5rt.a(vex_brain.cpp.obj)
 *fill*         0x000000000380403f        0x1 
 .rodata._ZTVN3vex7triportE
                0x0000000003804040       0x10 /Applications/VEXcode V5 Text.app/Contents/Resources/sdk/vexv5/libv5rt.a(vex_triport.cpp.obj)
                0x0000000003804040                vtable for vex::triport
 .rodata.CSWTCH.30
                0x0000000003804050       0x10 /Applications/VEXcode V5 Text.app/Contents/Resources/sdk/vexv5/libv5rt.a(vex_triport.cpp.obj)
 .rodata.CSWTCH.25
                0x0000000003804060        0xe /Applications/VEXcode V5 Text.app/Contents/Resources/sdk/vexv5/libv5rt.a(vex_triport.cpp.obj)
 *fill*         0x000000000380406e        0x2 
 .rodata._ZTVN3vex6deviceE
                0x0000000003804070       0x10 /Applications/VEXcode V5 Text.app/Contents/Resources/sdk/vexv5/libv5rt.a(vex_device.cpp.obj)
                0x0000000003804070                vtable for vex::device
 .rodata.str1.4
                0x0000000003804080        0x4 /Applications/VEXcode V5 Text.app/Contents/Resources/sdk/vexv5/gcc/libs/libc.a(lib_a-impure.o)
                                          0x2 (size before relaxing)
 *(.gnu.linkonce.r.*)
                0x0000000003804084                __rodata_end = .

.rodata1        0x0000000003804084        0x0
                0x0000000003804084                __rodata1_start = .
 *(.rodata1)
 *(.rodata1.*)
                0x0000000003804084                __rodata1_end = .

.sdata2         0x0000000003804084        0x0
                0x0000000003804084                __sdata2_start = .
 *(.sdata2)
 *(.sdata2.*)
 *(.gnu.linkonce.s2.*)
                0x0000000003804084                __sdata2_end = .

.sbss2          0x0000000003804084        0x0
                0x0000000003804084                __sbss2_start = .
 *(.sbss2)
 *(.sbss2.*)
 *(.gnu.linkonce.sb2.*)
                0x0000000003804084                __sbss2_end = .

.data           0x0000000003804088      0x474
                0x0000000003804088                __data_start = .
 *(.data)
 *(.data.*)
 .data.minPct   0x0000000003804088        0x4 build/src/main.o
                0x0000000003804088                minPct
 .data.maxPotVal
                0x000000000380408c        0x4 build/src/main.o
                0x000000000380408c                maxPotVal
 .data.squareDistance
                0x0000000003804090        0x8 build/src/main.o
                0x0000000003804090                squareDistance
 .data.distance1a
                0x0000000003804098        0x8 build/src/main.o
                0x0000000003804098                distance1a
 .data.distance1b
                0x00000000038040a0        0x8 build/src/main.o
                0x00000000038040a0                distance1b
 .data.turn1a   0x00000000038040a8        0x8 build/src/main.o
                0x00000000038040a8                turn1a
 .data.distance1c
                0x00000000038040b0        0x8 build/src/main.o
                0x00000000038040b0                distance1c
 .data.distance1d
                0x00000000038040b8        0x8 build/src/main.o
                0x00000000038040b8                distance1d
 .data.appRunning
                0x00000000038040c0        0x4 /Applications/VEXcode V5 Text.app/Contents/Resources/sdk/vexv5/libv5rt.a(v5_startup.c.obj)
                0x00000000038040c0                appRunning
 .data.__yoff   0x00000000038040c4        0x4 /Applications/VEXcode V5 Text.app/Contents/Resources/sdk/vexv5/libv5rt.a(v5_apijump.c.obj)
 .data._ZN3vex3revE
                0x00000000038040c8        0x4 /Applications/VEXcode V5 Text.app/Contents/Resources/sdk/vexv5/libv5rt.a(vex_global.cpp.obj)
                0x00000000038040c8                vex::rev
 .data._ZN3vex4holdE
                0x00000000038040cc        0x4 /Applications/VEXcode V5 Text.app/Contents/Resources/sdk/vexv5/libv5rt.a(vex_global.cpp.obj)
                0x00000000038040cc                vex::hold
 .data.impure_data
                0x00000000038040d0      0x428 /Applications/VEXcode V5 Text.app/Contents/Resources/sdk/vexv5/gcc/libs/libc.a(lib_a-impure.o)
 .data._impure_ptr
                0x00000000038044f8        0x4 /Applications/VEXcode V5 Text.app/Contents/Resources/sdk/vexv5/gcc/libs/libc.a(lib_a-impure.o)
                0x00000000038044f8                _impure_ptr
 *(.gnu.linkonce.d.*)
 *(.jcr)
 *(.got)
 *(.got.plt)
                0x00000000038044fc                __data_end = .

.igot.plt       0x00000000038044fc        0x0
 .igot.plt      0x00000000038044fc        0x0 build/src/main.o

.data1          0x00000000038044fc        0x0
                0x00000000038044fc                __data1_start = .
 *(.data1)
 *(.data1.*)
                0x00000000038044fc                __data1_end = .

.got
 *(.got)

.ctors          0x00000000038044fc        0x0
                0x00000000038044fc                __CTOR_LIST__ = .
                0x00000000038044fc                ___CTORS_LIST___ = .
 *crtbegin.o(.ctors)
 *(EXCLUDE_FILE(*crtend.o) .ctors)
 *(SORT_BY_NAME(.ctors.*))
 *(.ctors)
                0x00000000038044fc                __CTOR_END__ = .
                0x00000000038044fc                ___CTORS_END___ = .

.dtors          0x00000000038044fc        0x0
                0x00000000038044fc                __DTOR_LIST__ = .
                0x00000000038044fc                ___DTORS_LIST___ = .
 *crtbegin.o(.dtors)
 *(EXCLUDE_FILE(*crtend.o) .dtors)
 *(SORT_BY_NAME(.dtors.*))
 *(.dtors)
                0x00000000038044fc                __DTOR_END__ = .
                0x00000000038044fc                ___DTORS_END___ = .

.fixup          0x00000000038044fc        0x0
                0x00000000038044fc                __fixup_start = .
 *(.fixup)
                0x00000000038044fc                __fixup_end = .

.eh_frame
 *(.eh_frame)

.eh_framehdr    0x00000000038044fc        0x0
                0x00000000038044fc                __eh_framehdr_start = .
 *(.eh_framehdr)
                0x00000000038044fc                __eh_framehdr_end = .

.gcc_except_table
 *(.gcc_except_table)

.mmu_tbl        0x0000000003808000        0x0
                0x0000000003808000                __mmu_tbl_start = .
 *(.mmu_tbl)
                0x0000000003808000                __mmu_tbl_end = .

.ARM.exidx      0x00000000038044fc        0x8
                0x00000000038044fc                __exidx_start = .
 *(.ARM.exidx*)
 .ARM.exidx.text._Z6vdrivedd
                0x00000000038044fc        0x8 build/src/main.o
 .ARM.exidx.text._Z8moveTrayi
                0x0000000003804504        0x0 build/src/main.o
                                          0x8 (size before relaxing)
 .ARM.exidx.text._Z13intakeControlv
                0x0000000003804504        0x0 build/src/main.o
                                          0x8 (size before relaxing)
 .ARM.exidx.text._Z10armControlv
                0x0000000003804504        0x0 build/src/main.o
                                          0x8 (size before relaxing)
 .ARM.exidx.text._Z21moveBackAutomaticallyv
                0x0000000003804504        0x0 build/src/main.o
                                          0x8 (size before relaxing)
 .ARM.exidx.text._Z11trayControlv
                0x0000000003804504        0x0 build/src/main.o
                                          0x8 (size before relaxing)
 .ARM.exidx.text._Z17basicEncoderDriveddb
                0x0000000003804504        0x0 build/src/main.o
                                          0x8 (size before relaxing)
 .ARM.exidx.text._Z16basicEncoderTurnddb
                0x0000000003804504        0x0 build/src/main.o
                                          0x8 (size before relaxing)
 .ARM.exidx.text._Z10deployTrayv
                0x0000000003804504        0x0 build/src/main.o
                                          0x8 (size before relaxing)
 .ARM.exidx.text._Z11outtakeSomev
                0x0000000003804504        0x0 build/src/main.o
                                          0x8 (size before relaxing)
 .ARM.exidx.text._Z7noAutonv
                0x0000000003804504        0x0 build/src/main.o
                                          0x8 (size before relaxing)
 .ARM.exidx.text._Z4red1v
                0x0000000003804504        0x0 build/src/main.o
                                          0x8 (size before relaxing)
 .ARM.exidx.text._Z4red2v
                0x0000000003804504        0x0 build/src/main.o
                                          0x8 (size before relaxing)
 .ARM.exidx.text._Z5blue1v
                0x0000000003804504        0x0 build/src/main.o
                                          0x8 (size before relaxing)
 .ARM.exidx.text._Z5blue2v
                0x0000000003804504        0x0 build/src/main.o
                                          0x8 (size before relaxing)
 .ARM.exidx.text._Z4testv
                0x0000000003804504        0x0 build/src/main.o
                                          0x8 (size before relaxing)
 .ARM.exidx.text._ZNSt6vectorI5AutonSaIS0_EEC2ESt16initializer_listIS0_ERKS1_
                0x0000000003804504        0x0 build/src/main.o
                                          0x8 (size before relaxing)
 .ARM.exidx.text._ZNSt6vectorI5AutonSaIS0_EED2Ev
                0x0000000003804504        0x0 build/src/main.o
                                          0x8 (size before relaxing)
 .ARM.exidx.text._Z11drawButtonsv
                0x0000000003804504        0x0 build/src/main.o
                                          0x8 (size before relaxing)
 .ARM.exidx.text._Z11screenPressii
                0x0000000003804504        0x0 build/src/main.o
                                          0x8 (size before relaxing)
 .ARM.exidx.text._Z13pre_autonTaskv
                0x0000000003804504        0x0 build/src/main.o
                                          0x8 (size before relaxing)
 .ARM.exidx.text._Z14armBrakeTogglev
                0x0000000003804504        0x0 build/src/main.o
                                          0x8 (size before relaxing)
 .ARM.exidx.text._Z11usercontrolv
                0x0000000003804504        0x0 build/src/main.o
                                          0x8 (size before relaxing)
 .ARM.exidx.text._Z8theAutonv
                0x0000000003804504        0x0 build/src/main.o
                                          0x8 (size before relaxing)
 .ARM.exidx.text.main
                0x0000000003804504        0x0 build/src/main.o
                                          0x8 (size before relaxing)
 .ARM.exidx.text._ZNSt12_Vector_baseI5AutonSaIS0_EE11_M_allocateEj
                0x0000000003804504        0x0 build/src/main.o
                                          0x8 (size before relaxing)
 .ARM.exidx.text._GLOBAL__sub_I_main.cpp
                0x0000000003804504        0x0 build/src/main.o
                                          0x8 (size before relaxing)
 *(.gnu.linkonce.armexidix.*.*)
                0x0000000003804504                __exidx_end = .

.rel.dyn        0x0000000003804504        0x0
 .rel.iplt      0x0000000003804504        0x0 build/src/main.o

.preinit_array  0x0000000003804504        0x0
                0x0000000003804504                __preinit_array_start = .
 *(SORT_BY_NAME(.preinit_array.*))
 *(.preinit_array)
                0x0000000003804504                __preinit_array_end = .

.init_array     0x0000000003804504       0x10
                0x0000000003804504                __init_array_start = .
 *(SORT_BY_NAME(.init_array.*))
 *(.init_array)
 .init_array    0x0000000003804504        0x4 build/src/main.o
 .init_array    0x0000000003804508        0x4 /Applications/VEXcode V5 Text.app/Contents/Resources/sdk/vexv5/libv5rt.a(vex_motor.cpp.obj)
 .init_array    0x000000000380450c        0x4 /Applications/VEXcode V5 Text.app/Contents/Resources/sdk/vexv5/libv5rt.a(vex_triport.cpp.obj)
 .init_array    0x0000000003804510        0x4 /Applications/VEXcode V5 Text.app/Contents/Resources/sdk/vexv5/libv5rt.a(vex_color.cpp.obj)
                0x0000000003804514                __init_array_end = .

.fini_array     0x0000000003804514        0x0
                0x0000000003804514                __fini_array_start = .
 *(SORT_BY_NAME(.fini_array.*))
 *(.fini_array)
                0x0000000003804514                __fini_array_end = .

.ARM.attributes
                0x0000000003804514       0x3a
                0x0000000003804514                __ARM.attributes_start = .
 *(.ARM.attributes)
 .ARM.attributes
                0x0000000003804514       0x3a build/src/main.o
 .ARM.attributes
                0x000000000380454e       0x35 /Applications/VEXcode V5 Text.app/Contents/Resources/sdk/vexv5/libv5rt.a(v5_startup.c.obj)
 .ARM.attributes
                0x0000000003804583       0x35 /Applications/VEXcode V5 Text.app/Contents/Resources/sdk/vexv5/libv5rt.a(v5_util.c.obj)
 .ARM.attributes
                0x00000000038045b8       0x35 /Applications/VEXcode V5 Text.app/Contents/Resources/sdk/vexv5/libv5rt.a(v5_apijump.c.obj)
 .ARM.attributes
                0x00000000038045ed       0x35 /Applications/VEXcode V5 Text.app/Contents/Resources/sdk/vexv5/libv5rt.a(v5_apiversions.c.obj)
 .ARM.attributes
                0x0000000003804622       0x35 /Applications/VEXcode V5 Text.app/Contents/Resources/sdk/vexv5/libv5rt.a(vex_global.cpp.obj)
 .ARM.attributes
                0x0000000003804657       0x35 /Applications/VEXcode V5 Text.app/Contents/Resources/sdk/vexv5/libv5rt.a(vex_motor.cpp.obj)
 .ARM.attributes
                0x000000000380468c       0x35 /Applications/VEXcode V5 Text.app/Contents/Resources/sdk/vexv5/libv5rt.a(vex_controller.cpp.obj)
 .ARM.attributes
                0x00000000038046c1       0x35 /Applications/VEXcode V5 Text.app/Contents/Resources/sdk/vexv5/libv5rt.a(vex_task.cpp.obj)
 .ARM.attributes
                0x00000000038046f6       0x35 /Applications/VEXcode V5 Text.app/Contents/Resources/sdk/vexv5/libv5rt.a(vex_thread.cpp.obj)
 .ARM.attributes
                0x000000000380472b       0x35 /Applications/VEXcode V5 Text.app/Contents/Resources/sdk/vexv5/libv5rt.a(vex_event.cpp.obj)
 .ARM.attributes
                0x0000000003804760       0x35 /Applications/VEXcode V5 Text.app/Contents/Resources/sdk/vexv5/libv5rt.a(vex_mevent.cpp.obj)
 .ARM.attributes
                0x0000000003804795       0x35 /Applications/VEXcode V5 Text.app/Contents/Resources/sdk/vexv5/libv5rt.a(vex_brain.cpp.obj)
 .ARM.attributes
                0x00000000038047ca       0x35 /Applications/VEXcode V5 Text.app/Contents/Resources/sdk/vexv5/libv5rt.a(vex_competition.cpp.obj)
 .ARM.attributes
                0x00000000038047ff       0x35 /Applications/VEXcode V5 Text.app/Contents/Resources/sdk/vexv5/libv5rt.a(vex_triport.cpp.obj)
 .ARM.attributes
                0x0000000003804834       0x35 /Applications/VEXcode V5 Text.app/Contents/Resources/sdk/vexv5/libv5rt.a(vex_color.cpp.obj)
 .ARM.attributes
                0x0000000003804869       0x35 /Applications/VEXcode V5 Text.app/Contents/Resources/sdk/vexv5/libv5rt.a(vex_timer.cpp.obj)
 .ARM.attributes
                0x000000000380489e       0x35 /Applications/VEXcode V5 Text.app/Contents/Resources/sdk/vexv5/libv5rt.a(v5_apiuser.c.obj)
 .ARM.attributes
                0x00000000038048d3       0x35 /Applications/VEXcode V5 Text.app/Contents/Resources/sdk/vexv5/libv5rt.a(vex_device.cpp.obj)
 .ARM.attributes
                0x0000000003804908       0x19 /Applications/VEXcode V5 Text.app/Contents/Resources/sdk/vexv5/gcc/libs/libc.a(lib_a-aeabi_memmove-soft.o)
 .ARM.attributes
                0x0000000003804921       0x2b /Applications/VEXcode V5 Text.app/Contents/Resources/sdk/vexv5/gcc/libs/libc.a(lib_a-fini.o)
 .ARM.attributes
                0x000000000380494c       0x2b /Applications/VEXcode V5 Text.app/Contents/Resources/sdk/vexv5/gcc/libs/libc.a(lib_a-impure.o)
 .ARM.attributes
                0x0000000003804977       0x2b /Applications/VEXcode V5 Text.app/Contents/Resources/sdk/vexv5/gcc/libs/libc.a(lib_a-init.o)
                0x00000000038049a2                __ARM.attributes_end = .

.sdata          0x0000000003804514        0x0
                0x0000000003804514                __sdata_start = .
 *(.sdata)
 *(.sdata.*)
 *(.gnu.linkonce.s.*)
                0x0000000003804514                __sdata_end = .

.sbss           0x0000000003804514        0x0
                0x0000000003804514                __sbss_start = .
 *(.sbss)
 *(.sbss.*)
 *(.gnu.linkonce.sb.*)
                0x0000000003804514                __sbss_end = .

.tdata          0x0000000003804514        0x0
                0x0000000003804514                __tdata_start = .
 *(.tdata)
 *(.tdata.*)
 *(.gnu.linkonce.td.*)
                0x0000000003804514                __tdata_end = .

.tbss           0x0000000003804514        0x0
                0x0000000003804514                __tbss_start = .
 *(.tbss)
 *(.tbss.*)
 *(.gnu.linkonce.tb.*)
                0x0000000003804514                __tbss_end = .

.bss            0x0000000003804518      0x709
                0x0000000003804518                __bss_start = .
 *(.bss)
 *(.bss.*)
 .bss.Brain     0x0000000003804518      0x2e0 build/src/main.o
                0x0000000003804518                Brain
 .bss.Competition
                0x00000000038047f8       0x28 build/src/main.o
                0x00000000038047f8                Competition
 .bss.Controller
                0x0000000003804820      0x1e0 build/src/main.o
                0x0000000003804820                Controller
 .bss.rF        0x0000000003804a00       0x28 build/src/main.o
                0x0000000003804a00                rF
 .bss.rB        0x0000000003804a28       0x28 build/src/main.o
                0x0000000003804a28                rB
 .bss.lF        0x0000000003804a50       0x28 build/src/main.o
                0x0000000003804a50                lF
 .bss.lB        0x0000000003804a78       0x28 build/src/main.o
                0x0000000003804a78                lB
 .bss.arm       0x0000000003804aa0       0x28 build/src/main.o
                0x0000000003804aa0                arm
 .bss.tray      0x0000000003804ac8       0x28 build/src/main.o
                0x0000000003804ac8                tray
 .bss.rin       0x0000000003804af0       0x28 build/src/main.o
                0x0000000003804af0                rin
 .bss.lin       0x0000000003804b18       0x28 build/src/main.o
                0x0000000003804b18                lin
 .bss.trayPot   0x0000000003804b40       0x1c build/src/main.o
                0x0000000003804b40                trayPot
 .bss.trayLimit
                0x0000000003804b5c       0x20 build/src/main.o
                0x0000000003804b5c                trayLimit
 .bss.intaking  0x0000000003804b7c        0x1 build/src/main.o
                0x0000000003804b7c                intaking
 .bss.trayMovingBackAutomat
                0x0000000003804b7d        0x1 build/src/main.o
                0x0000000003804b7d                trayMovingBackAutomat
 *fill*         0x0000000003804b7e        0x2 
 .bss.distance2c
                0x0000000003804b80        0x8 build/src/main.o
                0x0000000003804b80                distance2c
 .bss.autonNum  0x0000000003804b88        0x4 build/src/main.o
                0x0000000003804b88                autonNum
 .bss.preAutonBool
                0x0000000003804b8c        0x1 build/src/main.o
                0x0000000003804b8c                preAutonBool
 *fill*         0x0000000003804b8d        0x3 
 .bss.autons    0x0000000003804b90        0xc build/src/main.o
                0x0000000003804b90                autons
 .bss.isBraking
                0x0000000003804b9c        0x1 build/src/main.o
                0x0000000003804b9c                isBraking
 *fill*         0x0000000003804b9d        0x3 
 .bss.__dso_handle
                0x0000000003804ba0        0x4 /Applications/VEXcode V5 Text.app/Contents/Resources/sdk/vexv5/libv5rt.a(v5_startup.c.obj)
                0x0000000003804ba0                __dso_handle
 .bss.lastTime.8082
                0x0000000003804ba4        0x4 /Applications/VEXcode V5 Text.app/Contents/Resources/sdk/vexv5/libv5rt.a(v5_apijump.c.obj)
 .bss._ZN3vex3pctE
                0x0000000003804ba8        0x4 /Applications/VEXcode V5 Text.app/Contents/Resources/sdk/vexv5/libv5rt.a(vex_global.cpp.obj)
                0x0000000003804ba8                vex::pct
 .bss._ZN3vex3fwdE
                0x0000000003804bac        0x4 /Applications/VEXcode V5 Text.app/Contents/Resources/sdk/vexv5/libv5rt.a(vex_global.cpp.obj)
                0x0000000003804bac                vex::fwd
 .bss._ZN3vex5coastE
                0x0000000003804bb0        0x4 /Applications/VEXcode V5 Text.app/Contents/Resources/sdk/vexv5/libv5rt.a(vex_global.cpp.obj)
                0x0000000003804bb0                vex::coast
 .bss._ZStL8__ioinit
                0x0000000003804bb4        0x1 /Applications/VEXcode V5 Text.app/Contents/Resources/sdk/vexv5/libv5rt.a(vex_motor.cpp.obj)
 *fill*         0x0000000003804bb5        0x3 
 .bss._ZN3vex4task8_labelIdE
                0x0000000003804bb8        0x4 /Applications/VEXcode V5 Text.app/Contents/Resources/sdk/vexv5/libv5rt.a(vex_task.cpp.obj)
                0x0000000003804bb8                vex::task::_labelId
 .bss._ZN3vex6thread8_labelIdE
                0x0000000003804bbc        0x4 /Applications/VEXcode V5 Text.app/Contents/Resources/sdk/vexv5/libv5rt.a(vex_thread.cpp.obj)
                0x0000000003804bbc                vex::thread::_labelId
 .bss._ZN3vex11competition22bStopTasksBetweenModesE
                0x0000000003804bc0        0x1 /Applications/VEXcode V5 Text.app/Contents/Resources/sdk/vexv5/libv5rt.a(vex_competition.cpp.obj)
                0x0000000003804bc0                vex::competition::bStopTasksBetweenModes
 .bss._ZN3vex11competition25bStopAllTasksBetweenModesE
                0x0000000003804bc1        0x1 /Applications/VEXcode V5 Text.app/Contents/Resources/sdk/vexv5/libv5rt.a(vex_competition.cpp.obj)
                0x0000000003804bc1                vex::competition::bStopAllTasksBetweenModes
 .bss._ZN3vex11competition14_auton_pendingE
                0x0000000003804bc2        0x1 /Applications/VEXcode V5 Text.app/Contents/Resources/sdk/vexv5/libv5rt.a(vex_competition.cpp.obj)
                0x0000000003804bc2                vex::competition::_auton_pending
 *fill*         0x0000000003804bc3        0x1 
 .bss._ZN3vex11competition20_autonomous_callbackE
                0x0000000003804bc4        0x4 /Applications/VEXcode V5 Text.app/Contents/Resources/sdk/vexv5/libv5rt.a(vex_competition.cpp.obj)
                0x0000000003804bc4                vex::competition::_autonomous_callback
 .bss._ZN3vex11competition23_drivercontrol_callbackE
                0x0000000003804bc8        0x4 /Applications/VEXcode V5 Text.app/Contents/Resources/sdk/vexv5/libv5rt.a(vex_competition.cpp.obj)
                0x0000000003804bc8                vex::competition::_drivercontrol_callback
 .bss._ZN3vex11competition15_driver_pendingE
                0x0000000003804bcc        0x1 /Applications/VEXcode V5 Text.app/Contents/Resources/sdk/vexv5/libv5rt.a(vex_competition.cpp.obj)
                0x0000000003804bcc                vex::competition::_driver_pending
 .bss._ZStL8__ioinit
                0x0000000003804bcd        0x1 /Applications/VEXcode V5 Text.app/Contents/Resources/sdk/vexv5/libv5rt.a(vex_triport.cpp.obj)
 *fill*         0x0000000003804bce        0x2 
 .bss._ZN3vex5color6orangeE
                0x0000000003804bd0        0x8 /Applications/VEXcode V5 Text.app/Contents/Resources/sdk/vexv5/libv5rt.a(vex_color.cpp.obj)
                0x0000000003804bd0                vex::color::orange
 .bss._ZN3vex5color5blackE
                0x0000000003804bd8        0x8 /Applications/VEXcode V5 Text.app/Contents/Resources/sdk/vexv5/libv5rt.a(vex_color.cpp.obj)
                0x0000000003804bd8                vex::color::black
 .bss._ZN3vex5color6yellowE
                0x0000000003804be0        0x8 /Applications/VEXcode V5 Text.app/Contents/Resources/sdk/vexv5/libv5rt.a(vex_color.cpp.obj)
                0x0000000003804be0                vex::color::yellow
 .bss._ZN3vex5color5greenE
                0x0000000003804be8        0x8 /Applications/VEXcode V5 Text.app/Contents/Resources/sdk/vexv5/libv5rt.a(vex_color.cpp.obj)
                0x0000000003804be8                vex::color::green
 .bss._ZN3vex5color6purpleE
                0x0000000003804bf0        0x8 /Applications/VEXcode V5 Text.app/Contents/Resources/sdk/vexv5/libv5rt.a(vex_color.cpp.obj)
                0x0000000003804bf0                vex::color::purple
 .bss._ZN3vex5color4cyanE
                0x0000000003804bf8        0x8 /Applications/VEXcode V5 Text.app/Contents/Resources/sdk/vexv5/libv5rt.a(vex_color.cpp.obj)
                0x0000000003804bf8                vex::color::cyan
 .bss._ZN3vex5color4blueE
                0x0000000003804c00        0x8 /Applications/VEXcode V5 Text.app/Contents/Resources/sdk/vexv5/libv5rt.a(vex_color.cpp.obj)
                0x0000000003804c00                vex::color::blue
 .bss._ZN3vex5color3redE
                0x0000000003804c08        0x8 /Applications/VEXcode V5 Text.app/Contents/Resources/sdk/vexv5/libv5rt.a(vex_color.cpp.obj)
                0x0000000003804c08                vex::color::red
 .bss._ZN3vex5color11transparentE
                0x0000000003804c10        0x8 /Applications/VEXcode V5 Text.app/Contents/Resources/sdk/vexv5/libv5rt.a(vex_color.cpp.obj)
                0x0000000003804c10                vex::color::transparent
 .bss._ZN3vex5color5whiteE
                0x0000000003804c18        0x8 /Applications/VEXcode V5 Text.app/Contents/Resources/sdk/vexv5/libv5rt.a(vex_color.cpp.obj)
                0x0000000003804c18                vex::color::white
 *(.gnu.linkonce.b.*)
 *(COMMON)
 COMMON         0x0000000003804c20        0x1 /Applications/VEXcode V5 Text.app/Contents/Resources/sdk/vexv5/libv5rt.a(v5_startup.c.obj)
                0x0000000003804c20                __vex_critical_section
                0x0000000003804c21                __bss_end = .
                0x0000000003804514                _SDA_BASE_ = (__sdata_start + ((__sbss_end - __sdata_start) / 0x2))
                0x0000000003804084                _SDA2_BASE_ = (__sdata2_start + ((__sbss2_end - __sdata2_start) / 0x2))

.heap           0x0000000003804c21   0x10000f
                0x0000000003804c30                . = ALIGN (0x10)
 *fill*         0x0000000003804c21        0xf 
                0x0000000003804c30                _heap = .
                0x0000000003804c30                HeapBase = .
                0x0000000003804c30                _heap_start = .
                0x0000000003904c30                . = (. + _HEAP_SIZE)
 *fill*         0x0000000003804c30   0x100000 
                0x0000000003904c30                _heap_end = .
                0x0000000003904c30                HeapLimit = .

.stack          0x0000000003904c30     0x3800
                0x0000000003904c30                . = ALIGN (0x10)
                0x0000000003904c30                _stack_end = .
                0x0000000003906c30                . = (. + _STACK_SIZE)
 *fill*         0x0000000003904c30     0x2000 
                0x0000000003906c30                . = ALIGN (0x10)
                0x0000000003906c30                _stack = .
                0x0000000003906c30                __stack = _stack
                0x0000000003906c30                . = ALIGN (0x10)
                0x0000000003906c30                _irq_stack_end = .
                0x0000000003907030                . = (. + _IRQ_STACK_SIZE)
 *fill*         0x0000000003906c30      0x400 
                0x0000000003907030                . = ALIGN (0x10)
                0x0000000003907030                __irq_stack = .
                0x0000000003907030                _supervisor_stack_end = .
                0x0000000003907830                . = (. + _SUPERVISOR_STACK_SIZE)
 *fill*         0x0000000003907030      0x800 
                0x0000000003907830                . = ALIGN (0x10)
                0x0000000003907830                __supervisor_stack = .
                0x0000000003907830                _abort_stack_end = .
                0x0000000003907c30                . = (. + _ABORT_STACK_SIZE)
 *fill*         0x0000000003907830      0x400 
                0x0000000003907c30                . = ALIGN (0x10)
                0x0000000003907c30                __abort_stack = .
                0x0000000003907c30                _fiq_stack_end = .
                0x0000000003908030                . = (. + _FIQ_STACK_SIZE)
 *fill*         0x0000000003907c30      0x400 
                0x0000000003908030                . = ALIGN (0x10)
                0x0000000003908030                __fiq_stack = .
                0x0000000003908030                _undef_stack_end = .
                0x0000000003908430                . = (. + _UNDEF_STACK_SIZE)
 *fill*         0x0000000003908030      0x400 
                0x0000000003908430                . = ALIGN (0x10)
                0x0000000003908430                __undef_stack = .
                0x0000000003908430                _end = .
LOAD /Applications/VEXcode V5 Text.app/Contents/Resources/sdk/vexv5/stdlib_0.lib
LOAD build/src/main.o
START GROUP
LOAD /Applications/VEXcode V5 Text.app/Contents/Resources/sdk/vexv5/libv5rt.a
LOAD /Applications/VEXcode V5 Text.app/Contents/Resources/sdk/vexv5/gcc/libs/libstdc++.a
LOAD /Applications/VEXcode V5 Text.app/Contents/Resources/sdk/vexv5/gcc/libs/libc.a
LOAD /Applications/VEXcode V5 Text.app/Contents/Resources/sdk/vexv5/gcc/libs/libm.a
LOAD /Applications/VEXcode V5 Text.app/Contents/Resources/sdk/vexv5/gcc/libs/libgcc.a
END GROUP
OUTPUT(build/62X_ScrimCodeWorks.elf elf32-littlearm)

.comment        0x0000000000000000       0x9d
 .comment       0x0000000000000000       0x2d build/src/main.o
                                         0x2e (size before relaxing)
 .comment       0x000000000000002d       0x70 /Applications/VEXcode V5 Text.app/Contents/Resources/sdk/vexv5/libv5rt.a(v5_startup.c.obj)
                                         0x71 (size before relaxing)
 .comment       0x000000000000009d       0x71 /Applications/VEXcode V5 Text.app/Contents/Resources/sdk/vexv5/libv5rt.a(v5_util.c.obj)
 .comment       0x000000000000009d       0x71 /Applications/VEXcode V5 Text.app/Contents/Resources/sdk/vexv5/libv5rt.a(v5_apijump.c.obj)
 .comment       0x000000000000009d       0x71 /Applications/VEXcode V5 Text.app/Contents/Resources/sdk/vexv5/libv5rt.a(v5_apiversions.c.obj)
 .comment       0x000000000000009d       0x71 /Applications/VEXcode V5 Text.app/Contents/Resources/sdk/vexv5/libv5rt.a(vex_global.cpp.obj)
 .comment       0x000000000000009d       0x71 /Applications/VEXcode V5 Text.app/Contents/Resources/sdk/vexv5/libv5rt.a(vex_motor.cpp.obj)
 .comment       0x000000000000009d       0x71 /Applications/VEXcode V5 Text.app/Contents/Resources/sdk/vexv5/libv5rt.a(vex_controller.cpp.obj)
 .comment       0x000000000000009d       0x71 /Applications/VEXcode V5 Text.app/Contents/Resources/sdk/vexv5/libv5rt.a(vex_task.cpp.obj)
 .comment       0x000000000000009d       0x71 /Applications/VEXcode V5 Text.app/Contents/Resources/sdk/vexv5/libv5rt.a(vex_thread.cpp.obj)
 .comment       0x000000000000009d       0x71 /Applications/VEXcode V5 Text.app/Contents/Resources/sdk/vexv5/libv5rt.a(vex_event.cpp.obj)
 .comment       0x000000000000009d       0x71 /Applications/VEXcode V5 Text.app/Contents/Resources/sdk/vexv5/libv5rt.a(vex_mevent.cpp.obj)
 .comment       0x000000000000009d       0x71 /Applications/VEXcode V5 Text.app/Contents/Resources/sdk/vexv5/libv5rt.a(vex_brain.cpp.obj)
 .comment       0x000000000000009d       0x71 /Applications/VEXcode V5 Text.app/Contents/Resources/sdk/vexv5/libv5rt.a(vex_competition.cpp.obj)
 .comment       0x000000000000009d       0x71 /Applications/VEXcode V5 Text.app/Contents/Resources/sdk/vexv5/libv5rt.a(vex_triport.cpp.obj)
 .comment       0x000000000000009d       0x71 /Applications/VEXcode V5 Text.app/Contents/Resources/sdk/vexv5/libv5rt.a(vex_color.cpp.obj)
 .comment       0x000000000000009d       0x71 /Applications/VEXcode V5 Text.app/Contents/Resources/sdk/vexv5/libv5rt.a(vex_timer.cpp.obj)
 .comment       0x000000000000009d       0x71 /Applications/VEXcode V5 Text.app/Contents/Resources/sdk/vexv5/libv5rt.a(v5_apiuser.c.obj)
 .comment       0x000000000000009d       0x71 /Applications/VEXcode V5 Text.app/Contents/Resources/sdk/vexv5/libv5rt.a(vex_device.cpp.obj)

.note.GNU-stack
                0x0000000000000000        0x0
 .note.GNU-stack
                0x0000000000000000        0x0 build/src/main.o

.debug_frame    0x0000000000000000       0x60
 .debug_frame   0x0000000000000000       0x34 /Applications/VEXcode V5 Text.app/Contents/Resources/sdk/vexv5/gcc/libs/libc.a(lib_a-fini.o)
 .debug_frame   0x0000000000000034       0x2c /Applications/VEXcode V5 Text.app/Contents/Resources/sdk/vexv5/gcc/libs/libc.a(lib_a-init.o)
