Archive member included to satisfy reference by file (symbol)

/Applications/VEXcode V5 Text.app/Contents/Resources/sdk/vexv5/libv5rt.a(v5_startup.c.obj)
                              (vexStartup)
/Applications/VEXcode V5 Text.app/Contents/Resources/sdk/vexv5/libv5rt.a(v5_util.c.obj)
                              /Applications/VEXcode V5 Text.app/Contents/Resources/sdk/vexv5/libv5rt.a(v5_startup.c.obj) (vexStdlibVersionLinked)
/Applications/VEXcode V5 Text.app/Contents/Resources/sdk/vexv5/libv5rt.a(v5_apijump.c.obj)
                              /Applications/VEXcode V5 Text.app/Contents/Resources/sdk/vexv5/libv5rt.a(v5_startup.c.obj) (vexPrivateApiEnable)
/Applications/VEXcode V5 Text.app/Contents/Resources/sdk/vexv5/libv5rt.a(v5_apiversions.c.obj)
                              /Applications/VEXcode V5 Text.app/Contents/Resources/sdk/vexv5/libv5rt.a(v5_apijump.c.obj) (vexSystemVersion)
/Applications/VEXcode V5 Text.app/Contents/Resources/sdk/vexv5/libv5rt.a(vex_global.cpp.obj)
                              build/src/main.o (vex::hold)
/Applications/VEXcode V5 Text.app/Contents/Resources/sdk/vexv5/libv5rt.a(vex_motor.cpp.obj)
                              build/src/main.o (vex::motor::~motor())
/Applications/VEXcode V5 Text.app/Contents/Resources/sdk/vexv5/libv5rt.a(vex_controller.cpp.obj)
                              build/src/main.o (vex::controller::~controller())
/Applications/VEXcode V5 Text.app/Contents/Resources/sdk/vexv5/libv5rt.a(vex_task.cpp.obj)
                              build/src/main.o (vex::task::task(int (*)()))
/Applications/VEXcode V5 Text.app/Contents/Resources/sdk/vexv5/libv5rt.a(vex_thread.cpp.obj)
                              build/src/main.o (vex::thread::thread(int (*)()))
/Applications/VEXcode V5 Text.app/Contents/Resources/sdk/vexv5/libv5rt.a(vex_event.cpp.obj)
                              /Applications/VEXcode V5 Text.app/Contents/Resources/sdk/vexv5/libv5rt.a(vex_controller.cpp.obj) (vex::event::init(unsigned long, unsigned long, void (*)()))
/Applications/VEXcode V5 Text.app/Contents/Resources/sdk/vexv5/libv5rt.a(vex_mevent.cpp.obj)
                              /Applications/VEXcode V5 Text.app/Contents/Resources/sdk/vexv5/libv5rt.a(vex_controller.cpp.obj) (vex::mevent::mevent(unsigned long, unsigned long))
/Applications/VEXcode V5 Text.app/Contents/Resources/sdk/vexv5/libv5rt.a(vex_brain.cpp.obj)
                              build/src/main.o (vex::brain::~brain())
/Applications/VEXcode V5 Text.app/Contents/Resources/sdk/vexv5/libv5rt.a(vex_competition.cpp.obj)
                              build/src/main.o (vex::competition::competition())
/Applications/VEXcode V5 Text.app/Contents/Resources/sdk/vexv5/libv5rt.a(vex_triport.cpp.obj)
                              /Applications/VEXcode V5 Text.app/Contents/Resources/sdk/vexv5/libv5rt.a(vex_brain.cpp.obj) (vex::triport::~triport())
/Applications/VEXcode V5 Text.app/Contents/Resources/sdk/vexv5/libv5rt.a(vex_color.cpp.obj)
                              build/src/main.o (vex::color::~color())
/Applications/VEXcode V5 Text.app/Contents/Resources/sdk/vexv5/libv5rt.a(vex_timer.cpp.obj)
                              /Applications/VEXcode V5 Text.app/Contents/Resources/sdk/vexv5/libv5rt.a(vex_brain.cpp.obj) (vex::timer::~timer())
/Applications/VEXcode V5 Text.app/Contents/Resources/sdk/vexv5/libv5rt.a(v5_apiuser.c.obj)
                              /Applications/VEXcode V5 Text.app/Contents/Resources/sdk/vexv5/libv5rt.a(vex_triport.cpp.obj) (vexAdiPortConfigSet)
/Applications/VEXcode V5 Text.app/Contents/Resources/sdk/vexv5/libv5rt.a(vex_device.cpp.obj)
                              /Applications/VEXcode V5 Text.app/Contents/Resources/sdk/vexv5/libv5rt.a(vex_triport.cpp.obj) (vex::device::value())
/Applications/VEXcode V5 Text.app/Contents/Resources/sdk/vexv5/gcc/libs/libc.a(lib_a-aeabi_memmove-soft.o)
                              build/src/main.o (__aeabi_memmove4)
/Applications/VEXcode V5 Text.app/Contents/Resources/sdk/vexv5/gcc/libs/libc.a(lib_a-clock.o)
                              build/src/main.o (clock)
/Applications/VEXcode V5 Text.app/Contents/Resources/sdk/vexv5/gcc/libs/libc.a(lib_a-fini.o)
                              /Applications/VEXcode V5 Text.app/Contents/Resources/sdk/vexv5/libv5rt.a(v5_startup.c.obj) (__libc_fini_array)
/Applications/VEXcode V5 Text.app/Contents/Resources/sdk/vexv5/gcc/libs/libc.a(lib_a-impure.o)
                              /Applications/VEXcode V5 Text.app/Contents/Resources/sdk/vexv5/libv5rt.a(v5_startup.c.obj) (_impure_ptr)
/Applications/VEXcode V5 Text.app/Contents/Resources/sdk/vexv5/gcc/libs/libc.a(lib_a-init.o)
                              /Applications/VEXcode V5 Text.app/Contents/Resources/sdk/vexv5/libv5rt.a(v5_startup.c.obj) (__libc_init_array)
/Applications/VEXcode V5 Text.app/Contents/Resources/sdk/vexv5/gcc/libs/libc.a(lib_a-timesr.o)
                              /Applications/VEXcode V5 Text.app/Contents/Resources/sdk/vexv5/gcc/libs/libc.a(lib_a-clock.o) (_times_r)
[...]
Memory Configuration

Name             Origin             Length             Attributes
ps7_ddr_0_S_AXI_BASEADDR 0x0000000003800000 0x0000000004800000
*default*        0x0000000000000000 0xffffffffffffffff

Linker script and memory map

                0x0000000000002000                _STACK_SIZE = DEFINED (_STACK_SIZE)?_STACK_SIZE:0x2000
                0x0000000000100000                _HEAP_SIZE = DEFINED (_HEAP_SIZE)?_HEAP_SIZE:0x100000
                0x0000000000000400                _ABORT_STACK_SIZE = DEFINED (_ABORT_STACK_SIZE)?_ABORT_STACK_SIZE:0x400
                0x0000000000000800                _SUPERVISOR_STACK_SIZE = DEFINED (_SUPERVISOR_STACK_SIZE)?_SUPERVISOR_STACK_SIZE:0x800
                0x0000000000000400                _IRQ_STACK_SIZE = DEFINED (_IRQ_STACK_SIZE)?_IRQ_STACK_SIZE:0x400
                0x0000000000000400                _FIQ_STACK_SIZE = DEFINED (_FIQ_STACK_SIZE)?_FIQ_STACK_SIZE:0x400
                0x0000000000000400                _UNDEF_STACK_SIZE = DEFINED (_UNDEF_STACK_SIZE)?_UNDEF_STACK_SIZE:0x400

.text           0x0000000003800000     0x48d8
 *(.vectors)
 *(.boot_data)
 .boot_data     0x0000000003800000       0x20 /Applications/VEXcode V5 Text.app/Contents/Resources/sdk/vexv5/libv5rt.a(v5_startup.c.obj)
                0x0000000003800000                vexCodeSig
                0x0000000000000020                . = 0x20
 *(.boot)
 .boot          0x0000000003800020       0xbc /Applications/VEXcode V5 Text.app/Contents/Resources/sdk/vexv5/libv5rt.a(v5_startup.c.obj)
                0x0000000003800020                vexStartup
                0x0000000003800100                . = ALIGN (0x40)
 *fill*         0x00000000038000dc       0x24 
 *(.freertos_vectors)
 *(.text)
 .text          0x0000000003800100       0x3a /Applications/VEXcode V5 Text.app/Contents/Resources/sdk/vexv5/gcc/libs/libc.a(lib_a-aeabi_memmove-soft.o)
                0x0000000003800100                __aeabi_memmove8
                0x0000000003800100                __aeabi_memmove4
                0x0000000003800100                __aeabi_memmove
 *(.text.*)
 *fill*         0x000000000380013a        0x6 
 .text._Z6vdrivedd
                0x0000000003800140      0x150 build/src/main.o
                0x0000000003800140                vdrive(double, double)
 .text._Z8moveTrayi
                0x0000000003800290       0x78 build/src/main.o
                0x0000000003800290                moveTray(int)
 .text._Z13intakeControlv
                0x0000000003800308      0x148 build/src/main.o
                0x0000000003800308                intakeControl()
 .text._Z10armControlv
                0x0000000003800450      0x128 build/src/main.o
                0x0000000003800450                armControl()
 .text._Z21moveBackAutomaticallyv
                0x0000000003800578       0xb0 build/src/main.o
                0x0000000003800578                moveBackAutomatically()
 .text._Z11trayControlv
                0x0000000003800628      0x118 build/src/main.o
                0x0000000003800628                trayControl()
 .text._Z10deployTrayv
                0x0000000003800740       0x80 build/src/main.o
                0x0000000003800740                deployTray()
 .text._Z11outtakeSomev
                0x00000000038007c0       0x88 build/src/main.o
                0x00000000038007c0                outtakeSome()
 .text._Z10setBrakingv
                0x0000000003800848       0x4c build/src/main.o
                0x0000000003800848                setBraking()
 .text._Z7stopAllv
                0x0000000003800894       0x3c build/src/main.o
                0x0000000003800894                stopAll()
 .text._Z9gyroTurn3diii
                0x00000000038008d0      0x438 build/src/main.o
                0x00000000038008d0                gyroTurn3(double, int, int, int)
 .text._Z9resetGyrov
                0x0000000003800d08       0x90 build/src/main.o
                0x0000000003800d08                resetGyro()
 .text._Z17basicEncoderDriveddb
                0x0000000003800d98       0xdc build/src/main.o
                0x0000000003800d98                basicEncoderDrive(double, double, bool)
 *fill*         0x0000000003800e74        0x4 
 .text._Z9turnDriveddb
                0x0000000003800e78       0xf8 build/src/main.o
                0x0000000003800e78                turnDrive(double, double, bool)
 .text._Z16basicEncoderTurnddb
                0x0000000003800f70       0xe0 build/src/main.o
                0x0000000003800f70                basicEncoderTurn(double, double, bool)
 .text._Z7noAutonv
                0x0000000003801050        0x4 build/src/main.o
                0x0000000003801050                noAuton()
 *fill*         0x0000000003801054        0x4 
 .text._Z8RedAuto2v
                0x0000000003801058      0x300 build/src/main.o
                0x0000000003801058                RedAuto2()
 .text._Z5blue1v
                0x0000000003801358      0x1e0 build/src/main.o
                0x0000000003801358                blue1()
 .text._Z5blue2v
                0x0000000003801538        0x4 build/src/main.o
                0x0000000003801538                blue2()
 .text._ZNSt6vectorI5AutonSaIS0_EEC2ESt16initializer_listIS0_ERKS1_
                0x000000000380153c       0x58 build/src/main.o
                0x000000000380153c                std::vector<Auton, std::allocator<Auton> >::vector(std::initializer_list<Auton>, std::allocator<Auton> const&)
 .text._ZNSt6vectorI5AutonSaIS0_EED2Ev
                0x0000000003801594       0x24 build/src/main.o
                0x0000000003801594                std::vector<Auton, std::allocator<Auton> >::~vector()
 .text._Z11drawButtonsv
                0x00000000038015b8       0xfc build/src/main.o
                0x00000000038015b8                drawButtons()
 .text._Z11screenPressii
                0x00000000038016b4       0x94 build/src/main.o
                0x00000000038016b4                screenPress(int, int)
 .text._Z13pre_autonTaskv
                0x0000000003801748       0x88 build/src/main.o
                0x0000000003801748                pre_autonTask()
 .text._Z14armBrakeTogglev
                0x00000000038017d0       0xc4 build/src/main.o
                0x00000000038017d0                armBrakeToggle()
 *fill*         0x0000000003801894        0x4 
 .text._Z11usercontrolv
                0x0000000003801898       0xc0 build/src/main.o
                0x0000000003801898                usercontrol()
 .text.main     0x0000000003801958       0x64 build/src/main.o
                0x0000000003801958                main
 .text._ZNSt12_Vector_baseI5AutonSaIS0_EE11_M_allocateEj
                0x00000000038019bc       0x30 build/src/main.o
                0x00000000038019bc                std::_Vector_base<Auton, std::allocator<Auton> >::_M_allocate(unsigned int)
 *fill*         0x00000000038019ec        0x4 
 .text._GLOBAL__sub_I_main.cpp
                0x00000000038019f0      0x300 build/src/main.o
 .text.vexMain  0x0000000003801cf0       0xb0 /Applications/VEXcode V5 Text.app/Contents/Resources/sdk/vexv5/libv5rt.a(v5_startup.c.obj)
                0x0000000003801cf0                vexMain
 .text.__vex_function_prolog
                0x0000000003801da0       0x18 /Applications/VEXcode V5 Text.app/Contents/Resources/sdk/vexv5/libv5rt.a(v5_startup.c.obj)
                0x0000000003801da0                __vex_function_prolog
 .text._init    0x0000000003801db8        0x4 /Applications/VEXcode V5 Text.app/Contents/Resources/sdk/vexv5/libv5rt.a(v5_startup.c.obj)
                0x0000000003801db8                _init
 .text._fini    0x0000000003801dbc        0x4 /Applications/VEXcode V5 Text.app/Contents/Resources/sdk/vexv5/libv5rt.a(v5_startup.c.obj)
                0x0000000003801dbc                _fini
 .text.vexStdlibVersionLinked
                0x0000000003801dc0        0xc /Applications/VEXcode V5 Text.app/Contents/Resources/sdk/vexv5/libv5rt.a(v5_util.c.obj)
                0x0000000003801dc0                vexStdlibVersionLinked
 .text.vexStdlibVersionVerify
                0x0000000003801dcc       0x30 /Applications/VEXcode V5 Text.app/Contents/Resources/sdk/vexv5/libv5rt.a(v5_util.c.obj)
                0x0000000003801dcc                vexStdlibVersionVerify
 .text.vexPrivateApiEnable
                0x0000000003801dfc       0x10 /Applications/VEXcode V5 Text.app/Contents/Resources/sdk/vexv5/libv5rt.a(v5_apijump.c.obj)
                0x0000000003801dfc                vexPrivateApiEnable
 .text.vexStdlibMismatchError
                0x0000000003801e0c       0x3c /Applications/VEXcode V5 Text.app/Contents/Resources/sdk/vexv5/libv5rt.a(v5_apijump.c.obj)
                0x0000000003801e0c                vexStdlibMismatchError
 .text.vexTaskAdd
                0x0000000003801e48       0x10 /Applications/VEXcode V5 Text.app/Contents/Resources/sdk/vexv5/libv5rt.a(v5_apijump.c.obj)
                0x0000000003801e48                vexTaskAdd
 .text.vexTaskStop
                0x0000000003801e58       0x10 /Applications/VEXcode V5 Text.app/Contents/Resources/sdk/vexv5/libv5rt.a(v5_apijump.c.obj)
                0x0000000003801e58                vexTaskStop
 .text.vexTasksRun
                0x0000000003801e68       0x10 /Applications/VEXcode V5 Text.app/Contents/Resources/sdk/vexv5/libv5rt.a(v5_apijump.c.obj)
                0x0000000003801e68                vexTasksRun
 .text.vexTaskYield
                0x0000000003801e78       0x10 /Applications/VEXcode V5 Text.app/Contents/Resources/sdk/vexv5/libv5rt.a(v5_apijump.c.obj)
                0x0000000003801e78                vexTaskYield
 .text.vexTaskCheckTimeslice
                0x0000000003801e88       0x10 /Applications/VEXcode V5 Text.app/Contents/Resources/sdk/vexv5/libv5rt.a(v5_apijump.c.obj)
                0x0000000003801e88                vexTaskCheckTimeslice
 .text.vexTaskSleep
                0x0000000003801e98       0x10 /Applications/VEXcode V5 Text.app/Contents/Resources/sdk/vexv5/libv5rt.a(v5_apijump.c.obj)
                0x0000000003801e98                vexTaskSleep
 .text.vexTasksDump
                0x0000000003801ea8       0x1c /Applications/VEXcode V5 Text.app/Contents/Resources/sdk/vexv5/libv5rt.a(v5_apijump.c.obj)
                0x0000000003801ea8                vexTasksDump
 .text.vexTaskWaitForExit
                0x0000000003801ec4       0x10 /Applications/VEXcode V5 Text.app/Contents/Resources/sdk/vexv5/libv5rt.a(v5_apijump.c.obj)
                0x0000000003801ec4                vexTaskWaitForExit
 .text.vexTaskGetTaskIndex
                0x0000000003801ed4       0x10 /Applications/VEXcode V5 Text.app/Contents/Resources/sdk/vexv5/libv5rt.a(v5_apijump.c.obj)
                0x0000000003801ed4                vexTaskGetTaskIndex
 .text.vexTaskStopAll
                0x0000000003801ee4       0x10 /Applications/VEXcode V5 Text.app/Contents/Resources/sdk/vexv5/libv5rt.a(v5_apijump.c.obj)
                0x0000000003801ee4                vexTaskStopAll
 .text.vexTaskRemoveAllUser
                0x0000000003801ef4       0x34 /Applications/VEXcode V5 Text.app/Contents/Resources/sdk/vexv5/libv5rt.a(v5_apijump.c.obj)
                0x0000000003801ef4                vexTaskRemoveAllUser
 .text.vexTaskCompletionIdSet
                0x0000000003801f28       0x10 /Applications/VEXcode V5 Text.app/Contents/Resources/sdk/vexv5/libv5rt.a(v5_apijump.c.obj)
                0x0000000003801f28                vexTaskCompletionIdSet
 .text.vexCriticalSection
                0x0000000003801f38       0x2c /Applications/VEXcode V5 Text.app/Contents/Resources/sdk/vexv5/libv5rt.a(v5_apijump.c.obj)
                0x0000000003801f38                vexCriticalSection
 .text.vexEventAdd
                0x0000000003801f64       0x34 /Applications/VEXcode V5 Text.app/Contents/Resources/sdk/vexv5/libv5rt.a(v5_apijump.c.obj)
                0x0000000003801f64                vexEventAdd
 .text.vexEventUserIndexGet
                0x0000000003801f98       0x1c /Applications/VEXcode V5 Text.app/Contents/Resources/sdk/vexv5/libv5rt.a(v5_apijump.c.obj)
                0x0000000003801f98                vexEventUserIndexGet
 .text.vexEventAddWithArg
                0x0000000003801fb4       0x3c /Applications/VEXcode V5 Text.app/Contents/Resources/sdk/vexv5/libv5rt.a(v5_apijump.c.obj)
                0x0000000003801fb4                vexEventAddWithArg
 .text.vexEventsCleanup
                0x0000000003801ff0       0x2c /Applications/VEXcode V5 Text.app/Contents/Resources/sdk/vexv5/libv5rt.a(v5_apijump.c.obj)
                0x0000000003801ff0                vexEventsCleanup
 .text.vexDebug
                0x000000000380201c       0x38 /Applications/VEXcode V5 Text.app/Contents/Resources/sdk/vexv5/libv5rt.a(v5_apijump.c.obj)
                0x000000000380201c                vexDebug
 .text.vex_sprintf
                0x0000000003802054       0x40 /Applications/VEXcode V5 Text.app/Contents/Resources/sdk/vexv5/libv5rt.a(v5_apijump.c.obj)
                0x0000000003802054                vex_sprintf
 .text.vex_vsnprintf
                0x0000000003802094       0x3c /Applications/VEXcode V5 Text.app/Contents/Resources/sdk/vexv5/libv5rt.a(v5_apijump.c.obj)
                0x0000000003802094                vex_vsnprintf
 .text.vexSystemTimeGet
                0x00000000038020d0       0x1c /Applications/VEXcode V5 Text.app/Contents/Resources/sdk/vexv5/libv5rt.a(v5_apijump.c.obj)
                0x00000000038020d0                vexSystemTimeGet
 .text.vexSystemExitRequest
                0x00000000038020ec       0x1c /Applications/VEXcode V5 Text.app/Contents/Resources/sdk/vexv5/libv5rt.a(v5_apijump.c.obj)
                0x00000000038020ec                vexSystemExitRequest
 .text.vexDeviceGetByIndex
                0x0000000003802108       0x24 /Applications/VEXcode V5 Text.app/Contents/Resources/sdk/vexv5/libv5rt.a(v5_apijump.c.obj)
                0x0000000003802108                vexDeviceGetByIndex
 .text.vexControllerGet
                0x000000000380212c       0x2c /Applications/VEXcode V5 Text.app/Contents/Resources/sdk/vexv5/libv5rt.a(v5_apijump.c.obj)
                0x000000000380212c                vexControllerGet
 .text.vexControllerTextSet
                0x0000000003802158       0x74 /Applications/VEXcode V5 Text.app/Contents/Resources/sdk/vexv5/libv5rt.a(v5_apijump.c.obj)
                0x0000000003802158                vexControllerTextSet
 .text.vexDeviceAdiPortConfigSet
                0x00000000038021cc       0x34 /Applications/VEXcode V5 Text.app/Contents/Resources/sdk/vexv5/libv5rt.a(v5_apijump.c.obj)
                0x00000000038021cc                vexDeviceAdiPortConfigSet
 .text.vexDeviceAdiPortConfigGet
                0x0000000003802200       0x2c /Applications/VEXcode V5 Text.app/Contents/Resources/sdk/vexv5/libv5rt.a(v5_apijump.c.obj)
                0x0000000003802200                vexDeviceAdiPortConfigGet
 .text.vexDeviceAdiValueSet
                0x000000000380222c       0x34 /Applications/VEXcode V5 Text.app/Contents/Resources/sdk/vexv5/libv5rt.a(v5_apijump.c.obj)
                0x000000000380222c                vexDeviceAdiValueSet
 .text.vexDeviceAdiValueGet
                0x0000000003802260       0x2c /Applications/VEXcode V5 Text.app/Contents/Resources/sdk/vexv5/libv5rt.a(v5_apijump.c.obj)
                0x0000000003802260                vexDeviceAdiValueGet
 .text.vexDeviceMotorVelocitySet
                0x000000000380228c       0x2c /Applications/VEXcode V5 Text.app/Contents/Resources/sdk/vexv5/libv5rt.a(v5_apijump.c.obj)
                0x000000000380228c                vexDeviceMotorVelocitySet
 .text.vexDeviceMotorVoltageSet
                0x00000000038022b8       0x2c /Applications/VEXcode V5 Text.app/Contents/Resources/sdk/vexv5/libv5rt.a(v5_apijump.c.obj)
                0x00000000038022b8                vexDeviceMotorVoltageSet
 .text.vexDeviceMotorActualVelocityGet
                0x00000000038022e4       0x24 /Applications/VEXcode V5 Text.app/Contents/Resources/sdk/vexv5/libv5rt.a(v5_apijump.c.obj)
                0x00000000038022e4                vexDeviceMotorActualVelocityGet
 .text.vexDeviceMotorZeroPositionFlagGet
                0x0000000003802308       0x24 /Applications/VEXcode V5 Text.app/Contents/Resources/sdk/vexv5/libv5rt.a(v5_apijump.c.obj)
                0x0000000003802308                vexDeviceMotorZeroPositionFlagGet
 .text.vexDeviceMotorReverseFlagSet
                0x000000000380232c       0x2c /Applications/VEXcode V5 Text.app/Contents/Resources/sdk/vexv5/libv5rt.a(v5_apijump.c.obj)
                0x000000000380232c                vexDeviceMotorReverseFlagSet
 .text.vexDeviceMotorEncoderUnitsSet
                0x0000000003802358       0x2c /Applications/VEXcode V5 Text.app/Contents/Resources/sdk/vexv5/libv5rt.a(v5_apijump.c.obj)
                0x0000000003802358                vexDeviceMotorEncoderUnitsSet
 .text.vexDeviceMotorBrakeModeSet
                0x0000000003802384       0x2c /Applications/VEXcode V5 Text.app/Contents/Resources/sdk/vexv5/libv5rt.a(v5_apijump.c.obj)
                0x0000000003802384                vexDeviceMotorBrakeModeSet
 .text.vexDeviceMotorPositionSet
                0x00000000038023b0       0x34 /Applications/VEXcode V5 Text.app/Contents/Resources/sdk/vexv5/libv5rt.a(v5_apijump.c.obj)
                0x00000000038023b0                vexDeviceMotorPositionSet
 .text.vexDeviceMotorPositionGet
                0x00000000038023e4       0x24 /Applications/VEXcode V5 Text.app/Contents/Resources/sdk/vexv5/libv5rt.a(v5_apijump.c.obj)
                0x00000000038023e4                vexDeviceMotorPositionGet
 .text.vexDeviceMotorRelativeTargetSet
                0x0000000003802408       0x3c /Applications/VEXcode V5 Text.app/Contents/Resources/sdk/vexv5/libv5rt.a(v5_apijump.c.obj)
                0x0000000003802408                vexDeviceMotorRelativeTargetSet
 .text.vexDeviceMotorGearingGet
                0x0000000003802444       0x24 /Applications/VEXcode V5 Text.app/Contents/Resources/sdk/vexv5/libv5rt.a(v5_apijump.c.obj)
                0x0000000003802444                vexDeviceMotorGearingGet
 .text.vexDisplayForegroundColor
                0x0000000003802468       0x24 /Applications/VEXcode V5 Text.app/Contents/Resources/sdk/vexv5/libv5rt.a(v5_apijump.c.obj)
                0x0000000003802468                vexDisplayForegroundColor
 .text.vexDisplayBackgroundColor
                0x000000000380248c       0x24 /Applications/VEXcode V5 Text.app/Contents/Resources/sdk/vexv5/libv5rt.a(v5_apijump.c.obj)
                0x000000000380248c                vexDisplayBackgroundColor
 .text.vexDisplayBackgroundColorGet
                0x00000000038024b0       0x1c /Applications/VEXcode V5 Text.app/Contents/Resources/sdk/vexv5/libv5rt.a(v5_apijump.c.obj)
                0x00000000038024b0                vexDisplayBackgroundColorGet
 .text.vexDisplayRectDraw
                0x00000000038024cc       0x4c /Applications/VEXcode V5 Text.app/Contents/Resources/sdk/vexv5/libv5rt.a(v5_apijump.c.obj)
                0x00000000038024cc                vexDisplayRectDraw
 .text.vexDisplayRectClear
                0x0000000003802518       0x4c /Applications/VEXcode V5 Text.app/Contents/Resources/sdk/vexv5/libv5rt.a(v5_apijump.c.obj)
                0x0000000003802518                vexDisplayRectClear
 .text.vexDisplayPrintf
                0x0000000003802564       0x68 /Applications/VEXcode V5 Text.app/Contents/Resources/sdk/vexv5/libv5rt.a(v5_apijump.c.obj)
                0x0000000003802564                vexDisplayPrintf
 .text.vexDisplayTextReference
                0x00000000038025cc       0x24 /Applications/VEXcode V5 Text.app/Contents/Resources/sdk/vexv5/libv5rt.a(v5_apijump.c.obj)
                0x00000000038025cc                vexDisplayTextReference
 .text.vexDisplayTextSize
                0x00000000038025f0       0x2c /Applications/VEXcode V5 Text.app/Contents/Resources/sdk/vexv5/libv5rt.a(v5_apijump.c.obj)
                0x00000000038025f0                vexDisplayTextSize
 .text.vexDisplayFontNamedSet
                0x000000000380261c       0x24 /Applications/VEXcode V5 Text.app/Contents/Resources/sdk/vexv5/libv5rt.a(v5_apijump.c.obj)
                0x000000000380261c                vexDisplayFontNamedSet
 .text.vexDisplayPenSizeGet
                0x0000000003802640       0x1c /Applications/VEXcode V5 Text.app/Contents/Resources/sdk/vexv5/libv5rt.a(v5_apijump.c.obj)
                0x0000000003802640                vexDisplayPenSizeGet
 .text.vexSystemStdlibImpureDataAddr
                0x000000000380265c       0x28 /Applications/VEXcode V5 Text.app/Contents/Resources/sdk/vexv5/libv5rt.a(v5_apijump.c.obj)
                0x000000000380265c                vexSystemStdlibImpureDataAddr
 .text.vexSystemStdlibImpureDataSize
                0x0000000003802684       0x28 /Applications/VEXcode V5 Text.app/Contents/Resources/sdk/vexv5/libv5rt.a(v5_apijump.c.obj)
                0x0000000003802684                vexSystemStdlibImpureDataSize
 .text.vexSystemSaveUserData
                0x00000000038026ac       0x3c /Applications/VEXcode V5 Text.app/Contents/Resources/sdk/vexv5/libv5rt.a(v5_apijump.c.obj)
                0x00000000038026ac                vexSystemSaveUserData
 .text.vexTouchDataGet
                0x00000000038026e8       0x10 /Applications/VEXcode V5 Text.app/Contents/Resources/sdk/vexv5/libv5rt.a(v5_apijump.c.obj)
                0x00000000038026e8                vexTouchDataGet
 .text.vexDisplayThemeIdGet
                0x00000000038026f8       0x38 /Applications/VEXcode V5 Text.app/Contents/Resources/sdk/vexv5/libv5rt.a(v5_apijump.c.obj)
                0x00000000038026f8                vexDisplayThemeIdGet
 .text.vexDisplayRender
                0x0000000003802730       0x2c /Applications/VEXcode V5 Text.app/Contents/Resources/sdk/vexv5/libv5rt.a(v5_apijump.c.obj)
                0x0000000003802730                vexDisplayRender
 .text.vexDeviceEventMaskSet
                0x000000000380275c       0x48 /Applications/VEXcode V5 Text.app/Contents/Resources/sdk/vexv5/libv5rt.a(v5_apijump.c.obj)
                0x000000000380275c                vexDeviceEventMaskSet
 .text.vexDeviceEventMaskGet
                0x00000000038027a4       0x3c /Applications/VEXcode V5 Text.app/Contents/Resources/sdk/vexv5/libv5rt.a(v5_apijump.c.obj)
                0x00000000038027a4                vexDeviceEventMaskGet
 .text.vexSystemVersion
                0x00000000038027e0       0x10 /Applications/VEXcode V5 Text.app/Contents/Resources/sdk/vexv5/libv5rt.a(v5_apiversions.c.obj)
                0x00000000038027e0                vexSystemVersion
 .text.vexStdlibVersion
                0x00000000038027f0       0x10 /Applications/VEXcode V5 Text.app/Contents/Resources/sdk/vexv5/libv5rt.a(v5_apiversions.c.obj)
                0x00000000038027f0                vexStdlibVersion
 .text._ZN3vex5motor9installedEv
                0x0000000003802800       0x18 /Applications/VEXcode V5 Text.app/Contents/Resources/sdk/vexv5/libv5rt.a(vex_motor.cpp.obj)
                0x0000000003802800                vex::motor::installed()
 .text._ZN3vex5motorD2Ev
                0x0000000003802818       0x20 /Applications/VEXcode V5 Text.app/Contents/Resources/sdk/vexv5/libv5rt.a(vex_motor.cpp.obj)
                0x0000000003802818                vex::motor::~motor()
                0x0000000003802818                vex::motor::~motor()
 .text._ZN3vex5motor15defaultStoppingENS_9brakeTypeE
                0x0000000003802838       0x30 /Applications/VEXcode V5 Text.app/Contents/Resources/sdk/vexv5/libv5rt.a(vex_motor.cpp.obj)
                0x0000000003802838                vex::motor::defaultStopping(vex::brakeType)
 .text._ZN3vex5motor8setBrakeENS_9brakeTypeE
                0x0000000003802868        0x4 /Applications/VEXcode V5 Text.app/Contents/Resources/sdk/vexv5/libv5rt.a(vex_motor.cpp.obj)
                0x0000000003802868                vex::motor::setBrake(vex::brakeType)
 .text._ZN3vex5motor11setStoppingENS_9brakeTypeE
                0x000000000380286c        0x4 /Applications/VEXcode V5 Text.app/Contents/Resources/sdk/vexv5/libv5rt.a(vex_motor.cpp.obj)
                0x000000000380286c                vex::motor::setStopping(vex::brakeType)
 .text._ZN3vex5motorC2El
                0x0000000003802870       0x78 /Applications/VEXcode V5 Text.app/Contents/Resources/sdk/vexv5/libv5rt.a(vex_motor.cpp.obj)
                0x0000000003802870                vex::motor::motor(long)
                0x0000000003802870                vex::motor::motor(long)
 .text._ZN3vex5motorC2Elb
                0x00000000038028e8       0x24 /Applications/VEXcode V5 Text.app/Contents/Resources/sdk/vexv5/libv5rt.a(vex_motor.cpp.obj)
                0x00000000038028e8                vex::motor::motor(long, bool)
                0x00000000038028e8                vex::motor::motor(long, bool)
 *fill*         0x000000000380290c        0x4 
 .text._ZN3vex5motor4spinENS_13directionTypeEdNS_12voltageUnitsE
                0x0000000003802910       0x50 /Applications/VEXcode V5 Text.app/Contents/Resources/sdk/vexv5/libv5rt.a(vex_motor.cpp.obj)
                0x0000000003802910                vex::motor::spin(vex::directionType, double, vex::voltageUnits)
 .text._ZN3vex5motor4stopENS_9brakeTypeE
                0x0000000003802960       0x30 /Applications/VEXcode V5 Text.app/Contents/Resources/sdk/vexv5/libv5rt.a(vex_motor.cpp.obj)
                0x0000000003802960                vex::motor::stop(vex::brakeType)
 .text._ZN3vex5motor4stopEv
                0x0000000003802990        0x8 /Applications/VEXcode V5 Text.app/Contents/Resources/sdk/vexv5/libv5rt.a(vex_motor.cpp.obj)
                0x0000000003802990                vex::motor::stop()
 .text._ZN3vex5motor16velocityToScaledEdNS_13velocityUnitsE
                0x0000000003802998       0x5c /Applications/VEXcode V5 Text.app/Contents/Resources/sdk/vexv5/libv5rt.a(vex_motor.cpp.obj)
                0x0000000003802998                vex::motor::velocityToScaled(double, vex::velocityUnits)
 .text._ZN3vex5motor8velocityENS_13velocityUnitsE
                0x00000000038029f4       0x30 /Applications/VEXcode V5 Text.app/Contents/Resources/sdk/vexv5/libv5rt.a(vex_motor.cpp.obj)
                0x00000000038029f4                vex::motor::velocity(vex::velocityUnits)
 .text._ZN3vex5motor5valueEv
                0x0000000003802a24       0x1c /Applications/VEXcode V5 Text.app/Contents/Resources/sdk/vexv5/libv5rt.a(vex_motor.cpp.obj)
                0x0000000003802a24                vex::motor::value()
 .text._ZN3vex5motor16scaledToVelocityEdNS_13velocityUnitsE
                0x0000000003802a40       0xa4 /Applications/VEXcode V5 Text.app/Contents/Resources/sdk/vexv5/libv5rt.a(vex_motor.cpp.obj)
                0x0000000003802a40                vex::motor::scaledToVelocity(double, vex::velocityUnits)
 .text._ZN3vex5motor4spinENS_13directionTypeEdNS_13velocityUnitsE
                0x0000000003802ae4       0x5c /Applications/VEXcode V5 Text.app/Contents/Resources/sdk/vexv5/libv5rt.a(vex_motor.cpp.obj)
                0x0000000003802ae4                vex::motor::spin(vex::directionType, double, vex::velocityUnits)
 .text._ZN3vex5motor16setRotationUnitsENS_13rotationUnitsE
                0x0000000003802b40       0x1c /Applications/VEXcode V5 Text.app/Contents/Resources/sdk/vexv5/libv5rt.a(vex_motor.cpp.obj)
                0x0000000003802b40                vex::motor::setRotationUnits(vex::rotationUnits)
 .text._ZN3vex5motor11setRotationEdNS_13rotationUnitsE
                0x0000000003802b5c       0x44 /Applications/VEXcode V5 Text.app/Contents/Resources/sdk/vexv5/libv5rt.a(vex_motor.cpp.obj)
                0x0000000003802b5c                vex::motor::setRotation(double, vex::rotationUnits)
 .text._ZN3vex5motor13resetRotationEv
                0x0000000003802ba0       0x20 /Applications/VEXcode V5 Text.app/Contents/Resources/sdk/vexv5/libv5rt.a(vex_motor.cpp.obj)
                0x0000000003802ba0                vex::motor::resetRotation()
 .text._ZN3vex5motor9rotateForEdNS_13rotationUnitsEdNS_13velocityUnitsEb
                0x0000000003802bc0       0xe0 /Applications/VEXcode V5 Text.app/Contents/Resources/sdk/vexv5/libv5rt.a(vex_motor.cpp.obj)
                0x0000000003802bc0                vex::motor::rotateFor(double, vex::rotationUnits, double, vex::velocityUnits, bool)
 .text._ZN3vex5motor14startRotateForEdNS_13rotationUnitsEdNS_13velocityUnitsE
                0x0000000003802ca0       0x34 /Applications/VEXcode V5 Text.app/Contents/Resources/sdk/vexv5/libv5rt.a(vex_motor.cpp.obj)
                0x0000000003802ca0                vex::motor::startRotateFor(double, vex::rotationUnits, double, vex::velocityUnits)
 .text._ZN3vex5motor8rotationENS_13rotationUnitsE
                0x0000000003802cd4       0x44 /Applications/VEXcode V5 Text.app/Contents/Resources/sdk/vexv5/libv5rt.a(vex_motor.cpp.obj)
                0x0000000003802cd4                vex::motor::rotation(vex::rotationUnits)
 .text._ZN3vex10controllerD2Ev
                0x0000000003802d18        0x4 /Applications/VEXcode V5 Text.app/Contents/Resources/sdk/vexv5/libv5rt.a(vex_controller.cpp.obj)
                0x0000000003802d18                vex::controller::~controller()
                0x0000000003802d18                vex::controller::~controller()
 .text._ZN3vex10controller5valueE19_V5_ControllerIndex
                0x0000000003802d1c        0x8 /Applications/VEXcode V5 Text.app/Contents/Resources/sdk/vexv5/libv5rt.a(vex_controller.cpp.obj)
                0x0000000003802d1c                vex::controller::value(_V5_ControllerIndex)
 .text._ZN3vex10controller6button8pressingEv
                0x0000000003802d24       0xc8 /Applications/VEXcode V5 Text.app/Contents/Resources/sdk/vexv5/libv5rt.a(vex_controller.cpp.obj)
                0x0000000003802d24                vex::controller::button::pressing()
 .text._ZN3vex10controller6button7pressedEPFvvE
                0x0000000003802dec      0x108 /Applications/VEXcode V5 Text.app/Contents/Resources/sdk/vexv5/libv5rt.a(vex_controller.cpp.obj)
                0x0000000003802dec                vex::controller::button::pressed(void (*)())
 .text._ZN3vex10controller6button21_buttonToPressedEventEv
                0x0000000003802ef4       0x20 /Applications/VEXcode V5 Text.app/Contents/Resources/sdk/vexv5/libv5rt.a(vex_controller.cpp.obj)
                0x0000000003802ef4                vex::controller::button::_buttonToPressedEvent()
 .text._ZN3vex10controller6button22_buttonToReleasedEventEv
                0x0000000003802f14       0x20 /Applications/VEXcode V5 Text.app/Contents/Resources/sdk/vexv5/libv5rt.a(vex_controller.cpp.obj)
                0x0000000003802f14                vex::controller::button::_buttonToReleasedEvent()
 .text._ZN3vex10controller6buttonC2ENS0_11tButtonTypeEPS0_
                0x0000000003802f34       0x48 /Applications/VEXcode V5 Text.app/Contents/Resources/sdk/vexv5/libv5rt.a(vex_controller.cpp.obj)
                0x0000000003802f34                vex::controller::button::button(vex::controller::tButtonType, vex::controller*)
                0x0000000003802f34                vex::controller::button::button(vex::controller::tButtonType, vex::controller*)
 .text._ZN3vex10controller4axis5valueEv
                0x0000000003802f7c       0x58 /Applications/VEXcode V5 Text.app/Contents/Resources/sdk/vexv5/libv5rt.a(vex_controller.cpp.obj)
                0x0000000003802f7c                vex::controller::axis::value()
 .text._ZN3vex10controller4axis23_joystickToChangedEventEv
                0x0000000003802fd4       0x20 /Applications/VEXcode V5 Text.app/Contents/Resources/sdk/vexv5/libv5rt.a(vex_controller.cpp.obj)
                0x0000000003802fd4                vex::controller::axis::_joystickToChangedEvent()
 .text._ZN3vex10controller4axisC2ENS0_9tAxisTypeEPS0_
                0x0000000003802ff4       0x2c /Applications/VEXcode V5 Text.app/Contents/Resources/sdk/vexv5/libv5rt.a(vex_controller.cpp.obj)
                0x0000000003802ff4                vex::controller::axis::axis(vex::controller::tAxisType, vex::controller*)
                0x0000000003802ff4                vex::controller::axis::axis(vex::controller::tAxisType, vex::controller*)
 .text._ZN3vex10controllerC2Ev
                0x0000000003803020      0x204 /Applications/VEXcode V5 Text.app/Contents/Resources/sdk/vexv5/libv5rt.a(vex_controller.cpp.obj)
                0x0000000003803020                vex::controller::controller()
                0x0000000003803020                vex::controller::controller()
 .text._ZN3vex10controller3lcd15getControllerIdEv
                0x0000000003803224       0x10 /Applications/VEXcode V5 Text.app/Contents/Resources/sdk/vexv5/libv5rt.a(vex_controller.cpp.obj)
                0x0000000003803224                vex::controller::lcd::getControllerId()
 .text._ZN3vex10controller3lcd5printEPKcz
                0x0000000003803234       0x74 /Applications/VEXcode V5 Text.app/Contents/Resources/sdk/vexv5/libv5rt.a(vex_controller.cpp.obj)
                0x0000000003803234                vex::controller::lcd::print(char const*, ...)
 .text._ZN3vex10controller3lcd9clearLineEi
                0x00000000038032a8       0x44 /Applications/VEXcode V5 Text.app/Contents/Resources/sdk/vexv5/libv5rt.a(vex_controller.cpp.obj)
                0x00000000038032a8                vex::controller::lcd::clearLine(int)
 .text._ZN3vex10controller3lcd11clearScreenEv
                0x00000000038032ec       0x5c /Applications/VEXcode V5 Text.app/Contents/Resources/sdk/vexv5/libv5rt.a(vex_controller.cpp.obj)
                0x00000000038032ec                vex::controller::lcd::clearScreen()
 .text._ZN3vex4taskC2EPFivE
                0x0000000003803348       0x54 /Applications/VEXcode V5 Text.app/Contents/Resources/sdk/vexv5/libv5rt.a(vex_task.cpp.obj)
                0x0000000003803348                vex::task::task(int (*)())
                0x0000000003803348                vex::task::task(int (*)())
 .text._ZN3vex4taskD2Ev
                0x000000000380339c        0x4 /Applications/VEXcode V5 Text.app/Contents/Resources/sdk/vexv5/libv5rt.a(vex_task.cpp.obj)
                0x000000000380339c                vex::task::~task()
                0x000000000380339c                vex::task::~task()
 .text._ZN3vex4task4stopEPFivE
                0x00000000038033a0        0xc /Applications/VEXcode V5 Text.app/Contents/Resources/sdk/vexv5/libv5rt.a(vex_task.cpp.obj)
                0x00000000038033a0                vex::task::stop(int (*)())
 .text._ZN3vex4task5sleepEm
                0x00000000038033ac        0x4 /Applications/VEXcode V5 Text.app/Contents/Resources/sdk/vexv5/libv5rt.a(vex_task.cpp.obj)
                0x00000000038033ac                vex::task::sleep(unsigned long)
 .text._ZN3vex4task6_indexEPFivE
                0x00000000038033b0       0x14 /Applications/VEXcode V5 Text.app/Contents/Resources/sdk/vexv5/libv5rt.a(vex_task.cpp.obj)
                0x00000000038033b0                vex::task::_index(int (*)())
 .text._ZN3vex4task8_stopAllEv
                0x00000000038033c4       0x3c /Applications/VEXcode V5 Text.app/Contents/Resources/sdk/vexv5/libv5rt.a(vex_task.cpp.obj)
                0x00000000038033c4                vex::task::_stopAll()
 .text._ZN3vex6threadC2EPFivE
                0x0000000003803400       0x54 /Applications/VEXcode V5 Text.app/Contents/Resources/sdk/vexv5/libv5rt.a(vex_thread.cpp.obj)
                0x0000000003803400                vex::thread::thread(int (*)())
                0x0000000003803400                vex::thread::thread(int (*)())
 .text._ZN3vex6threadD2Ev
                0x0000000003803454        0x4 /Applications/VEXcode V5 Text.app/Contents/Resources/sdk/vexv5/libv5rt.a(vex_thread.cpp.obj)
                0x0000000003803454                vex::thread::~thread()
                0x0000000003803454                vex::thread::~thread()
 .text._ZN3vex6thread4joinEv
                0x0000000003803458        0x8 /Applications/VEXcode V5 Text.app/Contents/Resources/sdk/vexv5/libv5rt.a(vex_thread.cpp.obj)
                0x0000000003803458                vex::thread::join()
 .text._ZN3vex11this_thread9sleep_forEm
                0x0000000003803460        0x4 /Applications/VEXcode V5 Text.app/Contents/Resources/sdk/vexv5/libv5rt.a(vex_thread.cpp.obj)
                0x0000000003803460                vex::this_thread::sleep_for(unsigned long)
 .text._ZN3vex5event4initEmmPFvvE
                0x0000000003803464        0x4 /Applications/VEXcode V5 Text.app/Contents/Resources/sdk/vexv5/libv5rt.a(vex_event.cpp.obj)
                0x0000000003803464                vex::event::init(unsigned long, unsigned long, void (*)())
 .text._ZN3vex5event4initEmmPFvPvES1_
                0x0000000003803468        0x4 /Applications/VEXcode V5 Text.app/Contents/Resources/sdk/vexv5/libv5rt.a(vex_event.cpp.obj)
                0x0000000003803468                vex::event::init(unsigned long, unsigned long, void (*)(void*), void*)
 .text._ZN3vex5event9userindexEv
                0x000000000380346c        0x4 /Applications/VEXcode V5 Text.app/Contents/Resources/sdk/vexv5/libv5rt.a(vex_event.cpp.obj)
                0x000000000380346c                vex::event::userindex()
 .text._ZZN3vex6meventC4EmmENUlvE_4_FUNEv
                0x0000000003803470        0x4 /Applications/VEXcode V5 Text.app/Contents/Resources/sdk/vexv5/libv5rt.a(vex_mevent.cpp.obj)
 .text._ZN3vex6meventC2Emm
                0x0000000003803474       0x70 /Applications/VEXcode V5 Text.app/Contents/Resources/sdk/vexv5/libv5rt.a(vex_mevent.cpp.obj)
                0x0000000003803474                vex::mevent::mevent(unsigned long, unsigned long)
                0x0000000003803474                vex::mevent::mevent(unsigned long, unsigned long)
 .text._ZN3vex5brainD2Ev
                0x00000000038034e4       0x20 /Applications/VEXcode V5 Text.app/Contents/Resources/sdk/vexv5/libv5rt.a(vex_brain.cpp.obj)
                0x00000000038034e4                vex::brain::~brain()
                0x00000000038034e4                vex::brain::~brain()
 .text._ZN3vex5brain9_getIndexEv
                0x0000000003803504       0x10 /Applications/VEXcode V5 Text.app/Contents/Resources/sdk/vexv5/libv5rt.a(vex_brain.cpp.obj)
                0x0000000003803504                vex::brain::_getIndex()
 .text._ZN3vex5brain3lcd9setCursorEll
                0x0000000003803514       0x44 /Applications/VEXcode V5 Text.app/Contents/Resources/sdk/vexv5/libv5rt.a(vex_brain.cpp.obj)
                0x0000000003803514                vex::brain::lcd::setCursor(long, long)
 .text._ZN3vex5brain3lcd7setFontENS_8fontTypeE
                0x0000000003803558      0x23c /Applications/VEXcode V5 Text.app/Contents/Resources/sdk/vexv5/libv5rt.a(vex_brain.cpp.obj)
                0x0000000003803558                vex::brain::lcd::setFont(vex::fontType)
 .text._ZN3vex5brain3lcdC2Ev
                0x0000000003803794       0x94 /Applications/VEXcode V5 Text.app/Contents/Resources/sdk/vexv5/libv5rt.a(vex_brain.cpp.obj)
                0x0000000003803794                vex::brain::lcd::lcd()
                0x0000000003803794                vex::brain::lcd::lcd()
 .text._ZN3vex5brainC2Ev
                0x0000000003803828       0x38 /Applications/VEXcode V5 Text.app/Contents/Resources/sdk/vexv5/libv5rt.a(vex_brain.cpp.obj)
                0x0000000003803828                vex::brain::brain()
                0x0000000003803828                vex::brain::brain()
 .text._ZN3vex5brain3lcd11setPenColorERKNS_5colorE
                0x0000000003803860       0x14 /Applications/VEXcode V5 Text.app/Contents/Resources/sdk/vexv5/libv5rt.a(vex_brain.cpp.obj)
                0x0000000003803860                vex::brain::lcd::setPenColor(vex::color const&)
 .text._ZN3vex5brain3lcd7printAtEllPKcz
                0x0000000003803874       0x6c /Applications/VEXcode V5 Text.app/Contents/Resources/sdk/vexv5/libv5rt.a(vex_brain.cpp.obj)
                0x0000000003803874                vex::brain::lcd::printAt(long, long, char const*, ...)
 .text._ZN3vex5brain3lcd12_clearScreenEm
                0x00000000038038e0       0x38 /Applications/VEXcode V5 Text.app/Contents/Resources/sdk/vexv5/libv5rt.a(vex_brain.cpp.obj)
                0x00000000038038e0                vex::brain::lcd::_clearScreen(unsigned long)
 .text._ZN3vex5brain3lcd11clearScreenERKNS_5colorE
                0x0000000003803918       0x20 /Applications/VEXcode V5 Text.app/Contents/Resources/sdk/vexv5/libv5rt.a(vex_brain.cpp.obj)
                0x0000000003803918                vex::brain::lcd::clearScreen(vex::color const&)
 .text._ZN3vex5brain3lcd11clearScreenEv
                0x0000000003803938       0x2c /Applications/VEXcode V5 Text.app/Contents/Resources/sdk/vexv5/libv5rt.a(vex_brain.cpp.obj)
                0x0000000003803938                vex::brain::lcd::clearScreen()
 .text._ZN3vex5brain3lcd13drawRectangleEiiii
                0x0000000003803964       0xdc /Applications/VEXcode V5 Text.app/Contents/Resources/sdk/vexv5/libv5rt.a(vex_brain.cpp.obj)
                0x0000000003803964                vex::brain::lcd::drawRectangle(int, int, int, int)
 .text._ZN3vex5brain3lcd14_drawRectangleEiiiim
                0x0000000003803a40       0x74 /Applications/VEXcode V5 Text.app/Contents/Resources/sdk/vexv5/libv5rt.a(vex_brain.cpp.obj)
                0x0000000003803a40                vex::brain::lcd::_drawRectangle(int, int, int, int, unsigned long)
 .text._ZN3vex5brain3lcd13drawRectangleEiiiiRKNS_5colorE
                0x0000000003803ab4       0x68 /Applications/VEXcode V5 Text.app/Contents/Resources/sdk/vexv5/libv5rt.a(vex_brain.cpp.obj)
                0x0000000003803ab4                vex::brain::lcd::drawRectangle(int, int, int, int, vex::color const&)
 .text._ZN3vex5brain3lcd9xPositionEv
                0x0000000003803b1c       0x24 /Applications/VEXcode V5 Text.app/Contents/Resources/sdk/vexv5/libv5rt.a(vex_brain.cpp.obj)
                0x0000000003803b1c                vex::brain::lcd::xPosition()
 .text._ZN3vex5brain3lcd9yPositionEv
                0x0000000003803b40       0x24 /Applications/VEXcode V5 Text.app/Contents/Resources/sdk/vexv5/libv5rt.a(vex_brain.cpp.obj)
                0x0000000003803b40                vex::brain::lcd::yPosition()
 .text._ZN3vex5brain3lcd8pressingEv
                0x0000000003803b64       0x20 /Applications/VEXcode V5 Text.app/Contents/Resources/sdk/vexv5/libv5rt.a(vex_brain.cpp.obj)
                0x0000000003803b64                vex::brain::lcd::pressing()
 .text._ZN3vex5brain3lcd6renderEv
                0x0000000003803b84        0xc /Applications/VEXcode V5 Text.app/Contents/Resources/sdk/vexv5/libv5rt.a(vex_brain.cpp.obj)
                0x0000000003803b84                vex::brain::lcd::render()
 .text._ZN3vex11competition8_disableEPv
                0x0000000003803b90       0x9c /Applications/VEXcode V5 Text.app/Contents/Resources/sdk/vexv5/libv5rt.a(vex_competition.cpp.obj)
                0x0000000003803b90                vex::competition::_disable(void*)
 .text._ZN3vex11competition11_autonomousEv
                0x0000000003803c2c       0x7c /Applications/VEXcode V5 Text.app/Contents/Resources/sdk/vexv5/libv5rt.a(vex_competition.cpp.obj)
                0x0000000003803c2c                vex::competition::_autonomous()
 .text._ZN3vex11competition14_drivercontrolEv
                0x0000000003803ca8       0x7c /Applications/VEXcode V5 Text.app/Contents/Resources/sdk/vexv5/libv5rt.a(vex_competition.cpp.obj)
                0x0000000003803ca8                vex::competition::_drivercontrol()
 .text._ZN3vex11competitionC2Ev
                0x0000000003803d24      0x13c /Applications/VEXcode V5 Text.app/Contents/Resources/sdk/vexv5/libv5rt.a(vex_competition.cpp.obj)
                0x0000000003803d24                vex::competition::competition()
                0x0000000003803d24                vex::competition::competition()
 .text._ZN3vex11competitionD2Ev
                0x0000000003803e60        0x4 /Applications/VEXcode V5 Text.app/Contents/Resources/sdk/vexv5/libv5rt.a(vex_competition.cpp.obj)
                0x0000000003803e60                vex::competition::~competition()
                0x0000000003803e60                vex::competition::~competition()
 .text._ZN3vex11competition10autonomousEPFvvE
                0x0000000003803e64       0x44 /Applications/VEXcode V5 Text.app/Contents/Resources/sdk/vexv5/libv5rt.a(vex_competition.cpp.obj)
                0x0000000003803e64                vex::competition::autonomous(void (*)())
 .text._ZN3vex11competition13drivercontrolEPFvvE
                0x0000000003803ea8       0x44 /Applications/VEXcode V5 Text.app/Contents/Resources/sdk/vexv5/libv5rt.a(vex_competition.cpp.obj)
                0x0000000003803ea8                vex::competition::drivercontrol(void (*)())
 .text._ZN3vex7triport9installedEv
                0x0000000003803eec       0x18 /Applications/VEXcode V5 Text.app/Contents/Resources/sdk/vexv5/libv5rt.a(vex_triport.cpp.obj)
                0x0000000003803eec                vex::triport::installed()
 .text._ZN3vex7triportD2Ev
                0x0000000003803f04       0x38 /Applications/VEXcode V5 Text.app/Contents/Resources/sdk/vexv5/libv5rt.a(vex_triport.cpp.obj)
                0x0000000003803f04                vex::triport::~triport()
                0x0000000003803f04                vex::triport::~triport()
 .text._ZN3vex7triport4portC2ElPS0_
                0x0000000003803f3c       0x90 /Applications/VEXcode V5 Text.app/Contents/Resources/sdk/vexv5/libv5rt.a(vex_triport.cpp.obj)
                0x0000000003803f3c                vex::triport::port::port(long, vex::triport*)
                0x0000000003803f3c                vex::triport::port::port(long, vex::triport*)
 .text._ZN3vex7triportC2El
                0x0000000003803fcc       0xf0 /Applications/VEXcode V5 Text.app/Contents/Resources/sdk/vexv5/libv5rt.a(vex_triport.cpp.obj)
                0x0000000003803fcc                vex::triport::triport(long)
                0x0000000003803fcc                vex::triport::triport(long)
 .text._ZN3vex7triport4port4typeENS_11triportTypeE
                0x00000000038040bc       0x34 /Applications/VEXcode V5 Text.app/Contents/Resources/sdk/vexv5/libv5rt.a(vex_triport.cpp.obj)
                0x00000000038040bc                vex::triport::port::type(vex::triportType)
 .text._ZN3vex7triport4port4typeEv
                0x00000000038040f0       0x38 /Applications/VEXcode V5 Text.app/Contents/Resources/sdk/vexv5/libv5rt.a(vex_triport.cpp.obj)
                0x00000000038040f0                vex::triport::port::type()
 .text._ZN3vex7triport4port5valueEv
                0x0000000003804128       0x14 /Applications/VEXcode V5 Text.app/Contents/Resources/sdk/vexv5/libv5rt.a(vex_triport.cpp.obj)
                0x0000000003804128                vex::triport::port::value()
 .text._ZN3vex7triport4port5valueEl
                0x000000000380413c       0x18 /Applications/VEXcode V5 Text.app/Contents/Resources/sdk/vexv5/libv5rt.a(vex_triport.cpp.obj)
                0x000000000380413c                vex::triport::port::value(long)
 .text._ZN3vex7triport4port14_convertAnalogENS_11analogUnitsE
                0x0000000003804154       0x58 /Applications/VEXcode V5 Text.app/Contents/Resources/sdk/vexv5/libv5rt.a(vex_triport.cpp.obj)
                0x0000000003804154                vex::triport::port::_convertAnalog(vex::analogUnits)
 .text._ZN3vex11__trideviceC2ERNS_7triport4portENS_11triportTypeE
                0x00000000038041ac       0x5c /Applications/VEXcode V5 Text.app/Contents/Resources/sdk/vexv5/libv5rt.a(vex_triport.cpp.obj)
                0x00000000038041ac                vex::__tridevice::__tridevice(vex::triport::port&, vex::triportType)
                0x00000000038041ac                vex::__tridevice::__tridevice(vex::triport::port&, vex::triportType)
 .text._ZN3vex11__tridevice14_convertAnalogENS_11analogUnitsE
                0x0000000003804208        0x8 /Applications/VEXcode V5 Text.app/Contents/Resources/sdk/vexv5/libv5rt.a(vex_triport.cpp.obj)
                0x0000000003804208                vex::__tridevice::_convertAnalog(vex::analogUnits)
 .text._ZN3vex5limitC2ERNS_7triport4portE
                0x0000000003804210       0x28 /Applications/VEXcode V5 Text.app/Contents/Resources/sdk/vexv5/libv5rt.a(vex_triport.cpp.obj)
                0x0000000003804210                vex::limit::limit(vex::triport::port&)
                0x0000000003804210                vex::limit::limit(vex::triport::port&)
 .text._ZN3vex5limitD2Ev
                0x0000000003804238        0x4 /Applications/VEXcode V5 Text.app/Contents/Resources/sdk/vexv5/libv5rt.a(vex_triport.cpp.obj)
                0x0000000003804238                vex::limit::~limit()
                0x0000000003804238                vex::limit::~limit()
 .text._ZN3vex5limit5valueEv
                0x000000000380423c        0x8 /Applications/VEXcode V5 Text.app/Contents/Resources/sdk/vexv5/libv5rt.a(vex_triport.cpp.obj)
                0x000000000380423c                vex::limit::value()
 .text._ZN3vex3potC2ERNS_7triport4portE
                0x0000000003804244       0x20 /Applications/VEXcode V5 Text.app/Contents/Resources/sdk/vexv5/libv5rt.a(vex_triport.cpp.obj)
                0x0000000003804244                vex::pot::pot(vex::triport::port&)
                0x0000000003804244                vex::pot::pot(vex::triport::port&)
 .text._ZN3vex3potD2Ev
                0x0000000003804264        0x4 /Applications/VEXcode V5 Text.app/Contents/Resources/sdk/vexv5/libv5rt.a(vex_triport.cpp.obj)
                0x0000000003804264                vex::pot::~pot()
                0x0000000003804264                vex::pot::~pot()
 .text._ZN3vex3pot5valueENS_11analogUnitsE
                0x0000000003804268        0x4 /Applications/VEXcode V5 Text.app/Contents/Resources/sdk/vexv5/libv5rt.a(vex_triport.cpp.obj)
                0x0000000003804268                vex::pot::value(vex::analogUnits)
 .text._ZN3vex4gyroC2ERNS_7triport4portE
                0x000000000380426c       0x34 /Applications/VEXcode V5 Text.app/Contents/Resources/sdk/vexv5/libv5rt.a(vex_triport.cpp.obj)
                0x000000000380426c                vex::gyro::gyro(vex::triport::port&)
                0x000000000380426c                vex::gyro::gyro(vex::triport::port&)
 .text._ZN3vex4gyroD2Ev
                0x00000000038042a0        0x4 /Applications/VEXcode V5 Text.app/Contents/Resources/sdk/vexv5/libv5rt.a(vex_triport.cpp.obj)
                0x00000000038042a0                vex::gyro::~gyro()
                0x00000000038042a0                vex::gyro::~gyro()
 *fill*         0x00000000038042a4        0x4 
 .text._ZN3vex4gyro5valueENS_13rotationUnitsE
                0x00000000038042a8       0x50 /Applications/VEXcode V5 Text.app/Contents/Resources/sdk/vexv5/libv5rt.a(vex_triport.cpp.obj)
                0x00000000038042a8                vex::gyro::value(vex::rotationUnits)
 .text._ZN3vex4gyro16startCalibrationEl
                0x00000000038042f8       0x20 /Applications/VEXcode V5 Text.app/Contents/Resources/sdk/vexv5/libv5rt.a(vex_triport.cpp.obj)
                0x00000000038042f8                vex::gyro::startCalibration(long)
 .text._ZN3vex4gyro13isCalibratingEv
                0x0000000003804318       0x38 /Applications/VEXcode V5 Text.app/Contents/Resources/sdk/vexv5/libv5rt.a(vex_triport.cpp.obj)
                0x0000000003804318                vex::gyro::isCalibrating()
 .text.startup._GLOBAL__sub_I__ZN3vex7triportC2El
                0x0000000003804350       0x30 /Applications/VEXcode V5 Text.app/Contents/Resources/sdk/vexv5/libv5rt.a(vex_triport.cpp.obj)
 .text._ZN3vex5colorD2Ev
                0x0000000003804380        0x4 /Applications/VEXcode V5 Text.app/Contents/Resources/sdk/vexv5/libv5rt.a(vex_color.cpp.obj)
                0x0000000003804380                vex::color::~color()
                0x0000000003804380                vex::color::~color()
 .text._ZNK3vex5colorcvmEv
                0x0000000003804384        0x8 /Applications/VEXcode V5 Text.app/Contents/Resources/sdk/vexv5/libv5rt.a(vex_color.cpp.obj)
                0x0000000003804384                vex::color::operator unsigned long() const
 .text._ZNK3vex5color13isTransparentEv
                0x000000000380438c        0x8 /Applications/VEXcode V5 Text.app/Contents/Resources/sdk/vexv5/libv5rt.a(vex_color.cpp.obj)
                0x000000000380438c                vex::color::isTransparent() const
 .text.startup._GLOBAL__sub_I__ZN3vex5color5blackE
                0x0000000003804394      0x164 /Applications/VEXcode V5 Text.app/Contents/Resources/sdk/vexv5/libv5rt.a(vex_color.cpp.obj)
 .text._ZN3vex5timerD2Ev
                0x00000000038044f8        0x4 /Applications/VEXcode V5 Text.app/Contents/Resources/sdk/vexv5/libv5rt.a(vex_timer.cpp.obj)
                0x00000000038044f8                vex::timer::~timer()
                0x00000000038044f8                vex::timer::~timer()
 .text._ZN3vex5timer5clearEv
                0x00000000038044fc       0x1c /Applications/VEXcode V5 Text.app/Contents/Resources/sdk/vexv5/libv5rt.a(vex_timer.cpp.obj)
                0x00000000038044fc                vex::timer::clear()
 .text._ZN3vex5timerC2Ev
                0x0000000003804518       0x14 /Applications/VEXcode V5 Text.app/Contents/Resources/sdk/vexv5/libv5rt.a(vex_timer.cpp.obj)
                0x0000000003804518                vex::timer::timer()
                0x0000000003804518                vex::timer::timer()
 .text.vexAdiPortConfigSet
                0x000000000380452c       0x28 /Applications/VEXcode V5 Text.app/Contents/Resources/sdk/vexv5/libv5rt.a(v5_apiuser.c.obj)
                0x000000000380452c                vexAdiPortConfigSet
 .text.vexAdiPortConfigGet
                0x0000000003804554       0x28 /Applications/VEXcode V5 Text.app/Contents/Resources/sdk/vexv5/libv5rt.a(v5_apiuser.c.obj)
                0x0000000003804554                vexAdiPortConfigGet
 .text.vexAdiValueSet
                0x000000000380457c       0x28 /Applications/VEXcode V5 Text.app/Contents/Resources/sdk/vexv5/libv5rt.a(v5_apiuser.c.obj)
                0x000000000380457c                vexAdiValueSet
 .text.vexAdiValueGet
                0x00000000038045a4       0x20 /Applications/VEXcode V5 Text.app/Contents/Resources/sdk/vexv5/libv5rt.a(v5_apiuser.c.obj)
                0x00000000038045a4                vexAdiValueGet
 .text.vexMotorVelocitySet
                0x00000000038045c4       0x20 /Applications/VEXcode V5 Text.app/Contents/Resources/sdk/vexv5/libv5rt.a(v5_apiuser.c.obj)
                0x00000000038045c4                vexMotorVelocitySet
 .text.vexMotorVoltageSet
                0x00000000038045e4       0x20 /Applications/VEXcode V5 Text.app/Contents/Resources/sdk/vexv5/libv5rt.a(v5_apiuser.c.obj)
                0x00000000038045e4                vexMotorVoltageSet
 .text.vexMotorActualVelocityGet
                0x0000000003804604       0x24 /Applications/VEXcode V5 Text.app/Contents/Resources/sdk/vexv5/libv5rt.a(v5_apiuser.c.obj)
                0x0000000003804604                vexMotorActualVelocityGet
 .text.vexMotorZeroPositionFlagGet
                0x0000000003804628       0x18 /Applications/VEXcode V5 Text.app/Contents/Resources/sdk/vexv5/libv5rt.a(v5_apiuser.c.obj)
                0x0000000003804628                vexMotorZeroPositionFlagGet
 .text.vexMotorReverseFlagSet
                0x0000000003804640       0x20 /Applications/VEXcode V5 Text.app/Contents/Resources/sdk/vexv5/libv5rt.a(v5_apiuser.c.obj)
                0x0000000003804640                vexMotorReverseFlagSet
 .text.vexMotorEncoderUnitsSet
                0x0000000003804660       0x20 /Applications/VEXcode V5 Text.app/Contents/Resources/sdk/vexv5/libv5rt.a(v5_apiuser.c.obj)
                0x0000000003804660                vexMotorEncoderUnitsSet
 .text.vexMotorBrakeModeSet
                0x0000000003804680       0x20 /Applications/VEXcode V5 Text.app/Contents/Resources/sdk/vexv5/libv5rt.a(v5_apiuser.c.obj)
                0x0000000003804680                vexMotorBrakeModeSet
 .text.vexMotorPositionSet
                0x00000000038046a0       0x28 /Applications/VEXcode V5 Text.app/Contents/Resources/sdk/vexv5/libv5rt.a(v5_apiuser.c.obj)
                0x00000000038046a0                vexMotorPositionSet
 .text.vexMotorPositionGet
                0x00000000038046c8       0x24 /Applications/VEXcode V5 Text.app/Contents/Resources/sdk/vexv5/libv5rt.a(v5_apiuser.c.obj)
                0x00000000038046c8                vexMotorPositionGet
 .text.vexMotorRelativeTargetSet
                0x00000000038046ec       0x30 /Applications/VEXcode V5 Text.app/Contents/Resources/sdk/vexv5/libv5rt.a(v5_apiuser.c.obj)
                0x00000000038046ec                vexMotorRelativeTargetSet
 .text.vexMotorGearingGet
                0x000000000380471c       0x18 /Applications/VEXcode V5 Text.app/Contents/Resources/sdk/vexv5/libv5rt.a(v5_apiuser.c.obj)
                0x000000000380471c                vexMotorGearingGet
 .text.vexEventMaskSet
                0x0000000003804734       0x28 /Applications/VEXcode V5 Text.app/Contents/Resources/sdk/vexv5/libv5rt.a(v5_apiuser.c.obj)
                0x0000000003804734                vexEventMaskSet
 .text.vexEventMaskGet
                0x000000000380475c       0x18 /Applications/VEXcode V5 Text.app/Contents/Resources/sdk/vexv5/libv5rt.a(v5_apiuser.c.obj)
                0x000000000380475c                vexEventMaskGet
 .text._ZN3vex6device5valueEv
                0x0000000003804774        0x8 /Applications/VEXcode V5 Text.app/Contents/Resources/sdk/vexv5/libv5rt.a(vex_device.cpp.obj)
                0x0000000003804774                vex::device::value()
 .text._ZN3vex6deviceD2Ev
                0x000000000380477c        0x4 /Applications/VEXcode V5 Text.app/Contents/Resources/sdk/vexv5/libv5rt.a(vex_device.cpp.obj)
                0x000000000380477c                vex::device::~device()
                0x000000000380477c                vex::device::~device()
 .text._ZN3vex6device4initEl
                0x0000000003804780       0x30 /Applications/VEXcode V5 Text.app/Contents/Resources/sdk/vexv5/libv5rt.a(vex_device.cpp.obj)
                0x0000000003804780                vex::device::init(long)
 .text._ZN3vex6deviceC2El
                0x00000000038047b0       0x20 /Applications/VEXcode V5 Text.app/Contents/Resources/sdk/vexv5/libv5rt.a(vex_device.cpp.obj)
                0x00000000038047b0                vex::device::device(long)
                0x00000000038047b0                vex::device::device(long)
 .text._ZN3vex6device4typeEv
                0x00000000038047d0       0x10 /Applications/VEXcode V5 Text.app/Contents/Resources/sdk/vexv5/libv5rt.a(vex_device.cpp.obj)
                0x00000000038047d0                vex::device::type()
 .text._ZN3vex6device9installedEv
                0x00000000038047e0       0x14 /Applications/VEXcode V5 Text.app/Contents/Resources/sdk/vexv5/libv5rt.a(vex_device.cpp.obj)
                0x00000000038047e0                vex::device::installed()
 .text.__libc_fini_array
                0x00000000038047f4       0x30 /Applications/VEXcode V5 Text.app/Contents/Resources/sdk/vexv5/gcc/libs/libc.a(lib_a-fini.o)
                0x00000000038047f4                __libc_fini_array
 .text.__libc_init_array
                0x0000000003804824       0x58 /Applications/VEXcode V5 Text.app/Contents/Resources/sdk/vexv5/gcc/libs/libc.a(lib_a-init.o)
                0x0000000003804824                __libc_init_array
 .text.fmax     0x000000000380487c       0x4c /Applications/VEXcode V5 Text.app/Contents/Resources/sdk/vexv5/gcc/libs/libm.a(lib_a-s_fmax.o)
                0x000000000380487c                fmax
 .text.fmax.__stub
                0x00000000038048c8       0x10 linker stubs
 *(.gnu.linkonce.t.*)
 *(.plt)
 *(.gnu_warning)
 *(.gcc_except_table)
 *(.glue_7)
 .glue_7        0x00000000038048d8        0x0 linker stubs
 *(.glue_7t)
 .glue_7t       0x00000000038048d8        0x0 linker stubs
 *(.vfp11_veneer)
 .vfp11_veneer  0x00000000038048d8        0x0 linker stubs
 *(.ARM.extab)
 *(.gnu.linkonce.armextab.*)

.v4_bx          0x00000000038048d8        0x0
 .v4_bx         0x00000000038048d8        0x0 linker stubs

.iplt           0x00000000038048d8        0x0
 .iplt          0x00000000038048d8        0x0 build/src/main.o

.init
 *(.init)

.fini
 *(.fini)

.rodata         0x00000000038048d8      0x1ac
                0x00000000038048d8                __rodata_start = .
 *(.rodata)
 *(.rodata.*)
 .rodata.str1.1
                0x00000000038048d8       0x73 build/src/main.o
 *fill*         0x000000000380494b        0x5 
 .rodata..Lconstinit
                0x0000000003804950       0x18 build/src/main.o
 .rodata.str1.1
                0x0000000003804968       0x2e /Applications/VEXcode V5 Text.app/Contents/Resources/sdk/vexv5/libv5rt.a(v5_startup.c.obj)
 *fill*         0x0000000003804996        0x2 
 .rodata._ZN3vex5PORT5E
                0x0000000003804998        0x4 /Applications/VEXcode V5 Text.app/Contents/Resources/sdk/vexv5/libv5rt.a(vex_global.cpp.obj)
                0x0000000003804998                vex::PORT5
 .rodata._ZN3vex5PORT7E
                0x000000000380499c        0x4 /Applications/VEXcode V5 Text.app/Contents/Resources/sdk/vexv5/libv5rt.a(vex_global.cpp.obj)
                0x000000000380499c                vex::PORT7
 .rodata._ZN3vex5PORT6E
                0x00000000038049a0        0x4 /Applications/VEXcode V5 Text.app/Contents/Resources/sdk/vexv5/libv5rt.a(vex_global.cpp.obj)
                0x00000000038049a0                vex::PORT6
 .rodata._ZN3vex5PORT9E
                0x00000000038049a4        0x4 /Applications/VEXcode V5 Text.app/Contents/Resources/sdk/vexv5/libv5rt.a(vex_global.cpp.obj)
                0x00000000038049a4                vex::PORT9
 .rodata._ZN3vex6PORT22E
                0x00000000038049a8        0x4 /Applications/VEXcode V5 Text.app/Contents/Resources/sdk/vexv5/libv5rt.a(vex_global.cpp.obj)
                0x00000000038049a8                vex::PORT22
 .rodata._ZN3vex5PORT4E
                0x00000000038049ac        0x4 /Applications/VEXcode V5 Text.app/Contents/Resources/sdk/vexv5/libv5rt.a(vex_global.cpp.obj)
                0x00000000038049ac                vex::PORT4
 .rodata._ZN3vex6PORT19E
                0x00000000038049b0        0x4 /Applications/VEXcode V5 Text.app/Contents/Resources/sdk/vexv5/libv5rt.a(vex_global.cpp.obj)
                0x00000000038049b0                vex::PORT19
 .rodata._ZN3vex6PORT20E
                0x00000000038049b4        0x4 /Applications/VEXcode V5 Text.app/Contents/Resources/sdk/vexv5/libv5rt.a(vex_global.cpp.obj)
                0x00000000038049b4                vex::PORT20
 .rodata._ZN3vex5PORT8E
                0x00000000038049b8        0x4 /Applications/VEXcode V5 Text.app/Contents/Resources/sdk/vexv5/libv5rt.a(vex_global.cpp.obj)
                0x00000000038049b8                vex::PORT8
 *fill*         0x00000000038049bc        0x4 
 .rodata._ZTVN3vex5motorE
                0x00000000038049c0       0x10 /Applications/VEXcode V5 Text.app/Contents/Resources/sdk/vexv5/libv5rt.a(vex_motor.cpp.obj)
                0x00000000038049c0                vtable for vex::motor
 .rodata.str1.1
                0x00000000038049d0       0x15 /Applications/VEXcode V5 Text.app/Contents/Resources/sdk/vexv5/libv5rt.a(vex_controller.cpp.obj)
                                         0x16 (size before relaxing)
 .rodata.CSWTCH.15
                0x00000000038049e5        0xb /Applications/VEXcode V5 Text.app/Contents/Resources/sdk/vexv5/libv5rt.a(vex_controller.cpp.obj)
 .rodata.CSWTCH.17
                0x00000000038049f0        0xb /Applications/VEXcode V5 Text.app/Contents/Resources/sdk/vexv5/libv5rt.a(vex_controller.cpp.obj)
 .rodata.CSWTCH.23
                0x00000000038049fb        0x3 /Applications/VEXcode V5 Text.app/Contents/Resources/sdk/vexv5/libv5rt.a(vex_controller.cpp.obj)
 .rodata.str1.1
                0x00000000038049fe        0xa /Applications/VEXcode V5 Text.app/Contents/Resources/sdk/vexv5/libv5rt.a(vex_task.cpp.obj)
 .rodata.str1.1
                0x0000000003804a08        0xa /Applications/VEXcode V5 Text.app/Contents/Resources/sdk/vexv5/libv5rt.a(vex_thread.cpp.obj)
 .rodata.str1.1
                0x0000000003804a12       0x2b /Applications/VEXcode V5 Text.app/Contents/Resources/sdk/vexv5/libv5rt.a(vex_brain.cpp.obj)
 *fill*         0x0000000003804a3d        0x3 
 .rodata._ZTVN3vex7triportE
                0x0000000003804a40       0x10 /Applications/VEXcode V5 Text.app/Contents/Resources/sdk/vexv5/libv5rt.a(vex_triport.cpp.obj)
                0x0000000003804a40                vtable for vex::triport
 .rodata.CSWTCH.26
                0x0000000003804a50        0xe /Applications/VEXcode V5 Text.app/Contents/Resources/sdk/vexv5/libv5rt.a(vex_triport.cpp.obj)
 .rodata.CSWTCH.31
                0x0000000003804a5e       0x10 /Applications/VEXcode V5 Text.app/Contents/Resources/sdk/vexv5/libv5rt.a(vex_triport.cpp.obj)
 *fill*         0x0000000003804a6e        0x2 
 .rodata._ZTVN3vex6deviceE
                0x0000000003804a70       0x10 /Applications/VEXcode V5 Text.app/Contents/Resources/sdk/vexv5/libv5rt.a(vex_device.cpp.obj)
                0x0000000003804a70                vtable for vex::device
 .rodata.str1.4
                0x0000000003804a80        0x4 /Applications/VEXcode V5 Text.app/Contents/Resources/sdk/vexv5/gcc/libs/libc.a(lib_a-impure.o)
                                          0x2 (size before relaxing)
 *(.gnu.linkonce.r.*)
                0x0000000003804a84                __rodata_end = .

.rodata1        0x0000000003804a84        0x0
                0x0000000003804a84                __rodata1_start = .
 *(.rodata1)
 *(.rodata1.*)
                0x0000000003804a84                __rodata1_end = .

.sdata2         0x0000000003804a84        0x0
                0x0000000003804a84                __sdata2_start = .
 *(.sdata2)
 *(.sdata2.*)
 *(.gnu.linkonce.s2.*)
                0x0000000003804a84                __sdata2_end = .

.sbss2          0x0000000003804a84        0x0
                0x0000000003804a84                __sbss2_start = .
 *(.sbss2)
 *(.sbss2.*)
 *(.gnu.linkonce.sb2.*)
                0x0000000003804a84                __sbss2_end = .

.data           0x0000000003804a88      0x47c
                0x0000000003804a88                __data_start = .
 *(.data)
 *(.data.*)
 .data.minPct   0x0000000003804a88        0x4 build/src/main.o
                0x0000000003804a88                minPct
 .data.maxPotVal
                0x0000000003804a8c        0x4 build/src/main.o
                0x0000000003804a8c                maxPotVal
 .data.squareDistance
                0x0000000003804a90        0x8 build/src/main.o
                0x0000000003804a90                squareDistance
 .data.distance1a
                0x0000000003804a98        0x8 build/src/main.o
                0x0000000003804a98                distance1a
 .data.distance1b
                0x0000000003804aa0        0x8 build/src/main.o
                0x0000000003804aa0                distance1b
 .data.turn1a   0x0000000003804aa8        0x8 build/src/main.o
                0x0000000003804aa8                turn1a
 .data.distance1c
                0x0000000003804ab0        0x8 build/src/main.o
                0x0000000003804ab0                distance1c
 .data.distance1d
                0x0000000003804ab8        0x8 build/src/main.o
                0x0000000003804ab8                distance1d
 .data.appRunning
                0x0000000003804ac0        0x4 /Applications/VEXcode V5 Text.app/Contents/Resources/sdk/vexv5/libv5rt.a(v5_startup.c.obj)
                0x0000000003804ac0                appRunning
 .data.__yoff   0x0000000003804ac4        0x4 /Applications/VEXcode V5 Text.app/Contents/Resources/sdk/vexv5/libv5rt.a(v5_apijump.c.obj)
 .data._ZN3vex4holdE
                0x0000000003804ac8        0x4 /Applications/VEXcode V5 Text.app/Contents/Resources/sdk/vexv5/libv5rt.a(vex_global.cpp.obj)
                0x0000000003804ac8                vex::hold
 .data._ZN3vex3revE
                0x0000000003804acc        0x4 /Applications/VEXcode V5 Text.app/Contents/Resources/sdk/vexv5/libv5rt.a(vex_global.cpp.obj)
                0x0000000003804acc                vex::rev
 .data._ZN3vex24__default_motor_velocityE
                0x0000000003804ad0        0x4 /Applications/VEXcode V5 Text.app/Contents/Resources/sdk/vexv5/libv5rt.a(vex_motor.cpp.obj)
                0x0000000003804ad0                vex::__default_motor_velocity
 *fill*         0x0000000003804ad4        0x4 
 .data.impure_data
                0x0000000003804ad8      0x428 /Applications/VEXcode V5 Text.app/Contents/Resources/sdk/vexv5/gcc/libs/libc.a(lib_a-impure.o)
 .data._impure_ptr
                0x0000000003804f00        0x4 /Applications/VEXcode V5 Text.app/Contents/Resources/sdk/vexv5/gcc/libs/libc.a(lib_a-impure.o)
                0x0000000003804f00                _impure_ptr
 *(.gnu.linkonce.d.*)
 *(.jcr)
 *(.got)
 *(.got.plt)
                0x0000000003804f04                __data_end = .

.igot.plt       0x0000000003804f04        0x0
 .igot.plt      0x0000000003804f04        0x0 build/src/main.o

.data1          0x0000000003804f04        0x0
                0x0000000003804f04                __data1_start = .
 *(.data1)
 *(.data1.*)
                0x0000000003804f04                __data1_end = .

.got
 *(.got)

.ctors          0x0000000003804f04        0x0
                0x0000000003804f04                __CTOR_LIST__ = .
                0x0000000003804f04                ___CTORS_LIST___ = .
 *crtbegin.o(.ctors)
 *(EXCLUDE_FILE(*crtend.o) .ctors)
 *(SORT_BY_NAME(.ctors.*))
 *(.ctors)
                0x0000000003804f04                __CTOR_END__ = .
                0x0000000003804f04                ___CTORS_END___ = .

.dtors          0x0000000003804f04        0x0
                0x0000000003804f04                __DTOR_LIST__ = .
                0x0000000003804f04                ___DTORS_LIST___ = .
 *crtbegin.o(.dtors)
 *(EXCLUDE_FILE(*crtend.o) .dtors)
 *(SORT_BY_NAME(.dtors.*))
 *(.dtors)
                0x0000000003804f04                __DTOR_END__ = .
                0x0000000003804f04                ___DTORS_END___ = .

.fixup          0x0000000003804f04        0x0
                0x0000000003804f04                __fixup_start = .
 *(.fixup)
                0x0000000003804f04                __fixup_end = .

.eh_frame
 *(.eh_frame)

.eh_framehdr    0x0000000003804f04        0x0
                0x0000000003804f04                __eh_framehdr_start = .
 *(.eh_framehdr)
                0x0000000003804f04                __eh_framehdr_end = .

.gcc_except_table
 *(.gcc_except_table)

.mmu_tbl        0x0000000003808000        0x0
                0x0000000003808000                __mmu_tbl_start = .
 *(.mmu_tbl)
                0x0000000003808000                __mmu_tbl_end = .

.ARM.exidx      0x0000000003804f04        0x8
                0x0000000003804f04                __exidx_start = .
 *(.ARM.exidx*)
 .ARM.exidx.text._Z6vdrivedd
                0x0000000003804f04        0x8 build/src/main.o
 .ARM.exidx.text._Z8moveTrayi
                0x0000000003804f0c        0x0 build/src/main.o
                                          0x8 (size before relaxing)
 .ARM.exidx.text._Z13intakeControlv
                0x0000000003804f0c        0x0 build/src/main.o
                                          0x8 (size before relaxing)
 .ARM.exidx.text._Z10armControlv
                0x0000000003804f0c        0x0 build/src/main.o
                                          0x8 (size before relaxing)
 .ARM.exidx.text._Z21moveBackAutomaticallyv
                0x0000000003804f0c        0x0 build/src/main.o
                                          0x8 (size before relaxing)
 .ARM.exidx.text._Z11trayControlv
                0x0000000003804f0c        0x0 build/src/main.o
                                          0x8 (size before relaxing)
 .ARM.exidx.text._Z10deployTrayv
                0x0000000003804f0c        0x0 build/src/main.o
                                          0x8 (size before relaxing)
 .ARM.exidx.text._Z11outtakeSomev
                0x0000000003804f0c        0x0 build/src/main.o
                                          0x8 (size before relaxing)
 .ARM.exidx.text._Z10setBrakingv
                0x0000000003804f0c        0x0 build/src/main.o
                                          0x8 (size before relaxing)
 .ARM.exidx.text._Z7stopAllv
                0x0000000003804f0c        0x0 build/src/main.o
                                          0x8 (size before relaxing)
 .ARM.exidx.text._Z9gyroTurn3diii
                0x0000000003804f0c        0x0 build/src/main.o
                                          0x8 (size before relaxing)
 .ARM.exidx.text._Z9resetGyrov
                0x0000000003804f0c        0x0 build/src/main.o
                                          0x8 (size before relaxing)
 .ARM.exidx.text._Z17basicEncoderDriveddb
                0x0000000003804f0c        0x0 build/src/main.o
                                          0x8 (size before relaxing)
 .ARM.exidx.text._Z9turnDriveddb
                0x0000000003804f0c        0x0 build/src/main.o
                                          0x8 (size before relaxing)
 .ARM.exidx.text._Z16basicEncoderTurnddb
                0x0000000003804f0c        0x0 build/src/main.o
                                          0x8 (size before relaxing)
 .ARM.exidx.text._Z7noAutonv
                0x0000000003804f0c        0x0 build/src/main.o
                                          0x8 (size before relaxing)
 .ARM.exidx.text._Z8RedAuto2v
                0x0000000003804f0c        0x0 build/src/main.o
                                          0x8 (size before relaxing)
 .ARM.exidx.text._Z5blue1v
                0x0000000003804f0c        0x0 build/src/main.o
                                          0x8 (size before relaxing)
 .ARM.exidx.text._Z5blue2v
                0x0000000003804f0c        0x0 build/src/main.o
                                          0x8 (size before relaxing)
 .ARM.exidx.text._ZNSt6vectorI5AutonSaIS0_EEC2ESt16initializer_listIS0_ERKS1_
                0x0000000003804f0c        0x0 build/src/main.o
                                          0x8 (size before relaxing)
 .ARM.exidx.text._ZNSt6vectorI5AutonSaIS0_EED2Ev
                0x0000000003804f0c        0x0 build/src/main.o
                                          0x8 (size before relaxing)
 .ARM.exidx.text._Z11drawButtonsv
                0x0000000003804f0c        0x0 build/src/main.o
                                          0x8 (size before relaxing)
 .ARM.exidx.text._Z11screenPressii
                0x0000000003804f0c        0x0 build/src/main.o
                                          0x8 (size before relaxing)
 .ARM.exidx.text._Z13pre_autonTaskv
                0x0000000003804f0c        0x0 build/src/main.o
                                          0x8 (size before relaxing)
 .ARM.exidx.text._Z14armBrakeTogglev
                0x0000000003804f0c        0x0 build/src/main.o
                                          0x8 (size before relaxing)
 .ARM.exidx.text._Z11usercontrolv
                0x0000000003804f0c        0x0 build/src/main.o
                                          0x8 (size before relaxing)
 .ARM.exidx.text.main
                0x0000000003804f0c        0x0 build/src/main.o
                                          0x8 (size before relaxing)
 .ARM.exidx.text._ZNSt12_Vector_baseI5AutonSaIS0_EE11_M_allocateEj
                0x0000000003804f0c        0x0 build/src/main.o
                                          0x8 (size before relaxing)
 .ARM.exidx.text._GLOBAL__sub_I_main.cpp
                0x0000000003804f0c        0x0 build/src/main.o
                                          0x8 (size before relaxing)
 *(.gnu.linkonce.armexidix.*.*)
                0x0000000003804f0c                __exidx_end = .

.rel.dyn        0x0000000003804f0c        0x0
 .rel.iplt      0x0000000003804f0c        0x0 build/src/main.o

.preinit_array  0x0000000003804f0c        0x0
                0x0000000003804f0c                __preinit_array_start = .
 *(SORT_BY_NAME(.preinit_array.*))
 *(.preinit_array)
                0x0000000003804f0c                __preinit_array_end = .

.init_array     0x0000000003804f0c        0xc
                0x0000000003804f0c                __init_array_start = .
 *(SORT_BY_NAME(.init_array.*))
 *(.init_array)
 .init_array    0x0000000003804f0c        0x4 build/src/main.o
 .init_array    0x0000000003804f10        0x4 /Applications/VEXcode V5 Text.app/Contents/Resources/sdk/vexv5/libv5rt.a(vex_triport.cpp.obj)
 .init_array    0x0000000003804f14        0x4 /Applications/VEXcode V5 Text.app/Contents/Resources/sdk/vexv5/libv5rt.a(vex_color.cpp.obj)
                0x0000000003804f18                __init_array_end = .

.fini_array     0x0000000003804f18        0x0
                0x0000000003804f18                __fini_array_start = .
 *(SORT_BY_NAME(.fini_array.*))
 *(.fini_array)
                0x0000000003804f18                __fini_array_end = .

.ARM.attributes
                0x0000000003804f18       0x3a
                0x0000000003804f18                __ARM.attributes_start = .
 *(.ARM.attributes)
 .ARM.attributes
                0x0000000003804f18       0x3a build/src/main.o
 .ARM.attributes
                0x0000000003804f52       0x35 /Applications/VEXcode V5 Text.app/Contents/Resources/sdk/vexv5/libv5rt.a(v5_startup.c.obj)
 .ARM.attributes
                0x0000000003804f87       0x35 /Applications/VEXcode V5 Text.app/Contents/Resources/sdk/vexv5/libv5rt.a(v5_util.c.obj)
 .ARM.attributes
                0x0000000003804fbc       0x35 /Applications/VEXcode V5 Text.app/Contents/Resources/sdk/vexv5/libv5rt.a(v5_apijump.c.obj)
 .ARM.attributes
                0x0000000003804ff1       0x35 /Applications/VEXcode V5 Text.app/Contents/Resources/sdk/vexv5/libv5rt.a(v5_apiversions.c.obj)
 .ARM.attributes
                0x0000000003805026       0x35 /Applications/VEXcode V5 Text.app/Contents/Resources/sdk/vexv5/libv5rt.a(vex_global.cpp.obj)
 .ARM.attributes
                0x000000000380505b       0x35 /Applications/VEXcode V5 Text.app/Contents/Resources/sdk/vexv5/libv5rt.a(vex_motor.cpp.obj)
 .ARM.attributes
                0x0000000003805090       0x35 /Applications/VEXcode V5 Text.app/Contents/Resources/sdk/vexv5/libv5rt.a(vex_controller.cpp.obj)
 .ARM.attributes
                0x00000000038050c5       0x35 /Applications/VEXcode V5 Text.app/Contents/Resources/sdk/vexv5/libv5rt.a(vex_task.cpp.obj)
 .ARM.attributes
                0x00000000038050fa       0x35 /Applications/VEXcode V5 Text.app/Contents/Resources/sdk/vexv5/libv5rt.a(vex_thread.cpp.obj)
 .ARM.attributes
                0x000000000380512f       0x35 /Applications/VEXcode V5 Text.app/Contents/Resources/sdk/vexv5/libv5rt.a(vex_event.cpp.obj)
 .ARM.attributes
                0x0000000003805164       0x35 /Applications/VEXcode V5 Text.app/Contents/Resources/sdk/vexv5/libv5rt.a(vex_mevent.cpp.obj)
 .ARM.attributes
                0x0000000003805199       0x35 /Applications/VEXcode V5 Text.app/Contents/Resources/sdk/vexv5/libv5rt.a(vex_brain.cpp.obj)
 .ARM.attributes
                0x00000000038051ce       0x35 /Applications/VEXcode V5 Text.app/Contents/Resources/sdk/vexv5/libv5rt.a(vex_competition.cpp.obj)
 .ARM.attributes
                0x0000000003805203       0x35 /Applications/VEXcode V5 Text.app/Contents/Resources/sdk/vexv5/libv5rt.a(vex_triport.cpp.obj)
 .ARM.attributes
                0x0000000003805238       0x35 /Applications/VEXcode V5 Text.app/Contents/Resources/sdk/vexv5/libv5rt.a(vex_color.cpp.obj)
 .ARM.attributes
                0x000000000380526d       0x35 /Applications/VEXcode V5 Text.app/Contents/Resources/sdk/vexv5/libv5rt.a(vex_timer.cpp.obj)
 .ARM.attributes
                0x00000000038052a2       0x35 /Applications/VEXcode V5 Text.app/Contents/Resources/sdk/vexv5/libv5rt.a(v5_apiuser.c.obj)
 .ARM.attributes
                0x00000000038052d7       0x35 /Applications/VEXcode V5 Text.app/Contents/Resources/sdk/vexv5/libv5rt.a(vex_device.cpp.obj)
 .ARM.attributes
                0x000000000380530c       0x19 /Applications/VEXcode V5 Text.app/Contents/Resources/sdk/vexv5/gcc/libs/libc.a(lib_a-aeabi_memmove-soft.o)
 .ARM.attributes
                0x0000000003805325       0x2b /Applications/VEXcode V5 Text.app/Contents/Resources/sdk/vexv5/gcc/libs/libc.a(lib_a-fini.o)
 .ARM.attributes
                0x0000000003805350       0x2b /Applications/VEXcode V5 Text.app/Contents/Resources/sdk/vexv5/gcc/libs/libc.a(lib_a-impure.o)
 .ARM.attributes
                0x000000000380537b       0x2b /Applications/VEXcode V5 Text.app/Contents/Resources/sdk/vexv5/gcc/libs/libc.a(lib_a-init.o)
 .ARM.attributes
                0x00000000038053a6       0x2b /Applications/VEXcode V5 Text.app/Contents/Resources/sdk/vexv5/gcc/libs/libm.a(lib_a-s_fmax.o)
                0x00000000038053d1                __ARM.attributes_end = .

.sdata          0x0000000003804f18        0x0
                0x0000000003804f18                __sdata_start = .
 *(.sdata)
 *(.sdata.*)
 *(.gnu.linkonce.s.*)
                0x0000000003804f18                __sdata_end = .

.sbss           0x0000000003804f18        0x0
                0x0000000003804f18                __sbss_start = .
 *(.sbss)
 *(.sbss.*)
 *(.gnu.linkonce.sb.*)
                0x0000000003804f18                __sbss_end = .

.tdata          0x0000000003804f18        0x0
                0x0000000003804f18                __tdata_start = .
 *(.tdata)
 *(.tdata.*)
 *(.gnu.linkonce.td.*)
                0x0000000003804f18                __tdata_end = .

.tbss           0x0000000003804f18        0x0
                0x0000000003804f18                __tbss_start = .
 *(.tbss)
 *(.tbss.*)
 *(.gnu.linkonce.tb.*)
                0x0000000003804f18                __tbss_end = .

.bss            0x0000000003804f18      0x705
                0x0000000003804f18                __bss_start = .
 *(.bss)
 *(.bss.*)
 .bss.Brain     0x0000000003804f18      0x2dc build/src/main.o
                0x0000000003804f18                Brain
 .bss.Competition
                0x00000000038051f4       0x28 build/src/main.o
                0x00000000038051f4                Competition
 .bss.Controller
                0x000000000380521c      0x1e0 build/src/main.o
                0x000000000380521c                Controller
 .bss.rF        0x00000000038053fc       0x24 build/src/main.o
                0x00000000038053fc                rF
 .bss.rB        0x0000000003805420       0x24 build/src/main.o
                0x0000000003805420                rB
 .bss.lF        0x0000000003805444       0x24 build/src/main.o
                0x0000000003805444                lF
 .bss.lB        0x0000000003805468       0x24 build/src/main.o
                0x0000000003805468                lB
 .bss.arm       0x000000000380548c       0x24 build/src/main.o
                0x000000000380548c                arm
 .bss.tray      0x00000000038054b0       0x24 build/src/main.o
                0x00000000038054b0                tray
 .bss.rin       0x00000000038054d4       0x24 build/src/main.o
                0x00000000038054d4                rin
 .bss.lin       0x00000000038054f8       0x24 build/src/main.o
                0x00000000038054f8                lin
 .bss.trayPot   0x000000000380551c       0x1c build/src/main.o
                0x000000000380551c                trayPot
 .bss.trayLimit
                0x0000000003805538       0x20 build/src/main.o
                0x0000000003805538                trayLimit
 .bss.Gyro      0x0000000003805558       0x24 build/src/main.o
                0x0000000003805558                Gyro
 .bss.current   0x000000000380557c        0x1 build/src/main.o
                0x000000000380557c                current
 .bss.prev      0x000000000380557d        0x1 build/src/main.o
                0x000000000380557d                prev
 .bss.trayMovingBackAutomat
                0x000000000380557e        0x1 build/src/main.o
                0x000000000380557e                trayMovingBackAutomat
 *fill*         0x000000000380557f        0x1 
 .bss.distance2c
                0x0000000003805580        0x8 build/src/main.o
                0x0000000003805580                distance2c
 .bss.autonNum  0x0000000003805588        0x4 build/src/main.o
                0x0000000003805588                autonNum
 .bss.preAutonBool
                0x000000000380558c        0x1 build/src/main.o
                0x000000000380558c                preAutonBool
 *fill*         0x000000000380558d        0x3 
 .bss.autons    0x0000000003805590        0xc build/src/main.o
                0x0000000003805590                autons
 .bss.isBraking
                0x000000000380559c        0x1 build/src/main.o
                0x000000000380559c                isBraking
 *fill*         0x000000000380559d        0x3 
 .bss.__dso_handle
                0x00000000038055a0        0x4 /Applications/VEXcode V5 Text.app/Contents/Resources/sdk/vexv5/libv5rt.a(v5_startup.c.obj)
                0x00000000038055a0                __dso_handle
 .bss.lastTime.8314
                0x00000000038055a4        0x4 /Applications/VEXcode V5 Text.app/Contents/Resources/sdk/vexv5/libv5rt.a(v5_apijump.c.obj)
 .bss._ZN3vex5coastE
                0x00000000038055a8        0x4 /Applications/VEXcode V5 Text.app/Contents/Resources/sdk/vexv5/libv5rt.a(vex_global.cpp.obj)
                0x00000000038055a8                vex::coast
 .bss._ZN3vex3fwdE
                0x00000000038055ac        0x4 /Applications/VEXcode V5 Text.app/Contents/Resources/sdk/vexv5/libv5rt.a(vex_global.cpp.obj)
                0x00000000038055ac                vex::fwd
 .bss._ZN3vex3pctE
                0x00000000038055b0        0x4 /Applications/VEXcode V5 Text.app/Contents/Resources/sdk/vexv5/libv5rt.a(vex_global.cpp.obj)
                0x00000000038055b0                vex::pct
 .bss._ZN3vex4task8_labelIdE
                0x00000000038055b4        0x4 /Applications/VEXcode V5 Text.app/Contents/Resources/sdk/vexv5/libv5rt.a(vex_task.cpp.obj)
                0x00000000038055b4                vex::task::_labelId
 .bss._ZN3vex6thread8_labelIdE
                0x00000000038055b8        0x4 /Applications/VEXcode V5 Text.app/Contents/Resources/sdk/vexv5/libv5rt.a(vex_thread.cpp.obj)
                0x00000000038055b8                vex::thread::_labelId
 .bss._ZN3vex11competition22bStopTasksBetweenModesE
                0x00000000038055bc        0x1 /Applications/VEXcode V5 Text.app/Contents/Resources/sdk/vexv5/libv5rt.a(vex_competition.cpp.obj)
                0x00000000038055bc                vex::competition::bStopTasksBetweenModes
 .bss._ZN3vex11competition25bStopAllTasksBetweenModesE
                0x00000000038055bd        0x1 /Applications/VEXcode V5 Text.app/Contents/Resources/sdk/vexv5/libv5rt.a(vex_competition.cpp.obj)
                0x00000000038055bd                vex::competition::bStopAllTasksBetweenModes
 .bss._ZN3vex11competition14_auton_pendingE
                0x00000000038055be        0x1 /Applications/VEXcode V5 Text.app/Contents/Resources/sdk/vexv5/libv5rt.a(vex_competition.cpp.obj)
                0x00000000038055be                vex::competition::_auton_pending
 *fill*         0x00000000038055bf        0x1 
 .bss._ZN3vex11competition20_autonomous_callbackE
                0x00000000038055c0        0x4 /Applications/VEXcode V5 Text.app/Contents/Resources/sdk/vexv5/libv5rt.a(vex_competition.cpp.obj)
                0x00000000038055c0                vex::competition::_autonomous_callback
 .bss._ZN3vex11competition23_drivercontrol_callbackE
                0x00000000038055c4        0x4 /Applications/VEXcode V5 Text.app/Contents/Resources/sdk/vexv5/libv5rt.a(vex_competition.cpp.obj)
                0x00000000038055c4                vex::competition::_drivercontrol_callback
 .bss._ZN3vex11competition15_driver_pendingE
                0x00000000038055c8        0x1 /Applications/VEXcode V5 Text.app/Contents/Resources/sdk/vexv5/libv5rt.a(vex_competition.cpp.obj)
                0x00000000038055c8                vex::competition::_driver_pending
 .bss._ZStL8__ioinit
                0x00000000038055c9        0x1 /Applications/VEXcode V5 Text.app/Contents/Resources/sdk/vexv5/libv5rt.a(vex_triport.cpp.obj)
 *fill*         0x00000000038055ca        0x2 
 .bss._ZN3vex5color6orangeE
                0x00000000038055cc        0x8 /Applications/VEXcode V5 Text.app/Contents/Resources/sdk/vexv5/libv5rt.a(vex_color.cpp.obj)
                0x00000000038055cc                vex::color::orange
 .bss._ZN3vex5color5blackE
                0x00000000038055d4        0x8 /Applications/VEXcode V5 Text.app/Contents/Resources/sdk/vexv5/libv5rt.a(vex_color.cpp.obj)
                0x00000000038055d4                vex::color::black
 .bss._ZN3vex5color6yellowE
                0x00000000038055dc        0x8 /Applications/VEXcode V5 Text.app/Contents/Resources/sdk/vexv5/libv5rt.a(vex_color.cpp.obj)
                0x00000000038055dc                vex::color::yellow
 .bss._ZN3vex5color5greenE
                0x00000000038055e4        0x8 /Applications/VEXcode V5 Text.app/Contents/Resources/sdk/vexv5/libv5rt.a(vex_color.cpp.obj)
                0x00000000038055e4                vex::color::green
 .bss._ZN3vex5color6purpleE
                0x00000000038055ec        0x8 /Applications/VEXcode V5 Text.app/Contents/Resources/sdk/vexv5/libv5rt.a(vex_color.cpp.obj)
                0x00000000038055ec                vex::color::purple
 .bss._ZN3vex5color4cyanE
                0x00000000038055f4        0x8 /Applications/VEXcode V5 Text.app/Contents/Resources/sdk/vexv5/libv5rt.a(vex_color.cpp.obj)
                0x00000000038055f4                vex::color::cyan
 .bss._ZN3vex5color4blueE
                0x00000000038055fc        0x8 /Applications/VEXcode V5 Text.app/Contents/Resources/sdk/vexv5/libv5rt.a(vex_color.cpp.obj)
                0x00000000038055fc                vex::color::blue
 .bss._ZN3vex5color3redE
                0x0000000003805604        0x8 /Applications/VEXcode V5 Text.app/Contents/Resources/sdk/vexv5/libv5rt.a(vex_color.cpp.obj)
                0x0000000003805604                vex::color::red
 .bss._ZN3vex5color11transparentE
                0x000000000380560c        0x8 /Applications/VEXcode V5 Text.app/Contents/Resources/sdk/vexv5/libv5rt.a(vex_color.cpp.obj)
                0x000000000380560c                vex::color::transparent
 .bss._ZN3vex5color5whiteE
                0x0000000003805614        0x8 /Applications/VEXcode V5 Text.app/Contents/Resources/sdk/vexv5/libv5rt.a(vex_color.cpp.obj)
                0x0000000003805614                vex::color::white
 *(.gnu.linkonce.b.*)
 *(COMMON)
 COMMON         0x000000000380561c        0x1 /Applications/VEXcode V5 Text.app/Contents/Resources/sdk/vexv5/libv5rt.a(v5_startup.c.obj)
                0x000000000380561c                __vex_critical_section
                0x000000000380561d                __bss_end = .
                0x0000000003804f18                _SDA_BASE_ = (__sdata_start + ((__sbss_end - __sdata_start) / 0x2))
                0x0000000003804a84                _SDA2_BASE_ = (__sdata2_start + ((__sbss2_end - __sdata2_start) / 0x2))

.heap           0x000000000380561d   0x100003
                0x0000000003805620                . = ALIGN (0x10)
 *fill*         0x000000000380561d        0x3 
                0x0000000003805620                _heap = .
                0x0000000003805620                HeapBase = .
                0x0000000003805620                _heap_start = .
                0x0000000003905620                . = (. + _HEAP_SIZE)
 *fill*         0x0000000003805620   0x100000 
                0x0000000003905620                _heap_end = .
                0x0000000003905620                HeapLimit = .

.stack          0x0000000003905620     0x3800
                0x0000000003905620                . = ALIGN (0x10)
                0x0000000003905620                _stack_end = .
                0x0000000003907620                . = (. + _STACK_SIZE)
 *fill*         0x0000000003905620     0x2000 
                0x0000000003907620                . = ALIGN (0x10)
                0x0000000003907620                _stack = .
                0x0000000003907620                __stack = _stack
                0x0000000003907620                . = ALIGN (0x10)
                0x0000000003907620                _irq_stack_end = .
                0x0000000003907a20                . = (. + _IRQ_STACK_SIZE)
 *fill*         0x0000000003907620      0x400 
                0x0000000003907a20                . = ALIGN (0x10)
                0x0000000003907a20                __irq_stack = .
                0x0000000003907a20                _supervisor_stack_end = .
                0x0000000003908220                . = (. + _SUPERVISOR_STACK_SIZE)
 *fill*         0x0000000003907a20      0x800 
                0x0000000003908220                . = ALIGN (0x10)
                0x0000000003908220                __supervisor_stack = .
                0x0000000003908220                _abort_stack_end = .
                0x0000000003908620                . = (. + _ABORT_STACK_SIZE)
 *fill*         0x0000000003908220      0x400 
                0x0000000003908620                . = ALIGN (0x10)
                0x0000000003908620                __abort_stack = .
                0x0000000003908620                _fiq_stack_end = .
                0x0000000003908a20                . = (. + _FIQ_STACK_SIZE)
 *fill*         0x0000000003908620      0x400 
                0x0000000003908a20                . = ALIGN (0x10)
                0x0000000003908a20                __fiq_stack = .
                0x0000000003908a20                _undef_stack_end = .
                0x0000000003908e20                . = (. + _UNDEF_STACK_SIZE)
 *fill*         0x0000000003908a20      0x400 
                0x0000000003908e20                . = ALIGN (0x10)
                0x0000000003908e20                __undef_stack = .
                0x0000000003908e20                _end = .
LOAD /Applications/VEXcode V5 Text.app/Contents/Resources/sdk/vexv5/stdlib_0.lib
LOAD build/src/main.o
START GROUP
LOAD /Applications/VEXcode V5 Text.app/Contents/Resources/sdk/vexv5/libv5rt.a
LOAD /Applications/VEXcode V5 Text.app/Contents/Resources/sdk/vexv5/gcc/libs/libstdc++.a
LOAD /Applications/VEXcode V5 Text.app/Contents/Resources/sdk/vexv5/gcc/libs/libc.a
LOAD /Applications/VEXcode V5 Text.app/Contents/Resources/sdk/vexv5/gcc/libs/libm.a